Archive member included to satisfy reference by file (symbol)

d:/gcc-ar~1.10/102021~1.10/bin/../lib/gcc/arm-none-eabi/10.3.1/thumb/v7e-m+fp/hard\libgcc.a(_aeabi_uldivmod.o)
                              CMakeFiles/Master_H7.elf.dir/Drivers/STM32H7xx_HAL_Driver/Src/stm32h7xx_hal_uart.c.obj (__aeabi_uldivmod)
d:/gcc-ar~1.10/102021~1.10/bin/../lib/gcc/arm-none-eabi/10.3.1/thumb/v7e-m+fp/hard\libgcc.a(_udivmoddi4.o)
                              d:/gcc-ar~1.10/102021~1.10/bin/../lib/gcc/arm-none-eabi/10.3.1/thumb/v7e-m+fp/hard\libgcc.a(_aeabi_uldivmod.o) (__udivmoddi4)
d:/gcc-ar~1.10/102021~1.10/bin/../lib/gcc/arm-none-eabi/10.3.1/thumb/v7e-m+fp/hard\libgcc.a(_dvmd_tls.o)
                              d:/gcc-ar~1.10/102021~1.10/bin/../lib/gcc/arm-none-eabi/10.3.1/thumb/v7e-m+fp/hard\libgcc.a(_aeabi_uldivmod.o) (__aeabi_ldiv0)
d:/gcc-ar~1.10/102021~1.10/bin/../lib/gcc/arm-none-eabi/10.3.1/../../../../arm-none-eabi/lib/thumb/v7e-m+fp/hard\libg.a(lib_a-errno.o)
                              CMakeFiles/Master_H7.elf.dir/Core/Src/syscalls.c.obj (__errno)
d:/gcc-ar~1.10/102021~1.10/bin/../lib/gcc/arm-none-eabi/10.3.1/../../../../arm-none-eabi/lib/thumb/v7e-m+fp/hard\libg.a(lib_a-exit.o)
                              d:/gcc-ar~1.10/102021~1.10/bin/../lib/gcc/arm-none-eabi/10.3.1/../../../../arm-none-eabi/lib/thumb/v7e-m+fp/hard/crt0.o (exit)
d:/gcc-ar~1.10/102021~1.10/bin/../lib/gcc/arm-none-eabi/10.3.1/../../../../arm-none-eabi/lib/thumb/v7e-m+fp/hard\libg.a(lib_a-impure.o)
                              d:/gcc-ar~1.10/102021~1.10/bin/../lib/gcc/arm-none-eabi/10.3.1/../../../../arm-none-eabi/lib/thumb/v7e-m+fp/hard\libg.a(lib_a-exit.o) (_global_impure_ptr)
d:/gcc-ar~1.10/102021~1.10/bin/../lib/gcc/arm-none-eabi/10.3.1/../../../../arm-none-eabi/lib/thumb/v7e-m+fp/hard\libg.a(lib_a-init.o)
                              d:/gcc-ar~1.10/102021~1.10/bin/../lib/gcc/arm-none-eabi/10.3.1/../../../../arm-none-eabi/lib/thumb/v7e-m+fp/hard/crt0.o (__libc_init_array)
d:/gcc-ar~1.10/102021~1.10/bin/../lib/gcc/arm-none-eabi/10.3.1/../../../../arm-none-eabi/lib/thumb/v7e-m+fp/hard\libg.a(lib_a-memcpy.o)
                              CMakeFiles/Master_H7.elf.dir/Drivers/STM32H7xx_HAL_Driver/Src/stm32h7xx_hal_fdcan.c.obj (memcpy)
d:/gcc-ar~1.10/102021~1.10/bin/../lib/gcc/arm-none-eabi/10.3.1/../../../../arm-none-eabi/lib/thumb/v7e-m+fp/hard\libg.a(lib_a-memset.o)
                              d:/gcc-ar~1.10/102021~1.10/bin/../lib/gcc/arm-none-eabi/10.3.1/../../../../arm-none-eabi/lib/thumb/v7e-m+fp/hard/crt0.o (memset)
d:/gcc-ar~1.10/102021~1.10/bin/../lib/gcc/arm-none-eabi/10.3.1/../../../../arm-none-eabi/lib/thumb/v7e-m+fp/hard\libg.a(lib_a-setvbuf.o)
                              CMakeFiles/Master_H7.elf.dir/Drivers/BSP/bsp_retarget.c.obj (setvbuf)
d:/gcc-ar~1.10/102021~1.10/bin/../lib/gcc/arm-none-eabi/10.3.1/../../../../arm-none-eabi/lib/thumb/v7e-m+fp/hard\libg.a(lib_a-__call_atexit.o)
                              d:/gcc-ar~1.10/102021~1.10/bin/../lib/gcc/arm-none-eabi/10.3.1/../../../../arm-none-eabi/lib/thumb/v7e-m+fp/hard\libg.a(lib_a-exit.o) (__call_exitprocs)
d:/gcc-ar~1.10/102021~1.10/bin/../lib/gcc/arm-none-eabi/10.3.1/../../../../arm-none-eabi/lib/thumb/v7e-m+fp/hard\libg.a(lib_a-atexit.o)
                              d:/gcc-ar~1.10/102021~1.10/bin/../lib/gcc/arm-none-eabi/10.3.1/../../../../arm-none-eabi/lib/thumb/v7e-m+fp/hard\libg.a(lib_a-__call_atexit.o) (atexit)
d:/gcc-ar~1.10/102021~1.10/bin/../lib/gcc/arm-none-eabi/10.3.1/../../../../arm-none-eabi/lib/thumb/v7e-m+fp/hard\libg.a(lib_a-fflush.o)
                              d:/gcc-ar~1.10/102021~1.10/bin/../lib/gcc/arm-none-eabi/10.3.1/../../../../arm-none-eabi/lib/thumb/v7e-m+fp/hard\libg.a(lib_a-setvbuf.o) (_fflush_r)
d:/gcc-ar~1.10/102021~1.10/bin/../lib/gcc/arm-none-eabi/10.3.1/../../../../arm-none-eabi/lib/thumb/v7e-m+fp/hard\libg.a(lib_a-findfp.o)
                              d:/gcc-ar~1.10/102021~1.10/bin/../lib/gcc/arm-none-eabi/10.3.1/../../../../arm-none-eabi/lib/thumb/v7e-m+fp/hard\libg.a(lib_a-setvbuf.o) (__sinit)
d:/gcc-ar~1.10/102021~1.10/bin/../lib/gcc/arm-none-eabi/10.3.1/../../../../arm-none-eabi/lib/thumb/v7e-m+fp/hard\libg.a(lib_a-fini.o)
                              d:/gcc-ar~1.10/102021~1.10/bin/../lib/gcc/arm-none-eabi/10.3.1/../../../../arm-none-eabi/lib/thumb/v7e-m+fp/hard\libg.a(lib_a-__call_atexit.o) (__libc_fini_array)
d:/gcc-ar~1.10/102021~1.10/bin/../lib/gcc/arm-none-eabi/10.3.1/../../../../arm-none-eabi/lib/thumb/v7e-m+fp/hard\libg.a(lib_a-freer.o)
                              d:/gcc-ar~1.10/102021~1.10/bin/../lib/gcc/arm-none-eabi/10.3.1/../../../../arm-none-eabi/lib/thumb/v7e-m+fp/hard\libg.a(lib_a-setvbuf.o) (_free_r)
d:/gcc-ar~1.10/102021~1.10/bin/../lib/gcc/arm-none-eabi/10.3.1/../../../../arm-none-eabi/lib/thumb/v7e-m+fp/hard\libg.a(lib_a-fwalk.o)
                              d:/gcc-ar~1.10/102021~1.10/bin/../lib/gcc/arm-none-eabi/10.3.1/../../../../arm-none-eabi/lib/thumb/v7e-m+fp/hard\libg.a(lib_a-findfp.o) (_fwalk)
[...]
Memory Configuration

Name             Origin             Length             Attributes
ITCMRAM          0x00000000         0x00010000         xrw
DTCMRAM          0x20000000         0x00020000         xrw
FLASH            0x08000000         0x00100000         xr
RAM_D1           0x24000000         0x00050000         xrw
RAM_D2           0x30000000         0x00008000         xrw
RAM_D3           0x38000000         0x00004000         xrw
*default*        0x00000000         0xffffffff

Linker script and memory map

LOAD d:/gcc-ar~1.10/102021~1.10/bin/../lib/gcc/arm-none-eabi/10.3.1/thumb/v7e-m+fp/hard/crti.o
LOAD d:/gcc-ar~1.10/102021~1.10/bin/../lib/gcc/arm-none-eabi/10.3.1/thumb/v7e-m+fp/hard/crtbegin.o
LOAD d:/gcc-ar~1.10/102021~1.10/bin/../lib/gcc/arm-none-eabi/10.3.1/../../../../arm-none-eabi/lib/thumb/v7e-m+fp/hard/crt0.o
LOAD CMakeFiles/Master_H7.elf.dir/Core/Src/fdcan.c.obj
LOAD CMakeFiles/Master_H7.elf.dir/Core/Src/gpio.c.obj
LOAD CMakeFiles/Master_H7.elf.dir/Core/Src/main.c.obj
LOAD CMakeFiles/Master_H7.elf.dir/Core/Src/stm32h7xx_hal_msp.c.obj
LOAD CMakeFiles/Master_H7.elf.dir/Core/Src/stm32h7xx_it.c.obj
LOAD CMakeFiles/Master_H7.elf.dir/Core/Src/syscalls.c.obj
LOAD CMakeFiles/Master_H7.elf.dir/Core/Src/sysmem.c.obj
LOAD CMakeFiles/Master_H7.elf.dir/Core/Src/system_stm32h7xx.c.obj
LOAD CMakeFiles/Master_H7.elf.dir/Core/Src/usart.c.obj
LOAD CMakeFiles/Master_H7.elf.dir/Core/Startup/startup_stm32h723vgtx.s.obj
LOAD CMakeFiles/Master_H7.elf.dir/Drivers/BSP/bsp_can.c.obj
LOAD CMakeFiles/Master_H7.elf.dir/Drivers/BSP/bsp_retarget.c.obj
LOAD CMakeFiles/Master_H7.elf.dir/Drivers/STM32H7xx_HAL_Driver/Src/stm32h7xx_hal.c.obj
LOAD CMakeFiles/Master_H7.elf.dir/Drivers/STM32H7xx_HAL_Driver/Src/stm32h7xx_hal_cortex.c.obj
LOAD CMakeFiles/Master_H7.elf.dir/Drivers/STM32H7xx_HAL_Driver/Src/stm32h7xx_hal_dma.c.obj
LOAD CMakeFiles/Master_H7.elf.dir/Drivers/STM32H7xx_HAL_Driver/Src/stm32h7xx_hal_dma_ex.c.obj
LOAD CMakeFiles/Master_H7.elf.dir/Drivers/STM32H7xx_HAL_Driver/Src/stm32h7xx_hal_exti.c.obj
LOAD CMakeFiles/Master_H7.elf.dir/Drivers/STM32H7xx_HAL_Driver/Src/stm32h7xx_hal_fdcan.c.obj
LOAD CMakeFiles/Master_H7.elf.dir/Drivers/STM32H7xx_HAL_Driver/Src/stm32h7xx_hal_flash.c.obj
LOAD CMakeFiles/Master_H7.elf.dir/Drivers/STM32H7xx_HAL_Driver/Src/stm32h7xx_hal_flash_ex.c.obj
LOAD CMakeFiles/Master_H7.elf.dir/Drivers/STM32H7xx_HAL_Driver/Src/stm32h7xx_hal_gpio.c.obj
LOAD CMakeFiles/Master_H7.elf.dir/Drivers/STM32H7xx_HAL_Driver/Src/stm32h7xx_hal_hsem.c.obj
LOAD CMakeFiles/Master_H7.elf.dir/Drivers/STM32H7xx_HAL_Driver/Src/stm32h7xx_hal_i2c.c.obj
LOAD CMakeFiles/Master_H7.elf.dir/Drivers/STM32H7xx_HAL_Driver/Src/stm32h7xx_hal_i2c_ex.c.obj
LOAD CMakeFiles/Master_H7.elf.dir/Drivers/STM32H7xx_HAL_Driver/Src/stm32h7xx_hal_mdma.c.obj
LOAD CMakeFiles/Master_H7.elf.dir/Drivers/STM32H7xx_HAL_Driver/Src/stm32h7xx_hal_pcd.c.obj
LOAD CMakeFiles/Master_H7.elf.dir/Drivers/STM32H7xx_HAL_Driver/Src/stm32h7xx_hal_pcd_ex.c.obj
LOAD CMakeFiles/Master_H7.elf.dir/Drivers/STM32H7xx_HAL_Driver/Src/stm32h7xx_hal_pwr.c.obj
LOAD CMakeFiles/Master_H7.elf.dir/Drivers/STM32H7xx_HAL_Driver/Src/stm32h7xx_hal_pwr_ex.c.obj
LOAD CMakeFiles/Master_H7.elf.dir/Drivers/STM32H7xx_HAL_Driver/Src/stm32h7xx_hal_rcc.c.obj
LOAD CMakeFiles/Master_H7.elf.dir/Drivers/STM32H7xx_HAL_Driver/Src/stm32h7xx_hal_rcc_ex.c.obj
LOAD CMakeFiles/Master_H7.elf.dir/Drivers/STM32H7xx_HAL_Driver/Src/stm32h7xx_hal_tim.c.obj
LOAD CMakeFiles/Master_H7.elf.dir/Drivers/STM32H7xx_HAL_Driver/Src/stm32h7xx_hal_tim_ex.c.obj
LOAD CMakeFiles/Master_H7.elf.dir/Drivers/STM32H7xx_HAL_Driver/Src/stm32h7xx_hal_uart.c.obj
LOAD CMakeFiles/Master_H7.elf.dir/Drivers/STM32H7xx_HAL_Driver/Src/stm32h7xx_hal_uart_ex.c.obj
LOAD CMakeFiles/Master_H7.elf.dir/Drivers/STM32H7xx_HAL_Driver/Src/stm32h7xx_ll_usb.c.obj
LOAD CMakeFiles/Master_H7.elf.dir/Middlewares/ST/STM32_USB_Device_Library/Class/CDC/Src/usbd_cdc.c.obj
LOAD CMakeFiles/Master_H7.elf.dir/Middlewares/ST/STM32_USB_Device_Library/Core/Src/usbd_core.c.obj
LOAD CMakeFiles/Master_H7.elf.dir/Middlewares/ST/STM32_USB_Device_Library/Core/Src/usbd_ctlreq.c.obj
LOAD CMakeFiles/Master_H7.elf.dir/Middlewares/ST/STM32_USB_Device_Library/Core/Src/usbd_ioreq.c.obj
LOAD CMakeFiles/Master_H7.elf.dir/USB_DEVICE/App/usb_device.c.obj
LOAD CMakeFiles/Master_H7.elf.dir/USB_DEVICE/App/usbd_cdc_if.c.obj
LOAD CMakeFiles/Master_H7.elf.dir/USB_DEVICE/App/usbd_desc.c.obj
LOAD CMakeFiles/Master_H7.elf.dir/USB_DEVICE/Target/usbd_conf.c.obj
LOAD CMakeFiles/Master_H7.elf.dir/UserApp/slowStart.c.obj
START GROUP
LOAD d:/gcc-ar~1.10/102021~1.10/bin/../lib/gcc/arm-none-eabi/10.3.1/thumb/v7e-m+fp/hard\libgcc.a
LOAD d:/gcc-ar~1.10/102021~1.10/bin/../lib/gcc/arm-none-eabi/10.3.1/../../../../arm-none-eabi/lib/thumb/v7e-m+fp/hard\libg.a
LOAD d:/gcc-ar~1.10/102021~1.10/bin/../lib/gcc/arm-none-eabi/10.3.1/../../../../arm-none-eabi/lib/thumb/v7e-m+fp/hard\libc.a
END GROUP
LOAD d:/gcc-ar~1.10/102021~1.10/bin/../lib/gcc/arm-none-eabi/10.3.1/thumb/v7e-m+fp/hard/crtend.o
LOAD d:/gcc-ar~1.10/102021~1.10/bin/../lib/gcc/arm-none-eabi/10.3.1/thumb/v7e-m+fp/hard/crtn.o
                0x24050000                _estack = (ORIGIN (RAM_D1) + LENGTH (RAM_D1))
                0x00000200                _Min_Heap_Size = 0x200
                0x00000400                _Min_Stack_Size = 0x400

.isr_vector     0x08000000      0x2cc
                0x08000000                . = ALIGN (0x4)
 *(.isr_vector)
 .isr_vector    0x08000000      0x2cc CMakeFiles/Master_H7.elf.dir/Core/Startup/startup_stm32h723vgtx.s.obj
                0x08000000                g_pfnVectors
                0x080002cc                . = ALIGN (0x4)

.text           0x080002cc     0x7054
                0x080002cc                . = ALIGN (0x4)
 *(.text)
 .text          0x080002cc       0x40 d:/gcc-ar~1.10/102021~1.10/bin/../lib/gcc/arm-none-eabi/10.3.1/thumb/v7e-m+fp/hard/crtbegin.o
 .text          0x0800030c       0x30 d:/gcc-ar~1.10/102021~1.10/bin/../lib/gcc/arm-none-eabi/10.3.1/thumb/v7e-m+fp/hard\libgcc.a(_aeabi_uldivmod.o)
                0x0800030c                __aeabi_uldivmod
 .text          0x0800033c      0x2d0 d:/gcc-ar~1.10/102021~1.10/bin/../lib/gcc/arm-none-eabi/10.3.1/thumb/v7e-m+fp/hard\libgcc.a(_udivmoddi4.o)
                0x0800033c                __udivmoddi4
 .text          0x0800060c        0x4 d:/gcc-ar~1.10/102021~1.10/bin/../lib/gcc/arm-none-eabi/10.3.1/thumb/v7e-m+fp/hard\libgcc.a(_dvmd_tls.o)
                0x0800060c                __aeabi_idiv0
                0x0800060c                __aeabi_ldiv0
 .text          0x08000610      0x134 d:/gcc-ar~1.10/102021~1.10/bin/../lib/gcc/arm-none-eabi/10.3.1/../../../../arm-none-eabi/lib/thumb/v7e-m+fp/hard\libg.a(lib_a-memcpy.o)
                0x08000610                memcpy
 *(.text*)
 .text.MX_FDCAN1_Init
                0x08000744       0x64 CMakeFiles/Master_H7.elf.dir/Core/Src/fdcan.c.obj
                0x08000744                MX_FDCAN1_Init
 .text.HAL_FDCAN_MspInit
                0x080007a8       0xc4 CMakeFiles/Master_H7.elf.dir/Core/Src/fdcan.c.obj
                0x080007a8                HAL_FDCAN_MspInit
 .text.MX_GPIO_Init
                0x0800086c       0x54 CMakeFiles/Master_H7.elf.dir/Core/Src/gpio.c.obj
                0x0800086c                MX_GPIO_Init
 .text.Error_Handler
                0x080008c0        0x4 CMakeFiles/Master_H7.elf.dir/Core/Src/main.c.obj
                0x080008c0                Error_Handler
 .text.SystemClock_Config
                0x080008c4       0xc0 CMakeFiles/Master_H7.elf.dir/Core/Src/main.c.obj
                0x080008c4                SystemClock_Config
 .text.main     0x08000984       0x2c CMakeFiles/Master_H7.elf.dir/Core/Src/main.c.obj
                0x08000984                main
 .text.HAL_MspInit
                0x080009b0       0x24 CMakeFiles/Master_H7.elf.dir/Core/Src/stm32h7xx_hal_msp.c.obj
                0x080009b0                HAL_MspInit
 .text.NMI_Handler
                0x080009d4        0x2 CMakeFiles/Master_H7.elf.dir/Core/Src/stm32h7xx_it.c.obj
                0x080009d4                NMI_Handler
 .text.HardFault_Handler
                0x080009d6        0x2 CMakeFiles/Master_H7.elf.dir/Core/Src/stm32h7xx_it.c.obj
                0x080009d6                HardFault_Handler
 .text.MemManage_Handler
                0x080009d8        0x2 CMakeFiles/Master_H7.elf.dir/Core/Src/stm32h7xx_it.c.obj
                0x080009d8                MemManage_Handler
 .text.BusFault_Handler
                0x080009da        0x2 CMakeFiles/Master_H7.elf.dir/Core/Src/stm32h7xx_it.c.obj
                0x080009da                BusFault_Handler
 .text.UsageFault_Handler
                0x080009dc        0x2 CMakeFiles/Master_H7.elf.dir/Core/Src/stm32h7xx_it.c.obj
                0x080009dc                UsageFault_Handler
 .text.SVC_Handler
                0x080009de        0x2 CMakeFiles/Master_H7.elf.dir/Core/Src/stm32h7xx_it.c.obj
                0x080009de                SVC_Handler
 .text.DebugMon_Handler
                0x080009e0        0x2 CMakeFiles/Master_H7.elf.dir/Core/Src/stm32h7xx_it.c.obj
                0x080009e0                DebugMon_Handler
 .text.PendSV_Handler
                0x080009e2        0x2 CMakeFiles/Master_H7.elf.dir/Core/Src/stm32h7xx_it.c.obj
                0x080009e2                PendSV_Handler
 .text.SysTick_Handler
                0x080009e4        0x8 CMakeFiles/Master_H7.elf.dir/Core/Src/stm32h7xx_it.c.obj
                0x080009e4                SysTick_Handler
 .text.FDCAN1_IT0_IRQHandler
                0x080009ec       0x10 CMakeFiles/Master_H7.elf.dir/Core/Src/stm32h7xx_it.c.obj
                0x080009ec                FDCAN1_IT0_IRQHandler
 .text.OTG_HS_IRQHandler
                0x080009fc       0x10 CMakeFiles/Master_H7.elf.dir/Core/Src/stm32h7xx_it.c.obj
                0x080009fc                OTG_HS_IRQHandler
 .text.SystemInit
                0x08000a0c       0xac CMakeFiles/Master_H7.elf.dir/Core/Src/system_stm32h7xx.c.obj
                0x08000a0c                SystemInit
 .text.MX_USART1_UART_Init
                0x08000ab8       0x68 CMakeFiles/Master_H7.elf.dir/Core/Src/usart.c.obj
                0x08000ab8                MX_USART1_UART_Init
 .text.HAL_UART_MspInit
                0x08000b20       0x98 CMakeFiles/Master_H7.elf.dir/Core/Src/usart.c.obj
                0x08000b20                HAL_UART_MspInit
 .text.Reset_Handler
                0x08000bb8       0x50 CMakeFiles/Master_H7.elf.dir/Core/Startup/startup_stm32h723vgtx.s.obj
                0x08000bb8                Reset_Handler
 .text.Default_Handler
                0x08000c08        0x2 CMakeFiles/Master_H7.elf.dir/Core/Startup/startup_stm32h723vgtx.s.obj
                0x08000c08                RTC_Alarm_IRQHandler
                0x08000c08                EXTI2_IRQHandler
                0x08000c08                TIM8_CC_IRQHandler
                0x08000c08                UART8_IRQHandler
                0x08000c08                SPI4_IRQHandler
                0x08000c08                FDCAN3_IT0_IRQHandler
                0x08000c08                TIM1_CC_IRQHandler
                0x08000c08                BDMA_Channel6_IRQHandler
                0x08000c08                DMA2_Stream5_IRQHandler
                0x08000c08                DMA1_Stream5_IRQHandler
                0x08000c08                CORDIC_IRQHandler
                0x08000c08                BDMA_Channel1_IRQHandler
                0x08000c08                TAMP_STAMP_IRQHandler
                0x08000c08                EXTI3_IRQHandler
                0x08000c08                LPTIM4_IRQHandler
                0x08000c08                TIM8_TRG_COM_TIM14_IRQHandler
                0x08000c08                LPTIM2_IRQHandler
                0x08000c08                DFSDM1_FLT1_IRQHandler
                0x08000c08                DMAMUX2_OVR_IRQHandler
                0x08000c08                TIM8_UP_TIM13_IRQHandler
                0x08000c08                I2C3_ER_IRQHandler
                0x08000c08                DFSDM1_FLT2_IRQHandler
                0x08000c08                I2C5_EV_IRQHandler
                0x08000c08                USART10_IRQHandler
                0x08000c08                MDMA_IRQHandler
                0x08000c08                LPTIM3_IRQHandler
                0x08000c08                HSEM1_IRQHandler
                0x08000c08                EXTI0_IRQHandler
                0x08000c08                I2C2_EV_IRQHandler
                0x08000c08                DMA1_Stream2_IRQHandler
                0x08000c08                FPU_IRQHandler
                0x08000c08                OTG_HS_WKUP_IRQHandler
                0x08000c08                FDCAN1_IT1_IRQHandler
                0x08000c08                LTDC_ER_IRQHandler
                0x08000c08                DMA2_Stream2_IRQHandler
                0x08000c08                SPI1_IRQHandler
                0x08000c08                OCTOSPI1_IRQHandler
                0x08000c08                TIM6_DAC_IRQHandler
                0x08000c08                DMA2_Stream3_IRQHandler
                0x08000c08                OCTOSPI2_IRQHandler
                0x08000c08                DFSDM1_FLT3_IRQHandler
                0x08000c08                TIM23_IRQHandler
                0x08000c08                USART6_IRQHandler
                0x08000c08                TIM17_IRQHandler
                0x08000c08                USART3_IRQHandler
                0x08000c08                BDMA_Channel7_IRQHandler
                0x08000c08                LPTIM5_IRQHandler
                0x08000c08                UART5_IRQHandler
                0x08000c08                ADC3_IRQHandler
                0x08000c08                DMA2_Stream0_IRQHandler
                0x08000c08                TIM4_IRQHandler
                0x08000c08                BDMA_Channel2_IRQHandler
                0x08000c08                I2C1_EV_IRQHandler
                0x08000c08                DMA1_Stream6_IRQHandler
                0x08000c08                DMAMUX1_OVR_IRQHandler
                0x08000c08                DMA1_Stream1_IRQHandler
                0x08000c08                TIM16_IRQHandler
                0x08000c08                UART4_IRQHandler
                0x08000c08                BDMA_Channel5_IRQHandler
                0x08000c08                TIM3_IRQHandler
                0x08000c08                RCC_IRQHandler
                0x08000c08                UART9_IRQHandler
                0x08000c08                TIM8_BRK_TIM12_IRQHandler
                0x08000c08                TIM1_TRG_COM_IRQHandler
                0x08000c08                Default_Handler
                0x08000c08                ECC_IRQHandler
                0x08000c08                FMAC_IRQHandler
                0x08000c08                CEC_IRQHandler
                0x08000c08                EXTI15_10_IRQHandler
                0x08000c08                BDMA_Channel0_IRQHandler
                0x08000c08                ADC_IRQHandler
                0x08000c08                I2C5_ER_IRQHandler
                0x08000c08                DMA1_Stream7_IRQHandler
                0x08000c08                SPI5_IRQHandler
                0x08000c08                TIM7_IRQHandler
                0x08000c08                FDCAN3_IT1_IRQHandler
                0x08000c08                SDMMC1_IRQHandler
                0x08000c08                TIM5_IRQHandler
                0x08000c08                DMA2_Stream7_IRQHandler
                0x08000c08                TIM15_IRQHandler
                0x08000c08                PVD_AVD_IRQHandler
                0x08000c08                I2C3_EV_IRQHandler
                0x08000c08                EXTI9_5_IRQHandler
                0x08000c08                RTC_WKUP_IRQHandler
                0x08000c08                LTDC_IRQHandler
                0x08000c08                ETH_WKUP_IRQHandler
                0x08000c08                SPDIF_RX_IRQHandler
                0x08000c08                SPI2_IRQHandler
                0x08000c08                OTG_HS_EP1_IN_IRQHandler
                0x08000c08                DMA1_Stream0_IRQHandler
                0x08000c08                TIM24_IRQHandler
                0x08000c08                CRS_IRQHandler
                0x08000c08                EXTI4_IRQHandler
                0x08000c08                RNG_IRQHandler
                0x08000c08                FDCAN2_IT1_IRQHandler
                0x08000c08                ETH_IRQHandler
                0x08000c08                TIM1_UP_IRQHandler
                0x08000c08                BDMA_Channel4_IRQHandler
                0x08000c08                OTG_HS_EP1_OUT_IRQHandler
                0x08000c08                WWDG_IRQHandler
                0x08000c08                SPI6_IRQHandler
                0x08000c08                MDIOS_IRQHandler
                0x08000c08                I2C4_EV_IRQHandler
                0x08000c08                FDCAN2_IT0_IRQHandler
                0x08000c08                LPUART1_IRQHandler
                0x08000c08                TIM2_IRQHandler
                0x08000c08                DMA2D_IRQHandler
                0x08000c08                TIM1_BRK_IRQHandler
                0x08000c08                EXTI1_IRQHandler
                0x08000c08                SDMMC2_IRQHandler
                0x08000c08                BDMA_Channel3_IRQHandler
                0x08000c08                DTS_IRQHandler
                0x08000c08                UART7_IRQHandler
                0x08000c08                MDIOS_WKUP_IRQHandler
                0x08000c08                USART2_IRQHandler
                0x08000c08                DFSDM1_FLT0_IRQHandler
                0x08000c08                SAI4_IRQHandler
                0x08000c08                I2C2_ER_IRQHandler
                0x08000c08                DMA2_Stream1_IRQHandler
                0x08000c08                FLASH_IRQHandler
                0x08000c08                DMA2_Stream4_IRQHandler
                0x08000c08                USART1_IRQHandler
                0x08000c08                SPI3_IRQHandler
                0x08000c08                WAKEUP_PIN_IRQHandler
                0x08000c08                DMA1_Stream4_IRQHandler
                0x08000c08                I2C1_ER_IRQHandler
                0x08000c08                FMC_IRQHandler
                0x08000c08                FDCAN_CAL_IRQHandler
                0x08000c08                SWPMI1_IRQHandler
                0x08000c08                COMP1_IRQHandler
                0x08000c08                LPTIM1_IRQHandler
                0x08000c08                DCMI_PSSI_IRQHandler
                0x08000c08                I2C4_ER_IRQHandler
                0x08000c08                DMA2_Stream6_IRQHandler
                0x08000c08                SAI1_IRQHandler
                0x08000c08                DMA1_Stream3_IRQHandler
 *fill*         0x08000c0a        0x2 
 .text.fdcan_init
                0x08000c0c       0x68 CMakeFiles/Master_H7.elf.dir/Drivers/BSP/bsp_can.c.obj
                0x08000c0c                fdcan_init
 .text.fdcan_send_msg
                0x08000c74       0x2c CMakeFiles/Master_H7.elf.dir/Drivers/BSP/bsp_can.c.obj
                0x08000c74                fdcan_send_msg
 .text.fdcan1_fifo0_cb
                0x08000ca0        0x2 CMakeFiles/Master_H7.elf.dir/Drivers/BSP/bsp_can.c.obj
                0x08000ca0                fdcan1_fifo0_cb
 *fill*         0x08000ca2        0x2 
 .text.HAL_FDCAN_RxFifo0Callback
                0x08000ca4       0x4c CMakeFiles/Master_H7.elf.dir/Drivers/BSP/bsp_can.c.obj
                0x08000ca4                HAL_FDCAN_RxFifo0Callback
 .text.fdcan1_fifo1_cb
                0x08000cf0        0x2 CMakeFiles/Master_H7.elf.dir/Drivers/BSP/bsp_can.c.obj
                0x08000cf0                fdcan1_fifo1_cb
 *fill*         0x08000cf2        0x2 
 .text.HAL_FDCAN_RxFifo1Callback
                0x08000cf4       0x4c CMakeFiles/Master_H7.elf.dir/Drivers/BSP/bsp_can.c.obj
                0x08000cf4                HAL_FDCAN_RxFifo1Callback
 .text.HAL_InitTick
                0x08000d40       0x50 CMakeFiles/Master_H7.elf.dir/Drivers/STM32H7xx_HAL_Driver/Src/stm32h7xx_hal.c.obj
                0x08000d40                HAL_InitTick
 .text.HAL_Init
                0x08000d90       0x5c CMakeFiles/Master_H7.elf.dir/Drivers/STM32H7xx_HAL_Driver/Src/stm32h7xx_hal.c.obj
                0x08000d90                HAL_Init
 .text.HAL_IncTick
                0x08000dec       0x18 CMakeFiles/Master_H7.elf.dir/Drivers/STM32H7xx_HAL_Driver/Src/stm32h7xx_hal.c.obj
                0x08000dec                HAL_IncTick
 .text.HAL_GetTick
                0x08000e04        0xc CMakeFiles/Master_H7.elf.dir/Drivers/STM32H7xx_HAL_Driver/Src/stm32h7xx_hal.c.obj
                0x08000e04                HAL_GetTick
 .text.HAL_Delay
                0x08000e10       0x28 CMakeFiles/Master_H7.elf.dir/Drivers/STM32H7xx_HAL_Driver/Src/stm32h7xx_hal.c.obj
                0x08000e10                HAL_Delay
 .text.HAL_NVIC_SetPriorityGrouping
                0x08000e38       0x24 CMakeFiles/Master_H7.elf.dir/Drivers/STM32H7xx_HAL_Driver/Src/stm32h7xx_hal_cortex.c.obj
                0x08000e38                HAL_NVIC_SetPriorityGrouping
 .text.HAL_NVIC_SetPriority
                0x08000e5c       0x6c CMakeFiles/Master_H7.elf.dir/Drivers/STM32H7xx_HAL_Driver/Src/stm32h7xx_hal_cortex.c.obj
                0x08000e5c                HAL_NVIC_SetPriority
 .text.HAL_NVIC_EnableIRQ
                0x08000ec8       0x1c CMakeFiles/Master_H7.elf.dir/Drivers/STM32H7xx_HAL_Driver/Src/stm32h7xx_hal_cortex.c.obj
                0x08000ec8                HAL_NVIC_EnableIRQ
 .text.HAL_SYSTICK_Config
                0x08000ee4       0x28 CMakeFiles/Master_H7.elf.dir/Drivers/STM32H7xx_HAL_Driver/Src/stm32h7xx_hal_cortex.c.obj
                0x08000ee4                HAL_SYSTICK_Config
 .text.FDCAN_CalcultateRamBlockAddresses
                0x08000f0c      0x1d4 CMakeFiles/Master_H7.elf.dir/Drivers/STM32H7xx_HAL_Driver/Src/stm32h7xx_hal_fdcan.c.obj
 .text.FDCAN_CopyMessageToRAM
                0x080010e0       0x8c CMakeFiles/Master_H7.elf.dir/Drivers/STM32H7xx_HAL_Driver/Src/stm32h7xx_hal_fdcan.c.obj
 .text.HAL_FDCAN_Init
                0x0800116c      0x294 CMakeFiles/Master_H7.elf.dir/Drivers/STM32H7xx_HAL_Driver/Src/stm32h7xx_hal_fdcan.c.obj
                0x0800116c                HAL_FDCAN_Init
 .text.HAL_FDCAN_ConfigFilter
                0x08001400       0x88 CMakeFiles/Master_H7.elf.dir/Drivers/STM32H7xx_HAL_Driver/Src/stm32h7xx_hal_fdcan.c.obj
                0x08001400                HAL_FDCAN_ConfigFilter
 .text.HAL_FDCAN_ConfigGlobalFilter
                0x08001488       0x36 CMakeFiles/Master_H7.elf.dir/Drivers/STM32H7xx_HAL_Driver/Src/stm32h7xx_hal_fdcan.c.obj
                0x08001488                HAL_FDCAN_ConfigGlobalFilter
 .text.HAL_FDCAN_Start
                0x080014be       0x34 CMakeFiles/Master_H7.elf.dir/Drivers/STM32H7xx_HAL_Driver/Src/stm32h7xx_hal_fdcan.c.obj
                0x080014be                HAL_FDCAN_Start
 .text.HAL_FDCAN_AddMessageToTxFifoQ
                0x080014f2       0x76 CMakeFiles/Master_H7.elf.dir/Drivers/STM32H7xx_HAL_Driver/Src/stm32h7xx_hal_fdcan.c.obj
                0x080014f2                HAL_FDCAN_AddMessageToTxFifoQ
 .text.HAL_FDCAN_GetRxMessage
                0x08001568      0x1e8 CMakeFiles/Master_H7.elf.dir/Drivers/STM32H7xx_HAL_Driver/Src/stm32h7xx_hal_fdcan.c.obj
                0x08001568                HAL_FDCAN_GetRxMessage
 .text.HAL_FDCAN_ActivateNotification
                0x08001750       0x90 CMakeFiles/Master_H7.elf.dir/Drivers/STM32H7xx_HAL_Driver/Src/stm32h7xx_hal_fdcan.c.obj
                0x08001750                HAL_FDCAN_ActivateNotification
 .text.HAL_FDCAN_ClockCalibrationCallback
                0x080017e0        0x2 CMakeFiles/Master_H7.elf.dir/Drivers/STM32H7xx_HAL_Driver/Src/stm32h7xx_hal_fdcan.c.obj
                0x080017e0                HAL_FDCAN_ClockCalibrationCallback
 .text.HAL_FDCAN_TxEventFifoCallback
                0x080017e2        0x2 CMakeFiles/Master_H7.elf.dir/Drivers/STM32H7xx_HAL_Driver/Src/stm32h7xx_hal_fdcan.c.obj
                0x080017e2                HAL_FDCAN_TxEventFifoCallback
 .text.HAL_FDCAN_TxFifoEmptyCallback
                0x080017e4        0x2 CMakeFiles/Master_H7.elf.dir/Drivers/STM32H7xx_HAL_Driver/Src/stm32h7xx_hal_fdcan.c.obj
                0x080017e4                HAL_FDCAN_TxFifoEmptyCallback
 .text.HAL_FDCAN_TxBufferCompleteCallback
                0x080017e6        0x2 CMakeFiles/Master_H7.elf.dir/Drivers/STM32H7xx_HAL_Driver/Src/stm32h7xx_hal_fdcan.c.obj
                0x080017e6                HAL_FDCAN_TxBufferCompleteCallback
 .text.HAL_FDCAN_TxBufferAbortCallback
                0x080017e8        0x2 CMakeFiles/Master_H7.elf.dir/Drivers/STM32H7xx_HAL_Driver/Src/stm32h7xx_hal_fdcan.c.obj
                0x080017e8                HAL_FDCAN_TxBufferAbortCallback
 .text.HAL_FDCAN_RxBufferNewMessageCallback
                0x080017ea        0x2 CMakeFiles/Master_H7.elf.dir/Drivers/STM32H7xx_HAL_Driver/Src/stm32h7xx_hal_fdcan.c.obj
                0x080017ea                HAL_FDCAN_RxBufferNewMessageCallback
 .text.HAL_FDCAN_TimestampWraparoundCallback
                0x080017ec        0x2 CMakeFiles/Master_H7.elf.dir/Drivers/STM32H7xx_HAL_Driver/Src/stm32h7xx_hal_fdcan.c.obj
                0x080017ec                HAL_FDCAN_TimestampWraparoundCallback
 .text.HAL_FDCAN_TimeoutOccurredCallback
                0x080017ee        0x2 CMakeFiles/Master_H7.elf.dir/Drivers/STM32H7xx_HAL_Driver/Src/stm32h7xx_hal_fdcan.c.obj
                0x080017ee                HAL_FDCAN_TimeoutOccurredCallback
 .text.HAL_FDCAN_HighPriorityMessageCallback
                0x080017f0        0x2 CMakeFiles/Master_H7.elf.dir/Drivers/STM32H7xx_HAL_Driver/Src/stm32h7xx_hal_fdcan.c.obj
                0x080017f0                HAL_FDCAN_HighPriorityMessageCallback
 .text.HAL_FDCAN_ErrorCallback
                0x080017f2        0x2 CMakeFiles/Master_H7.elf.dir/Drivers/STM32H7xx_HAL_Driver/Src/stm32h7xx_hal_fdcan.c.obj
                0x080017f2                HAL_FDCAN_ErrorCallback
 .text.HAL_FDCAN_ErrorStatusCallback
                0x080017f4        0x2 CMakeFiles/Master_H7.elf.dir/Drivers/STM32H7xx_HAL_Driver/Src/stm32h7xx_hal_fdcan.c.obj
                0x080017f4                HAL_FDCAN_ErrorStatusCallback
 .text.HAL_FDCAN_TT_ScheduleSyncCallback
                0x080017f6        0x2 CMakeFiles/Master_H7.elf.dir/Drivers/STM32H7xx_HAL_Driver/Src/stm32h7xx_hal_fdcan.c.obj
                0x080017f6                HAL_FDCAN_TT_ScheduleSyncCallback
 .text.HAL_FDCAN_TT_TimeMarkCallback
                0x080017f8        0x2 CMakeFiles/Master_H7.elf.dir/Drivers/STM32H7xx_HAL_Driver/Src/stm32h7xx_hal_fdcan.c.obj
                0x080017f8                HAL_FDCAN_TT_TimeMarkCallback
 .text.HAL_FDCAN_TT_StopWatchCallback
                0x080017fa        0x2 CMakeFiles/Master_H7.elf.dir/Drivers/STM32H7xx_HAL_Driver/Src/stm32h7xx_hal_fdcan.c.obj
                0x080017fa                HAL_FDCAN_TT_StopWatchCallback
 .text.HAL_FDCAN_TT_GlobalTimeCallback
                0x080017fc        0x2 CMakeFiles/Master_H7.elf.dir/Drivers/STM32H7xx_HAL_Driver/Src/stm32h7xx_hal_fdcan.c.obj
                0x080017fc                HAL_FDCAN_TT_GlobalTimeCallback
 *fill*         0x080017fe        0x2 
 .text.HAL_FDCAN_IRQHandler
                0x08001800      0x31c CMakeFiles/Master_H7.elf.dir/Drivers/STM32H7xx_HAL_Driver/Src/stm32h7xx_hal_fdcan.c.obj
                0x08001800                HAL_FDCAN_IRQHandler
 .text.HAL_GPIO_Init
                0x08001b1c      0x214 CMakeFiles/Master_H7.elf.dir/Drivers/STM32H7xx_HAL_Driver/Src/stm32h7xx_hal_gpio.c.obj
                0x08001b1c                HAL_GPIO_Init
 .text.PCD_WriteEmptyTxFifo
                0x08001d30       0xd0 CMakeFiles/Master_H7.elf.dir/Drivers/STM32H7xx_HAL_Driver/Src/stm32h7xx_hal_pcd.c.obj
 .text.HAL_PCD_Init
                0x08001e00      0x102 CMakeFiles/Master_H7.elf.dir/Drivers/STM32H7xx_HAL_Driver/Src/stm32h7xx_hal_pcd.c.obj
                0x08001e00                HAL_PCD_Init
 .text.HAL_PCD_Start
                0x08001f02       0x44 CMakeFiles/Master_H7.elf.dir/Drivers/STM32H7xx_HAL_Driver/Src/stm32h7xx_hal_pcd.c.obj
                0x08001f02                HAL_PCD_Start
 *fill*         0x08001f46        0x2 
 .text.PCD_EP_OutXfrComplete_int
                0x08001f48      0x104 CMakeFiles/Master_H7.elf.dir/Drivers/STM32H7xx_HAL_Driver/Src/stm32h7xx_hal_pcd.c.obj
 .text.PCD_EP_OutSetupPacket_int
                0x0800204c       0x50 CMakeFiles/Master_H7.elf.dir/Drivers/STM32H7xx_HAL_Driver/Src/stm32h7xx_hal_pcd.c.obj
 .text.HAL_PCD_SetAddress
                0x0800209c       0x26 CMakeFiles/Master_H7.elf.dir/Drivers/STM32H7xx_HAL_Driver/Src/stm32h7xx_hal_pcd.c.obj
                0x0800209c                HAL_PCD_SetAddress
 .text.HAL_PCD_EP_Open
                0x080020c2       0x88 CMakeFiles/Master_H7.elf.dir/Drivers/STM32H7xx_HAL_Driver/Src/stm32h7xx_hal_pcd.c.obj
                0x080020c2                HAL_PCD_EP_Open
 .text.HAL_PCD_EP_Close
                0x0800214a       0x70 CMakeFiles/Master_H7.elf.dir/Drivers/STM32H7xx_HAL_Driver/Src/stm32h7xx_hal_pcd.c.obj
                0x0800214a                HAL_PCD_EP_Close
 .text.HAL_PCD_EP_Receive
                0x080021ba       0x4a CMakeFiles/Master_H7.elf.dir/Drivers/STM32H7xx_HAL_Driver/Src/stm32h7xx_hal_pcd.c.obj
                0x080021ba                HAL_PCD_EP_Receive
 .text.HAL_PCD_EP_GetRxCount
                0x08002204       0x12 CMakeFiles/Master_H7.elf.dir/Drivers/STM32H7xx_HAL_Driver/Src/stm32h7xx_hal_pcd.c.obj
                0x08002204                HAL_PCD_EP_GetRxCount
 .text.HAL_PCD_EP_Transmit
                0x08002216       0x4a CMakeFiles/Master_H7.elf.dir/Drivers/STM32H7xx_HAL_Driver/Src/stm32h7xx_hal_pcd.c.obj
                0x08002216                HAL_PCD_EP_Transmit
 .text.HAL_PCD_EP_SetStall
                0x08002260       0x86 CMakeFiles/Master_H7.elf.dir/Drivers/STM32H7xx_HAL_Driver/Src/stm32h7xx_hal_pcd.c.obj
                0x08002260                HAL_PCD_EP_SetStall
 .text.HAL_PCD_EP_ClrStall
                0x080022e6       0x74 CMakeFiles/Master_H7.elf.dir/Drivers/STM32H7xx_HAL_Driver/Src/stm32h7xx_hal_pcd.c.obj
                0x080022e6                HAL_PCD_EP_ClrStall
 .text.HAL_PCD_EP_Abort
                0x0800235a       0x34 CMakeFiles/Master_H7.elf.dir/Drivers/STM32H7xx_HAL_Driver/Src/stm32h7xx_hal_pcd.c.obj
                0x0800235a                HAL_PCD_EP_Abort
 .text.HAL_PCD_IRQHandler
                0x0800238e      0x5fe CMakeFiles/Master_H7.elf.dir/Drivers/STM32H7xx_HAL_Driver/Src/stm32h7xx_hal_pcd.c.obj
                0x0800238e                HAL_PCD_IRQHandler
 .text.HAL_PCDEx_SetTxFiFo
                0x0800298c       0x4c CMakeFiles/Master_H7.elf.dir/Drivers/STM32H7xx_HAL_Driver/Src/stm32h7xx_hal_pcd_ex.c.obj
                0x0800298c                HAL_PCDEx_SetTxFiFo
 .text.HAL_PCDEx_SetRxFiFo
                0x080029d8        0x8 CMakeFiles/Master_H7.elf.dir/Drivers/STM32H7xx_HAL_Driver/Src/stm32h7xx_hal_pcd_ex.c.obj
                0x080029d8                HAL_PCDEx_SetRxFiFo
 .text.HAL_PCDEx_ActivateLPM
                0x080029e0       0x28 CMakeFiles/Master_H7.elf.dir/Drivers/STM32H7xx_HAL_Driver/Src/stm32h7xx_hal_pcd_ex.c.obj
                0x080029e0                HAL_PCDEx_ActivateLPM
 .text.HAL_PCDEx_LPM_Callback
                0x08002a08        0x2 CMakeFiles/Master_H7.elf.dir/Drivers/STM32H7xx_HAL_Driver/Src/stm32h7xx_hal_pcd_ex.c.obj
                0x08002a08                HAL_PCDEx_LPM_Callback
 *fill*         0x08002a0a        0x2 
 .text.HAL_PWREx_ConfigSupply
                0x08002a0c       0x54 CMakeFiles/Master_H7.elf.dir/Drivers/STM32H7xx_HAL_Driver/Src/stm32h7xx_hal_pwr_ex.c.obj
                0x08002a0c                HAL_PWREx_ConfigSupply
 .text.HAL_PWREx_EnableUSBVoltageDetector
                0x08002a60       0x10 CMakeFiles/Master_H7.elf.dir/Drivers/STM32H7xx_HAL_Driver/Src/stm32h7xx_hal_pwr_ex.c.obj
                0x08002a60                HAL_PWREx_EnableUSBVoltageDetector
 .text.HAL_RCC_OscConfig
                0x08002a70      0x5ec CMakeFiles/Master_H7.elf.dir/Drivers/STM32H7xx_HAL_Driver/Src/stm32h7xx_hal_rcc.c.obj
                0x08002a70                HAL_RCC_OscConfig
 .text.HAL_RCC_GetSysClockFreq
                0x0800305c      0x1f4 CMakeFiles/Master_H7.elf.dir/Drivers/STM32H7xx_HAL_Driver/Src/stm32h7xx_hal_rcc.c.obj
                0x0800305c                HAL_RCC_GetSysClockFreq
 .text.HAL_RCC_ClockConfig
                0x08003250      0x294 CMakeFiles/Master_H7.elf.dir/Drivers/STM32H7xx_HAL_Driver/Src/stm32h7xx_hal_rcc.c.obj
                0x08003250                HAL_RCC_ClockConfig
 .text.HAL_RCC_GetHCLKFreq
                0x080034e4       0x44 CMakeFiles/Master_H7.elf.dir/Drivers/STM32H7xx_HAL_Driver/Src/stm32h7xx_hal_rcc.c.obj
                0x080034e4                HAL_RCC_GetHCLKFreq
 .text.HAL_RCC_GetPCLK1Freq
                0x08003528       0x24 CMakeFiles/Master_H7.elf.dir/Drivers/STM32H7xx_HAL_Driver/Src/stm32h7xx_hal_rcc.c.obj
                0x08003528                HAL_RCC_GetPCLK1Freq
 .text.HAL_RCC_GetPCLK2Freq
                0x0800354c       0x24 CMakeFiles/Master_H7.elf.dir/Drivers/STM32H7xx_HAL_Driver/Src/stm32h7xx_hal_rcc.c.obj
                0x0800354c                HAL_RCC_GetPCLK2Freq
 .text.RCCEx_PLL2_Config
                0x08003570      0x10c CMakeFiles/Master_H7.elf.dir/Drivers/STM32H7xx_HAL_Driver/Src/stm32h7xx_hal_rcc_ex.c.obj
 .text.RCCEx_PLL3_Config
                0x0800367c      0x10c CMakeFiles/Master_H7.elf.dir/Drivers/STM32H7xx_HAL_Driver/Src/stm32h7xx_hal_rcc_ex.c.obj
 .text.HAL_RCCEx_PeriphCLKConfig
                0x08003788      0xa0c CMakeFiles/Master_H7.elf.dir/Drivers/STM32H7xx_HAL_Driver/Src/stm32h7xx_hal_rcc_ex.c.obj
                0x08003788                HAL_RCCEx_PeriphCLKConfig
 .text.HAL_RCCEx_GetD3PCLK1Freq
                0x08004194       0x24 CMakeFiles/Master_H7.elf.dir/Drivers/STM32H7xx_HAL_Driver/Src/stm32h7xx_hal_rcc_ex.c.obj
                0x08004194                HAL_RCCEx_GetD3PCLK1Freq
 .text.HAL_RCCEx_GetPLL2ClockFreq
                0x080041b8      0x1f8 CMakeFiles/Master_H7.elf.dir/Drivers/STM32H7xx_HAL_Driver/Src/stm32h7xx_hal_rcc_ex.c.obj
                0x080041b8                HAL_RCCEx_GetPLL2ClockFreq
 .text.HAL_RCCEx_GetPLL3ClockFreq
                0x080043b0      0x1f8 CMakeFiles/Master_H7.elf.dir/Drivers/STM32H7xx_HAL_Driver/Src/stm32h7xx_hal_rcc_ex.c.obj
                0x080043b0                HAL_RCCEx_GetPLL3ClockFreq
 .text.UART_EndRxTransfer
                0x080045a8       0x58 CMakeFiles/Master_H7.elf.dir/Drivers/STM32H7xx_HAL_Driver/Src/stm32h7xx_hal_uart.c.obj
 .text.UART_SetConfig
                0x08004600      0x6bc CMakeFiles/Master_H7.elf.dir/Drivers/STM32H7xx_HAL_Driver/Src/stm32h7xx_hal_uart.c.obj
                0x08004600                UART_SetConfig
 .text.UART_AdvFeatureConfig
                0x08004cbc       0xca CMakeFiles/Master_H7.elf.dir/Drivers/STM32H7xx_HAL_Driver/Src/stm32h7xx_hal_uart.c.obj
                0x08004cbc                UART_AdvFeatureConfig
 .text.UART_WaitOnFlagUntilTimeout
                0x08004d86       0xaa CMakeFiles/Master_H7.elf.dir/Drivers/STM32H7xx_HAL_Driver/Src/stm32h7xx_hal_uart.c.obj
                0x08004d86                UART_WaitOnFlagUntilTimeout
 .text.UART_CheckIdleState
                0x08004e30       0xca CMakeFiles/Master_H7.elf.dir/Drivers/STM32H7xx_HAL_Driver/Src/stm32h7xx_hal_uart.c.obj
                0x08004e30                UART_CheckIdleState
 .text.HAL_UART_Init
                0x08004efa       0x66 CMakeFiles/Master_H7.elf.dir/Drivers/STM32H7xx_HAL_Driver/Src/stm32h7xx_hal_uart.c.obj
                0x08004efa                HAL_UART_Init
 .text.UARTEx_SetNbDataToProcess
                0x08004f60       0x4c CMakeFiles/Master_H7.elf.dir/Drivers/STM32H7xx_HAL_Driver/Src/stm32h7xx_hal_uart_ex.c.obj
 .text.HAL_UARTEx_DisableFifoMode
                0x08004fac       0x3e CMakeFiles/Master_H7.elf.dir/Drivers/STM32H7xx_HAL_Driver/Src/stm32h7xx_hal_uart_ex.c.obj
                0x08004fac                HAL_UARTEx_DisableFifoMode
 .text.HAL_UARTEx_SetTxFifoThreshold
                0x08004fea       0x4a CMakeFiles/Master_H7.elf.dir/Drivers/STM32H7xx_HAL_Driver/Src/stm32h7xx_hal_uart_ex.c.obj
                0x08004fea                HAL_UARTEx_SetTxFifoThreshold
 .text.HAL_UARTEx_SetRxFifoThreshold
                0x08005034       0x4a CMakeFiles/Master_H7.elf.dir/Drivers/STM32H7xx_HAL_Driver/Src/stm32h7xx_hal_uart_ex.c.obj
                0x08005034                HAL_UARTEx_SetRxFifoThreshold
 .text.USB_CoreReset
                0x0800507e       0x4a CMakeFiles/Master_H7.elf.dir/Drivers/STM32H7xx_HAL_Driver/Src/stm32h7xx_ll_usb.c.obj
 .text.USB_CoreInit
                0x080050c8       0xa4 CMakeFiles/Master_H7.elf.dir/Drivers/STM32H7xx_HAL_Driver/Src/stm32h7xx_ll_usb.c.obj
                0x080050c8                USB_CoreInit
 .text.USB_SetTurnaroundTime
                0x0800516c       0xe4 CMakeFiles/Master_H7.elf.dir/Drivers/STM32H7xx_HAL_Driver/Src/stm32h7xx_ll_usb.c.obj
                0x0800516c                USB_SetTurnaroundTime
 .text.USB_EnableGlobalInt
                0x08005250        0xc CMakeFiles/Master_H7.elf.dir/Drivers/STM32H7xx_HAL_Driver/Src/stm32h7xx_ll_usb.c.obj
                0x08005250                USB_EnableGlobalInt
 .text.USB_DisableGlobalInt
                0x0800525c        0xc CMakeFiles/Master_H7.elf.dir/Drivers/STM32H7xx_HAL_Driver/Src/stm32h7xx_ll_usb.c.obj
                0x0800525c                USB_DisableGlobalInt
 .text.USB_FlushTxFifo
                0x08005268       0x4a CMakeFiles/Master_H7.elf.dir/Drivers/STM32H7xx_HAL_Driver/Src/stm32h7xx_ll_usb.c.obj
                0x08005268                USB_FlushTxFifo
 .text.USB_FlushRxFifo
                0x080052b2       0x46 CMakeFiles/Master_H7.elf.dir/Drivers/STM32H7xx_HAL_Driver/Src/stm32h7xx_ll_usb.c.obj
                0x080052b2                USB_FlushRxFifo
 .text.USB_SetDevSpeed
                0x080052f8        0xe CMakeFiles/Master_H7.elf.dir/Drivers/STM32H7xx_HAL_Driver/Src/stm32h7xx_ll_usb.c.obj
                0x080052f8                USB_SetDevSpeed
 *fill*         0x08005306        0x2 
 .text.USB_DevInit
                0x08005308      0x18c CMakeFiles/Master_H7.elf.dir/Drivers/STM32H7xx_HAL_Driver/Src/stm32h7xx_ll_usb.c.obj
                0x08005308                USB_DevInit
 .text.USB_GetDevSpeed
                0x08005494       0x1e CMakeFiles/Master_H7.elf.dir/Drivers/STM32H7xx_HAL_Driver/Src/stm32h7xx_ll_usb.c.obj
                0x08005494                USB_GetDevSpeed
 *fill*         0x080054b2        0x2 
 .text.USB_ActivateEndpoint
                0x080054b4       0x9c CMakeFiles/Master_H7.elf.dir/Drivers/STM32H7xx_HAL_Driver/Src/stm32h7xx_ll_usb.c.obj
                0x080054b4                USB_ActivateEndpoint
 .text.USB_DeactivateEndpoint
                0x08005550       0xe0 CMakeFiles/Master_H7.elf.dir/Drivers/STM32H7xx_HAL_Driver/Src/stm32h7xx_ll_usb.c.obj
                0x08005550                USB_DeactivateEndpoint
 .text.USB_EPStopXfer
                0x08005630       0xbe CMakeFiles/Master_H7.elf.dir/Drivers/STM32H7xx_HAL_Driver/Src/stm32h7xx_ll_usb.c.obj
                0x08005630                USB_EPStopXfer
 .text.USB_WritePacket
                0x080056ee       0x2e CMakeFiles/Master_H7.elf.dir/Drivers/STM32H7xx_HAL_Driver/Src/stm32h7xx_ll_usb.c.obj
                0x080056ee                USB_WritePacket
 .text.USB_EPStartXfer
                0x0800571c      0x23c CMakeFiles/Master_H7.elf.dir/Drivers/STM32H7xx_HAL_Driver/Src/stm32h7xx_ll_usb.c.obj
                0x0800571c                USB_EPStartXfer
 .text.USB_ReadPacket
                0x08005958       0x54 CMakeFiles/Master_H7.elf.dir/Drivers/STM32H7xx_HAL_Driver/Src/stm32h7xx_ll_usb.c.obj
                0x08005958                USB_ReadPacket
 .text.USB_EPSetStall
                0x080059ac       0x5a CMakeFiles/Master_H7.elf.dir/Drivers/STM32H7xx_HAL_Driver/Src/stm32h7xx_ll_usb.c.obj
                0x080059ac                USB_EPSetStall
 .text.USB_EPClearStall
                0x08005a06       0x5c CMakeFiles/Master_H7.elf.dir/Drivers/STM32H7xx_HAL_Driver/Src/stm32h7xx_ll_usb.c.obj
                0x08005a06                USB_EPClearStall
 .text.USB_SetDevAddress
                0x08005a62       0x20 CMakeFiles/Master_H7.elf.dir/Drivers/STM32H7xx_HAL_Driver/Src/stm32h7xx_ll_usb.c.obj
                0x08005a62                USB_SetDevAddress
 .text.USB_DevConnect
                0x08005a82       0x1c CMakeFiles/Master_H7.elf.dir/Drivers/STM32H7xx_HAL_Driver/Src/stm32h7xx_ll_usb.c.obj
                0x08005a82                USB_DevConnect
 .text.USB_DevDisconnect
                0x08005a9e       0x1c CMakeFiles/Master_H7.elf.dir/Drivers/STM32H7xx_HAL_Driver/Src/stm32h7xx_ll_usb.c.obj
                0x08005a9e                USB_DevDisconnect
 .text.USB_ReadInterrupts
                0x08005aba        0x8 CMakeFiles/Master_H7.elf.dir/Drivers/STM32H7xx_HAL_Driver/Src/stm32h7xx_ll_usb.c.obj
                0x08005aba                USB_ReadInterrupts
 .text.USB_ReadDevAllOutEpInterrupt
                0x08005ac2       0x10 CMakeFiles/Master_H7.elf.dir/Drivers/STM32H7xx_HAL_Driver/Src/stm32h7xx_ll_usb.c.obj
                0x08005ac2                USB_ReadDevAllOutEpInterrupt
 .text.USB_ReadDevAllInEpInterrupt
                0x08005ad2       0x10 CMakeFiles/Master_H7.elf.dir/Drivers/STM32H7xx_HAL_Driver/Src/stm32h7xx_ll_usb.c.obj
                0x08005ad2                USB_ReadDevAllInEpInterrupt
 .text.USB_ReadDevOutEPInterrupt
                0x08005ae2       0x12 CMakeFiles/Master_H7.elf.dir/Drivers/STM32H7xx_HAL_Driver/Src/stm32h7xx_ll_usb.c.obj
                0x08005ae2                USB_ReadDevOutEPInterrupt
 .text.USB_ReadDevInEPInterrupt
                0x08005af4       0x28 CMakeFiles/Master_H7.elf.dir/Drivers/STM32H7xx_HAL_Driver/Src/stm32h7xx_ll_usb.c.obj
                0x08005af4                USB_ReadDevInEPInterrupt
 .text.USB_GetMode
                0x08005b1c        0x8 CMakeFiles/Master_H7.elf.dir/Drivers/STM32H7xx_HAL_Driver/Src/stm32h7xx_ll_usb.c.obj
                0x08005b1c                USB_GetMode
 .text.USB_SetCurrentMode
                0x08005b24       0x62 CMakeFiles/Master_H7.elf.dir/Drivers/STM32H7xx_HAL_Driver/Src/stm32h7xx_ll_usb.c.obj
                0x08005b24                USB_SetCurrentMode
 *fill*         0x08005b86        0x2 
 .text.USB_ActivateSetup
                0x08005b88       0x20 CMakeFiles/Master_H7.elf.dir/Drivers/STM32H7xx_HAL_Driver/Src/stm32h7xx_ll_usb.c.obj
                0x08005b88                USB_ActivateSetup
 .text.USB_EP0_OutStart
                0x08005ba8       0x60 CMakeFiles/Master_H7.elf.dir/Drivers/STM32H7xx_HAL_Driver/Src/stm32h7xx_ll_usb.c.obj
                0x08005ba8                USB_EP0_OutStart
 .text.USBD_CDC_EP0_RxReady
                0x08005c08       0x40 CMakeFiles/Master_H7.elf.dir/Middlewares/ST/STM32_USB_Device_Library/Class/CDC/Src/usbd_cdc.c.obj
 .text.USBD_CDC_GetDeviceQualifierDescriptor
                0x08005c48        0xc CMakeFiles/Master_H7.elf.dir/Middlewares/ST/STM32_USB_Device_Library/Class/CDC/Src/usbd_cdc.c.obj
                0x08005c48                USBD_CDC_GetDeviceQualifierDescriptor
 .text.USBD_CDC_GetOtherSpeedCfgDesc
                0x08005c54       0x48 CMakeFiles/Master_H7.elf.dir/Middlewares/ST/STM32_USB_Device_Library/Class/CDC/Src/usbd_cdc.c.obj
 .text.USBD_CDC_GetFSCfgDesc
                0x08005c9c       0x48 CMakeFiles/Master_H7.elf.dir/Middlewares/ST/STM32_USB_Device_Library/Class/CDC/Src/usbd_cdc.c.obj
 .text.USBD_CDC_GetHSCfgDesc
                0x08005ce4       0x48 CMakeFiles/Master_H7.elf.dir/Middlewares/ST/STM32_USB_Device_Library/Class/CDC/Src/usbd_cdc.c.obj
 .text.USBD_CDC_DataOut
                0x08005d2c       0x38 CMakeFiles/Master_H7.elf.dir/Middlewares/ST/STM32_USB_Device_Library/Class/CDC/Src/usbd_cdc.c.obj
 .text.USBD_CDC_DataIn
                0x08005d64       0x7c CMakeFiles/Master_H7.elf.dir/Middlewares/ST/STM32_USB_Device_Library/Class/CDC/Src/usbd_cdc.c.obj
 .text.USBD_CDC_Setup
                0x08005de0      0x11a CMakeFiles/Master_H7.elf.dir/Middlewares/ST/STM32_USB_Device_Library/Class/CDC/Src/usbd_cdc.c.obj
 .text.USBD_CDC_DeInit
                0x08005efa       0x64 CMakeFiles/Master_H7.elf.dir/Middlewares/ST/STM32_USB_Device_Library/Class/CDC/Src/usbd_cdc.c.obj
 .text.USBD_CDC_Init
                0x08005f5e       0xee CMakeFiles/Master_H7.elf.dir/Middlewares/ST/STM32_USB_Device_Library/Class/CDC/Src/usbd_cdc.c.obj
 .text.USBD_CDC_RegisterInterface
                0x0800604c       0x16 CMakeFiles/Master_H7.elf.dir/Middlewares/ST/STM32_USB_Device_Library/Class/CDC/Src/usbd_cdc.c.obj
                0x0800604c                USBD_CDC_RegisterInterface
 .text.USBD_CDC_SetTxBuffer
                0x08006062       0x1c CMakeFiles/Master_H7.elf.dir/Middlewares/ST/STM32_USB_Device_Library/Class/CDC/Src/usbd_cdc.c.obj
                0x08006062                USBD_CDC_SetTxBuffer
 .text.USBD_CDC_SetRxBuffer
                0x0800607e       0x18 CMakeFiles/Master_H7.elf.dir/Middlewares/ST/STM32_USB_Device_Library/Class/CDC/Src/usbd_cdc.c.obj
                0x0800607e                USBD_CDC_SetRxBuffer
 .text.USBD_CDC_ReceivePacket
                0x08006096       0x38 CMakeFiles/Master_H7.elf.dir/Middlewares/ST/STM32_USB_Device_Library/Class/CDC/Src/usbd_cdc.c.obj
                0x08006096                USBD_CDC_ReceivePacket
 .text.USBD_Init
                0x080060ce       0x2e CMakeFiles/Master_H7.elf.dir/Middlewares/ST/STM32_USB_Device_Library/Core/Src/usbd_core.c.obj
                0x080060ce                USBD_Init
 .text.USBD_RegisterClass
                0x080060fc       0x34 CMakeFiles/Master_H7.elf.dir/Middlewares/ST/STM32_USB_Device_Library/Core/Src/usbd_core.c.obj
                0x080060fc                USBD_RegisterClass
 .text.USBD_Start
                0x08006130        0x8 CMakeFiles/Master_H7.elf.dir/Middlewares/ST/STM32_USB_Device_Library/Core/Src/usbd_core.c.obj
                0x08006130                USBD_Start
 .text.USBD_SetClassConfig
                0x08006138       0x12 CMakeFiles/Master_H7.elf.dir/Middlewares/ST/STM32_USB_Device_Library/Core/Src/usbd_core.c.obj
                0x08006138                USBD_SetClassConfig
 .text.USBD_ClrClassConfig
                0x0800614a       0x12 CMakeFiles/Master_H7.elf.dir/Middlewares/ST/STM32_USB_Device_Library/Core/Src/usbd_core.c.obj
                0x0800614a                USBD_ClrClassConfig
 .text.USBD_LL_SetupStage
                0x0800615c       0x58 CMakeFiles/Master_H7.elf.dir/Middlewares/ST/STM32_USB_Device_Library/Core/Src/usbd_core.c.obj
                0x0800615c                USBD_LL_SetupStage
 .text.USBD_LL_Reset
                0x080061b4       0x64 CMakeFiles/Master_H7.elf.dir/Middlewares/ST/STM32_USB_Device_Library/Core/Src/usbd_core.c.obj
                0x080061b4                USBD_LL_Reset
 .text.USBD_LL_SetSpeed
                0x08006218        0x6 CMakeFiles/Master_H7.elf.dir/Middlewares/ST/STM32_USB_Device_Library/Core/Src/usbd_core.c.obj
                0x08006218                USBD_LL_SetSpeed
 .text.USBD_LL_Suspend
                0x0800621e       0x1e CMakeFiles/Master_H7.elf.dir/Middlewares/ST/STM32_USB_Device_Library/Core/Src/usbd_core.c.obj
                0x0800621e                USBD_LL_Suspend
 .text.USBD_LL_Resume
                0x0800623c       0x1a CMakeFiles/Master_H7.elf.dir/Middlewares/ST/STM32_USB_Device_Library/Core/Src/usbd_core.c.obj
                0x0800623c                USBD_LL_Resume
 .text.USBD_LL_SOF
                0x08006256       0x22 CMakeFiles/Master_H7.elf.dir/Middlewares/ST/STM32_USB_Device_Library/Core/Src/usbd_core.c.obj
                0x08006256                USBD_LL_SOF
 .text.USBD_LL_IsoINIncomplete
                0x08006278       0x2e CMakeFiles/Master_H7.elf.dir/Middlewares/ST/STM32_USB_Device_Library/Core/Src/usbd_core.c.obj
                0x08006278                USBD_LL_IsoINIncomplete
 .text.USBD_LL_IsoOUTIncomplete
                0x080062a6       0x2e CMakeFiles/Master_H7.elf.dir/Middlewares/ST/STM32_USB_Device_Library/Core/Src/usbd_core.c.obj
                0x080062a6                USBD_LL_IsoOUTIncomplete
 .text.USBD_LL_DevConnected
                0x080062d4        0x4 CMakeFiles/Master_H7.elf.dir/Middlewares/ST/STM32_USB_Device_Library/Core/Src/usbd_core.c.obj
                0x080062d4                USBD_LL_DevConnected
 .text.USBD_LL_DevDisconnected
                0x080062d8       0x20 CMakeFiles/Master_H7.elf.dir/Middlewares/ST/STM32_USB_Device_Library/Core/Src/usbd_core.c.obj
                0x080062d8                USBD_LL_DevDisconnected
 .text.USBD_CoreFindIF
                0x080062f8        0x4 CMakeFiles/Master_H7.elf.dir/Middlewares/ST/STM32_USB_Device_Library/Core/Src/usbd_core.c.obj
                0x080062f8                USBD_CoreFindIF
 .text.USBD_CoreFindEP
                0x080062fc        0x4 CMakeFiles/Master_H7.elf.dir/Middlewares/ST/STM32_USB_Device_Library/Core/Src/usbd_core.c.obj
                0x080062fc                USBD_CoreFindEP
 .text.USBD_LL_DataOutStage
                0x08006300       0xc6 CMakeFiles/Master_H7.elf.dir/Middlewares/ST/STM32_USB_Device_Library/Core/Src/usbd_core.c.obj
                0x08006300                USBD_LL_DataOutStage
 .text.USBD_LL_DataInStage
                0x080063c6       0xd6 CMakeFiles/Master_H7.elf.dir/Middlewares/ST/STM32_USB_Device_Library/Core/Src/usbd_core.c.obj
                0x080063c6                USBD_LL_DataInStage
 .text.USBD_GetNextDesc
                0x0800649c        0xe CMakeFiles/Master_H7.elf.dir/Middlewares/ST/STM32_USB_Device_Library/Core/Src/usbd_core.c.obj
                0x0800649c                USBD_GetNextDesc
 .text.USBD_GetEpDesc
                0x080064aa       0x3e CMakeFiles/Master_H7.elf.dir/Middlewares/ST/STM32_USB_Device_Library/Core/Src/usbd_core.c.obj
                0x080064aa                USBD_GetEpDesc
 .text.USBD_GetLen
                0x080064e8       0x14 CMakeFiles/Master_H7.elf.dir/Middlewares/ST/STM32_USB_Device_Library/Core/Src/usbd_ctlreq.c.obj
 .text.USBD_ParseSetupRequest
                0x080064fc       0x28 CMakeFiles/Master_H7.elf.dir/Middlewares/ST/STM32_USB_Device_Library/Core/Src/usbd_ctlreq.c.obj
                0x080064fc                USBD_ParseSetupRequest
 .text.USBD_CtlError
                0x08006524       0x14 CMakeFiles/Master_H7.elf.dir/Middlewares/ST/STM32_USB_Device_Library/Core/Src/usbd_ctlreq.c.obj
                0x08006524                USBD_CtlError
 .text.USBD_GetDescriptor
                0x08006538      0x18a CMakeFiles/Master_H7.elf.dir/Middlewares/ST/STM32_USB_Device_Library/Core/Src/usbd_ctlreq.c.obj
 .text.USBD_SetAddress
                0x080066c2       0x50 CMakeFiles/Master_H7.elf.dir/Middlewares/ST/STM32_USB_Device_Library/Core/Src/usbd_ctlreq.c.obj
 *fill*         0x08006712        0x2 
 .text.USBD_SetConfig
                0x08006714       0xcc CMakeFiles/Master_H7.elf.dir/Middlewares/ST/STM32_USB_Device_Library/Core/Src/usbd_ctlreq.c.obj
 .text.USBD_GetConfig
                0x080067e0       0x40 CMakeFiles/Master_H7.elf.dir/Middlewares/ST/STM32_USB_Device_Library/Core/Src/usbd_ctlreq.c.obj
 .text.USBD_GetStatus
                0x08006820       0x38 CMakeFiles/Master_H7.elf.dir/Middlewares/ST/STM32_USB_Device_Library/Core/Src/usbd_ctlreq.c.obj
 .text.USBD_SetFeature
                0x08006858       0x2a CMakeFiles/Master_H7.elf.dir/Middlewares/ST/STM32_USB_Device_Library/Core/Src/usbd_ctlreq.c.obj
 .text.USBD_ClrFeature
                0x08006882       0x26 CMakeFiles/Master_H7.elf.dir/Middlewares/ST/STM32_USB_Device_Library/Core/Src/usbd_ctlreq.c.obj
 .text.USBD_StdDevReq
                0x080068a8       0x76 CMakeFiles/Master_H7.elf.dir/Middlewares/ST/STM32_USB_Device_Library/Core/Src/usbd_ctlreq.c.obj
                0x080068a8                USBD_StdDevReq
 .text.USBD_StdItfReq
                0x0800691e       0x84 CMakeFiles/Master_H7.elf.dir/Middlewares/ST/STM32_USB_Device_Library/Core/Src/usbd_ctlreq.c.obj
                0x0800691e                USBD_StdItfReq
 .text.USBD_StdEPReq
                0x080069a2      0x232 CMakeFiles/Master_H7.elf.dir/Middlewares/ST/STM32_USB_Device_Library/Core/Src/usbd_ctlreq.c.obj
                0x080069a2                USBD_StdEPReq
 .text.USBD_GetString
                0x08006bd4       0x46 CMakeFiles/Master_H7.elf.dir/Middlewares/ST/STM32_USB_Device_Library/Core/Src/usbd_ctlreq.c.obj
                0x08006bd4                USBD_GetString
 .text.USBD_CtlSendData
                0x08006c1a       0x1a CMakeFiles/Master_H7.elf.dir/Middlewares/ST/STM32_USB_Device_Library/Core/Src/usbd_ioreq.c.obj
                0x08006c1a                USBD_CtlSendData
 .text.USBD_CtlContinueSendData
                0x08006c34       0x10 CMakeFiles/Master_H7.elf.dir/Middlewares/ST/STM32_USB_Device_Library/Core/Src/usbd_ioreq.c.obj
                0x08006c34                USBD_CtlContinueSendData
 .text.USBD_CtlPrepareRx
                0x08006c44       0x1e CMakeFiles/Master_H7.elf.dir/Middlewares/ST/STM32_USB_Device_Library/Core/Src/usbd_ioreq.c.obj
                0x08006c44                USBD_CtlPrepareRx
 .text.USBD_CtlContinueRx
                0x08006c62       0x10 CMakeFiles/Master_H7.elf.dir/Middlewares/ST/STM32_USB_Device_Library/Core/Src/usbd_ioreq.c.obj
                0x08006c62                USBD_CtlContinueRx
 .text.USBD_CtlSendStatus
                0x08006c72       0x16 CMakeFiles/Master_H7.elf.dir/Middlewares/ST/STM32_USB_Device_Library/Core/Src/usbd_ioreq.c.obj
                0x08006c72                USBD_CtlSendStatus
 .text.USBD_CtlReceiveStatus
                0x08006c88       0x16 CMakeFiles/Master_H7.elf.dir/Middlewares/ST/STM32_USB_Device_Library/Core/Src/usbd_ioreq.c.obj
                0x08006c88                USBD_CtlReceiveStatus
 *fill*         0x08006c9e        0x2 
 .text.MX_USB_DEVICE_Init
                0x08006ca0       0x58 CMakeFiles/Master_H7.elf.dir/USB_DEVICE/App/usb_device.c.obj
                0x08006ca0                MX_USB_DEVICE_Init
 .text.CDC_DeInit_HS
                0x08006cf8        0x4 CMakeFiles/Master_H7.elf.dir/USB_DEVICE/App/usbd_cdc_if.c.obj
 .text.CDC_Control_HS
                0x08006cfc        0x4 CMakeFiles/Master_H7.elf.dir/USB_DEVICE/App/usbd_cdc_if.c.obj
 .text.CDC_TransmitCplt_HS
                0x08006d00        0x4 CMakeFiles/Master_H7.elf.dir/USB_DEVICE/App/usbd_cdc_if.c.obj
 .text.CDC_Receive_HS
                0x08006d04       0x1c CMakeFiles/Master_H7.elf.dir/USB_DEVICE/App/usbd_cdc_if.c.obj
 .text.CDC_Init_HS
                0x08006d20       0x28 CMakeFiles/Master_H7.elf.dir/USB_DEVICE/App/usbd_cdc_if.c.obj
 .text.USBD_HS_DeviceDescriptor
                0x08006d48        0xc CMakeFiles/Master_H7.elf.dir/USB_DEVICE/App/usbd_desc.c.obj
                0x08006d48                USBD_HS_DeviceDescriptor
 .text.USBD_HS_LangIDStrDescriptor
                0x08006d54        0xc CMakeFiles/Master_H7.elf.dir/USB_DEVICE/App/usbd_desc.c.obj
                0x08006d54                USBD_HS_LangIDStrDescriptor
 .text.IntToUnicode
                0x08006d60       0x46 CMakeFiles/Master_H7.elf.dir/USB_DEVICE/App/usbd_desc.c.obj
 *fill*         0x08006da6        0x2 
 .text.Get_SerialNum
                0x08006da8       0x38 CMakeFiles/Master_H7.elf.dir/USB_DEVICE/App/usbd_desc.c.obj
 .text.USBD_HS_SerialStrDescriptor
                0x08006de0       0x14 CMakeFiles/Master_H7.elf.dir/USB_DEVICE/App/usbd_desc.c.obj
                0x08006de0                USBD_HS_SerialStrDescriptor
 .text.USBD_HS_ProductStrDescriptor
                0x08006df4       0x24 CMakeFiles/Master_H7.elf.dir/USB_DEVICE/App/usbd_desc.c.obj
                0x08006df4                USBD_HS_ProductStrDescriptor
 .text.USBD_HS_ManufacturerStrDescriptor
                0x08006e18       0x1c CMakeFiles/Master_H7.elf.dir/USB_DEVICE/App/usbd_desc.c.obj
                0x08006e18                USBD_HS_ManufacturerStrDescriptor
 .text.USBD_HS_ConfigStrDescriptor
                0x08006e34       0x24 CMakeFiles/Master_H7.elf.dir/USB_DEVICE/App/usbd_desc.c.obj
                0x08006e34                USBD_HS_ConfigStrDescriptor
 .text.USBD_HS_InterfaceStrDescriptor
                0x08006e58       0x24 CMakeFiles/Master_H7.elf.dir/USB_DEVICE/App/usbd_desc.c.obj
                0x08006e58                USBD_HS_InterfaceStrDescriptor
 .text.HAL_PCD_MspInit
                0x08006e7c       0x74 CMakeFiles/Master_H7.elf.dir/USB_DEVICE/Target/usbd_conf.c.obj
                0x08006e7c                HAL_PCD_MspInit
 .text.HAL_PCD_SetupStageCallback
                0x08006ef0       0x10 CMakeFiles/Master_H7.elf.dir/USB_DEVICE/Target/usbd_conf.c.obj
                0x08006ef0                HAL_PCD_SetupStageCallback
 .text.HAL_PCD_DataOutStageCallback
                0x08006f00       0x18 CMakeFiles/Master_H7.elf.dir/USB_DEVICE/Target/usbd_conf.c.obj
                0x08006f00                HAL_PCD_DataOutStageCallback
 .text.HAL_PCD_DataInStageCallback
                0x08006f18       0x16 CMakeFiles/Master_H7.elf.dir/USB_DEVICE/Target/usbd_conf.c.obj
                0x08006f18                HAL_PCD_DataInStageCallback
 .text.HAL_PCD_SOFCallback
                0x08006f2e        0xc CMakeFiles/Master_H7.elf.dir/USB_DEVICE/Target/usbd_conf.c.obj
                0x08006f2e                HAL_PCD_SOFCallback
 .text.HAL_PCD_ResetCallback
                0x08006f3a       0x28 CMakeFiles/Master_H7.elf.dir/USB_DEVICE/Target/usbd_conf.c.obj
                0x08006f3a                HAL_PCD_ResetCallback
 *fill*         0x08006f62        0x2 
 .text.HAL_PCD_SuspendCallback
                0x08006f64       0x30 CMakeFiles/Master_H7.elf.dir/USB_DEVICE/Target/usbd_conf.c.obj
                0x08006f64                HAL_PCD_SuspendCallback
 .text.HAL_PCD_ResumeCallback
                0x08006f94        0xc CMakeFiles/Master_H7.elf.dir/USB_DEVICE/Target/usbd_conf.c.obj
                0x08006f94                HAL_PCD_ResumeCallback
 .text.HAL_PCD_ISOOUTIncompleteCallback
                0x08006fa0        0xc CMakeFiles/Master_H7.elf.dir/USB_DEVICE/Target/usbd_conf.c.obj
                0x08006fa0                HAL_PCD_ISOOUTIncompleteCallback
 .text.HAL_PCD_ISOINIncompleteCallback
                0x08006fac        0xc CMakeFiles/Master_H7.elf.dir/USB_DEVICE/Target/usbd_conf.c.obj
                0x08006fac                HAL_PCD_ISOINIncompleteCallback
 .text.HAL_PCD_ConnectCallback
                0x08006fb8        0xc CMakeFiles/Master_H7.elf.dir/USB_DEVICE/Target/usbd_conf.c.obj
                0x08006fb8                HAL_PCD_ConnectCallback
 .text.HAL_PCD_DisconnectCallback
                0x08006fc4        0xc CMakeFiles/Master_H7.elf.dir/USB_DEVICE/Target/usbd_conf.c.obj
                0x08006fc4                HAL_PCD_DisconnectCallback
 .text.USBD_LL_Init
                0x08006fd0       0x70 CMakeFiles/Master_H7.elf.dir/USB_DEVICE/Target/usbd_conf.c.obj
                0x08006fd0                USBD_LL_Init
 .text.USBD_LL_IsStallEP
                0x08007040       0x2c CMakeFiles/Master_H7.elf.dir/USB_DEVICE/Target/usbd_conf.c.obj
                0x08007040                USBD_LL_IsStallEP
 .text.USBD_LL_GetRxDataSize
                0x0800706c        0xc CMakeFiles/Master_H7.elf.dir/USB_DEVICE/Target/usbd_conf.c.obj
                0x0800706c                USBD_LL_GetRxDataSize
 .text.USBD_static_malloc
                0x08007078        0x8 CMakeFiles/Master_H7.elf.dir/USB_DEVICE/Target/usbd_conf.c.obj
                0x08007078                USBD_static_malloc
 .text.USBD_static_free
                0x08007080        0x2 CMakeFiles/Master_H7.elf.dir/USB_DEVICE/Target/usbd_conf.c.obj
                0x08007080                USBD_static_free
 .text.USBD_Get_USB_Status
                0x08007082       0x14 CMakeFiles/Master_H7.elf.dir/USB_DEVICE/Target/usbd_conf.c.obj
                0x08007082                USBD_Get_USB_Status
 .text.USBD_LL_Start
                0x08007096       0x10 CMakeFiles/Master_H7.elf.dir/USB_DEVICE/Target/usbd_conf.c.obj
                0x08007096                USBD_LL_Start
 .text.USBD_LL_OpenEP
                0x080070a6       0x16 CMakeFiles/Master_H7.elf.dir/USB_DEVICE/Target/usbd_conf.c.obj
                0x080070a6                USBD_LL_OpenEP
 .text.USBD_LL_CloseEP
                0x080070bc       0x10 CMakeFiles/Master_H7.elf.dir/USB_DEVICE/Target/usbd_conf.c.obj
                0x080070bc                USBD_LL_CloseEP
 .text.USBD_LL_StallEP
                0x080070cc       0x10 CMakeFiles/Master_H7.elf.dir/USB_DEVICE/Target/usbd_conf.c.obj
                0x080070cc                USBD_LL_StallEP
 .text.USBD_LL_ClearStallEP
                0x080070dc       0x10 CMakeFiles/Master_H7.elf.dir/USB_DEVICE/Target/usbd_conf.c.obj
                0x080070dc                USBD_LL_ClearStallEP
 .text.USBD_LL_SetUSBAddress
                0x080070ec       0x10 CMakeFiles/Master_H7.elf.dir/USB_DEVICE/Target/usbd_conf.c.obj
                0x080070ec                USBD_LL_SetUSBAddress
 .text.USBD_LL_Transmit
                0x080070fc       0x10 CMakeFiles/Master_H7.elf.dir/USB_DEVICE/Target/usbd_conf.c.obj
                0x080070fc                USBD_LL_Transmit
 .text.USBD_LL_PrepareReceive
                0x0800710c       0x10 CMakeFiles/Master_H7.elf.dir/USB_DEVICE/Target/usbd_conf.c.obj
                0x0800710c                USBD_LL_PrepareReceive
 .text.sstart_allopen
                0x0800711c       0x1e CMakeFiles/Master_H7.elf.dir/UserApp/slowStart.c.obj
                0x0800711c                sstart_allopen
 *fill*         0x0800713a        0x2 
 .text.__libc_init_array
                0x0800713c       0x48 d:/gcc-ar~1.10/102021~1.10/bin/../lib/gcc/arm-none-eabi/10.3.1/../../../../arm-none-eabi/lib/thumb/v7e-m+fp/hard\libg.a(lib_a-init.o)
                0x0800713c                __libc_init_array
 .text.memset   0x08007184       0xa4 d:/gcc-ar~1.10/102021~1.10/bin/../lib/gcc/arm-none-eabi/10.3.1/../../../../arm-none-eabi/lib/thumb/v7e-m+fp/hard\libg.a(lib_a-memset.o)
                0x08007184                memset
 .text.startup.register_fini
                0x08007228       0x14 d:/gcc-ar~1.10/102021~1.10/bin/../lib/gcc/arm-none-eabi/10.3.1/../../../../arm-none-eabi/lib/thumb/v7e-m+fp/hard\libg.a(lib_a-__call_atexit.o)
 .text.atexit   0x0800723c        0xc d:/gcc-ar~1.10/102021~1.10/bin/../lib/gcc/arm-none-eabi/10.3.1/../../../../arm-none-eabi/lib/thumb/v7e-m+fp/hard\libg.a(lib_a-atexit.o)
                0x0800723c                atexit
 .text.__libc_fini_array
                0x08007248       0x2c d:/gcc-ar~1.10/102021~1.10/bin/../lib/gcc/arm-none-eabi/10.3.1/../../../../arm-none-eabi/lib/thumb/v7e-m+fp/hard\libg.a(lib_a-fini.o)
                0x08007248                __libc_fini_array
 .text.__retarget_lock_acquire_recursive
                0x08007274        0x4 d:/gcc-ar~1.10/102021~1.10/bin/../lib/gcc/arm-none-eabi/10.3.1/../../../../arm-none-eabi/lib/thumb/v7e-m+fp/hard\libg.a(lib_a-lock.o)
                0x08007274                __retarget_lock_acquire_recursive
 .text.__retarget_lock_release_recursive
                0x08007278        0x4 d:/gcc-ar~1.10/102021~1.10/bin/../lib/gcc/arm-none-eabi/10.3.1/../../../../arm-none-eabi/lib/thumb/v7e-m+fp/hard\libg.a(lib_a-lock.o)
                0x08007278                __retarget_lock_release_recursive
 .text.__register_exitproc
                0x0800727c       0x8c d:/gcc-ar~1.10/102021~1.10/bin/../lib/gcc/arm-none-eabi/10.3.1/../../../../arm-none-eabi/lib/thumb/v7e-m+fp/hard\libg.a(lib_a-__atexit.o)
                0x0800727c                __register_exitproc
 *(.glue_7)
 .glue_7        0x08007308        0x0 linker stubs
 *(.glue_7t)
 .glue_7t       0x08007308        0x0 linker stubs
 *(.eh_frame)
 .eh_frame      0x08007308        0x0 d:/gcc-ar~1.10/102021~1.10/bin/../lib/gcc/arm-none-eabi/10.3.1/thumb/v7e-m+fp/hard/crtbegin.o
 *(.init)
 .init          0x08007308        0x4 d:/gcc-ar~1.10/102021~1.10/bin/../lib/gcc/arm-none-eabi/10.3.1/thumb/v7e-m+fp/hard/crti.o
                0x08007308                _init
 .init          0x0800730c        0x8 d:/gcc-ar~1.10/102021~1.10/bin/../lib/gcc/arm-none-eabi/10.3.1/thumb/v7e-m+fp/hard/crtn.o
 *(.fini)
 .fini          0x08007314        0x4 d:/gcc-ar~1.10/102021~1.10/bin/../lib/gcc/arm-none-eabi/10.3.1/thumb/v7e-m+fp/hard/crti.o
                0x08007314                _fini
 .fini          0x08007318        0x8 d:/gcc-ar~1.10/102021~1.10/bin/../lib/gcc/arm-none-eabi/10.3.1/thumb/v7e-m+fp/hard/crtn.o
                0x08007320                . = ALIGN (0x4)
                0x08007320                _etext = .

.vfp11_veneer   0x08007320        0x0
 .vfp11_veneer  0x08007320        0x0 linker stubs

.v4_bx          0x08007320        0x0
 .v4_bx         0x08007320        0x0 linker stubs

.iplt           0x08007320        0x0
 .iplt          0x08007320        0x0 d:/gcc-ar~1.10/102021~1.10/bin/../lib/gcc/arm-none-eabi/10.3.1/thumb/v7e-m+fp/hard/crtbegin.o

.rodata         0x08007320       0xe0
                0x08007320                . = ALIGN (0x4)
 *(.rodata)
 .rodata        0x08007320       0x4c CMakeFiles/Master_H7.elf.dir/Drivers/STM32H7xx_HAL_Driver/Src/stm32h7xx_hal_fdcan.c.obj
 *(.rodata*)
 .rodata.D1CorePrescTable
                0x0800736c       0x10 CMakeFiles/Master_H7.elf.dir/Core/Src/system_stm32h7xx.c.obj
                0x0800736c                D1CorePrescTable
 .rodata.DLCtoBytes
                0x0800737c       0x10 CMakeFiles/Master_H7.elf.dir/Drivers/STM32H7xx_HAL_Driver/Src/stm32h7xx_hal_fdcan.c.obj
 .rodata.UARTPrescTable
                0x0800738c       0x18 CMakeFiles/Master_H7.elf.dir/Drivers/STM32H7xx_HAL_Driver/Src/stm32h7xx_hal_uart.c.obj
                0x0800738c                UARTPrescTable
 .rodata.denominator.0
                0x080073a4        0x8 CMakeFiles/Master_H7.elf.dir/Drivers/STM32H7xx_HAL_Driver/Src/stm32h7xx_hal_uart_ex.c.obj
 .rodata.numerator.1
                0x080073ac        0x8 CMakeFiles/Master_H7.elf.dir/Drivers/STM32H7xx_HAL_Driver/Src/stm32h7xx_hal_uart_ex.c.obj
 .rodata.USBD_HS_ProductStrDescriptor.str1.4
                0x080073b4       0x16 CMakeFiles/Master_H7.elf.dir/USB_DEVICE/App/usbd_desc.c.obj
 *fill*         0x080073ca        0x2 
 .rodata.USBD_HS_ManufacturerStrDescriptor.str1.4
                0x080073cc       0x13 CMakeFiles/Master_H7.elf.dir/USB_DEVICE/App/usbd_desc.c.obj
 *fill*         0x080073df        0x1 
 .rodata.USBD_HS_ConfigStrDescriptor.str1.4
                0x080073e0        0xb CMakeFiles/Master_H7.elf.dir/USB_DEVICE/App/usbd_desc.c.obj
 *fill*         0x080073eb        0x1 
 .rodata.USBD_HS_InterfaceStrDescriptor.str1.4
                0x080073ec        0xe CMakeFiles/Master_H7.elf.dir/USB_DEVICE/App/usbd_desc.c.obj
 *fill*         0x080073fa        0x2 
 .rodata._global_impure_ptr
                0x080073fc        0x4 d:/gcc-ar~1.10/102021~1.10/bin/../lib/gcc/arm-none-eabi/10.3.1/../../../../arm-none-eabi/lib/thumb/v7e-m+fp/hard\libg.a(lib_a-impure.o)
                0x080073fc                _global_impure_ptr
                0x08007400                . = ALIGN (0x4)

.ARM.extab
 *(.ARM.extab* .gnu.linkonce.armextab.*)

.ARM            0x08007400        0x8
                0x08007400                __exidx_start = .
 *(.ARM.exidx*)
 .ARM.exidx     0x08007400        0x8 d:/gcc-ar~1.10/102021~1.10/bin/../lib/gcc/arm-none-eabi/10.3.1/thumb/v7e-m+fp/hard\libgcc.a(_udivmoddi4.o)
                0x08007408                __exidx_end = .

.rel.dyn        0x08007408        0x0
 .rel.iplt      0x08007408        0x0 d:/gcc-ar~1.10/102021~1.10/bin/../lib/gcc/arm-none-eabi/10.3.1/thumb/v7e-m+fp/hard/crtbegin.o

.preinit_array  0x08007408        0x0
                0x08007408                PROVIDE (__preinit_array_start = .)
 *(.preinit_array*)
                0x08007408                PROVIDE (__preinit_array_end = .)

.init_array     0x08007408        0x8
                0x08007408                PROVIDE (__init_array_start = .)
 *(SORT_BY_NAME(.init_array.*))
 .init_array.00000
                0x08007408        0x4 d:/gcc-ar~1.10/102021~1.10/bin/../lib/gcc/arm-none-eabi/10.3.1/../../../../arm-none-eabi/lib/thumb/v7e-m+fp/hard\libg.a(lib_a-__call_atexit.o)
 *(.init_array*)
 .init_array    0x0800740c        0x4 d:/gcc-ar~1.10/102021~1.10/bin/../lib/gcc/arm-none-eabi/10.3.1/thumb/v7e-m+fp/hard/crtbegin.o
                0x08007410                PROVIDE (__init_array_end = .)

.fini_array     0x08007410        0x4
                0x08007410                PROVIDE (__fini_array_start = .)
 *(SORT_BY_NAME(.fini_array.*))
 *(.fini_array*)
 .fini_array    0x08007410        0x4 d:/gcc-ar~1.10/102021~1.10/bin/../lib/gcc/arm-none-eabi/10.3.1/thumb/v7e-m+fp/hard/crtbegin.o
                0x08007414                PROVIDE (__fini_array_end = .)
                0x08007414                _sidata = LOADADDR (.data)

.data           0x24000000      0x52c load address 0x08007414
                0x24000000                . = ALIGN (0x4)
                0x24000000                _sdata = .
 *(.data)
 *(.data*)
 .data.SystemCoreClock
                0x24000000        0x4 CMakeFiles/Master_H7.elf.dir/Core/Src/system_stm32h7xx.c.obj
                0x24000000                SystemCoreClock
 .data.SystemD2Clock
                0x24000004        0x4 CMakeFiles/Master_H7.elf.dir/Core/Src/system_stm32h7xx.c.obj
                0x24000004                SystemD2Clock
 .data.uwTickFreq
                0x24000008        0x1 CMakeFiles/Master_H7.elf.dir/Drivers/STM32H7xx_HAL_Driver/Src/stm32h7xx_hal.c.obj
                0x24000008                uwTickFreq
 *fill*         0x24000009        0x3 
 .data.uwTickPrio
                0x2400000c        0x4 CMakeFiles/Master_H7.elf.dir/Drivers/STM32H7xx_HAL_Driver/Src/stm32h7xx_hal.c.obj
                0x2400000c                uwTickPrio
 .data.USBD_CDC
                0x24000010       0x38 CMakeFiles/Master_H7.elf.dir/Middlewares/ST/STM32_USB_Device_Library/Class/CDC/Src/usbd_cdc.c.obj
                0x24000010                USBD_CDC
 .data.USBD_CDC_CfgDesc
                0x24000048       0x43 CMakeFiles/Master_H7.elf.dir/Middlewares/ST/STM32_USB_Device_Library/Class/CDC/Src/usbd_cdc.c.obj
 *fill*         0x2400008b        0x1 
 .data.USBD_CDC_DeviceQualifierDesc
                0x2400008c        0xa CMakeFiles/Master_H7.elf.dir/Middlewares/ST/STM32_USB_Device_Library/Class/CDC/Src/usbd_cdc.c.obj
 *fill*         0x24000096        0x2 
 .data.USBD_Interface_fops_HS
                0x24000098       0x14 CMakeFiles/Master_H7.elf.dir/USB_DEVICE/App/usbd_cdc_if.c.obj
                0x24000098                USBD_Interface_fops_HS
 .data.HS_Desc  0x240000ac       0x1c CMakeFiles/Master_H7.elf.dir/USB_DEVICE/App/usbd_desc.c.obj
                0x240000ac                HS_Desc
 .data.USBD_HS_DeviceDesc
                0x240000c8       0x12 CMakeFiles/Master_H7.elf.dir/USB_DEVICE/App/usbd_desc.c.obj
                0x240000c8                USBD_HS_DeviceDesc
 *fill*         0x240000da        0x2 
 .data.USBD_LangIDDesc
                0x240000dc        0x4 CMakeFiles/Master_H7.elf.dir/USB_DEVICE/App/usbd_desc.c.obj
                0x240000dc                USBD_LangIDDesc
 .data.USBD_StringSerial
                0x240000e0       0x1a CMakeFiles/Master_H7.elf.dir/USB_DEVICE/App/usbd_desc.c.obj
                0x240000e0                USBD_StringSerial
 *fill*         0x240000fa        0x6 
 .data.impure_data
                0x24000100      0x428 d:/gcc-ar~1.10/102021~1.10/bin/../lib/gcc/arm-none-eabi/10.3.1/../../../../arm-none-eabi/lib/thumb/v7e-m+fp/hard\libg.a(lib_a-impure.o)
 .data.__atexit_recursive_mutex
                0x24000528        0x4 d:/gcc-ar~1.10/102021~1.10/bin/../lib/gcc/arm-none-eabi/10.3.1/../../../../arm-none-eabi/lib/thumb/v7e-m+fp/hard\libg.a(lib_a-__call_atexit.o)
                0x24000528                __atexit_recursive_mutex
 *(.RamFunc)
 *(.RamFunc*)
                0x2400052c                . = ALIGN (0x4)
                0x2400052c                _edata = .

.igot.plt       0x2400052c        0x0 load address 0x08007940
 .igot.plt      0x2400052c        0x0 d:/gcc-ar~1.10/102021~1.10/bin/../lib/gcc/arm-none-eabi/10.3.1/thumb/v7e-m+fp/hard/crtbegin.o
                0x2400052c                . = ALIGN (0x4)

.bss            0x2400052c     0x1d3c load address 0x08007940
                0x2400052c                _sbss = .
                0x2400052c                __bss_start__ = _sbss
 *(.bss)
 .bss           0x2400052c       0x1c d:/gcc-ar~1.10/102021~1.10/bin/../lib/gcc/arm-none-eabi/10.3.1/thumb/v7e-m+fp/hard/crtbegin.o
 *(.bss*)
 .bss.hfdcan1   0x24000548       0xa0 CMakeFiles/Master_H7.elf.dir/Core/Src/fdcan.c.obj
                0x24000548                hfdcan1
 .bss.huart1    0x240005e8       0x94 CMakeFiles/Master_H7.elf.dir/Core/Src/usart.c.obj
                0x240005e8                huart1
 .bss.uwTick    0x2400067c        0x4 CMakeFiles/Master_H7.elf.dir/Drivers/STM32H7xx_HAL_Driver/Src/stm32h7xx_hal.c.obj
                0x2400067c                uwTick
 .bss.cfgidx.0  0x24000680        0x1 CMakeFiles/Master_H7.elf.dir/Middlewares/ST/STM32_USB_Device_Library/Core/Src/usbd_ctlreq.c.obj
 *fill*         0x24000681        0x3 
 .bss.hUsbDeviceHS
                0x24000684      0x2dc CMakeFiles/Master_H7.elf.dir/USB_DEVICE/App/usb_device.c.obj
                0x24000684                hUsbDeviceHS
 .bss.UserRxBufferHS
                0x24000960      0x800 CMakeFiles/Master_H7.elf.dir/USB_DEVICE/App/usbd_cdc_if.c.obj
                0x24000960                UserRxBufferHS
 .bss.UserTxBufferHS
                0x24001160      0x800 CMakeFiles/Master_H7.elf.dir/USB_DEVICE/App/usbd_cdc_if.c.obj
                0x24001160                UserTxBufferHS
 .bss.USBD_StrDesc
                0x24001960      0x200 CMakeFiles/Master_H7.elf.dir/USB_DEVICE/App/usbd_desc.c.obj
                0x24001960                USBD_StrDesc
 .bss.hpcd_USB_OTG_HS
                0x24001b60      0x4e4 CMakeFiles/Master_H7.elf.dir/USB_DEVICE/Target/usbd_conf.c.obj
                0x24001b60                hpcd_USB_OTG_HS
 .bss.mem.0     0x24002044      0x220 CMakeFiles/Master_H7.elf.dir/USB_DEVICE/Target/usbd_conf.c.obj
 .bss.__lock___atexit_recursive_mutex
                0x24002264        0x1 d:/gcc-ar~1.10/102021~1.10/bin/../lib/gcc/arm-none-eabi/10.3.1/../../../../arm-none-eabi/lib/thumb/v7e-m+fp/hard\libg.a(lib_a-lock.o)
                0x24002264                __lock___atexit_recursive_mutex
 *(COMMON)
                0x24002268                . = ALIGN (0x4)
 *fill*         0x24002265        0x3 
                0x24002268                _ebss = .
                0x24002268                __bss_end__ = _ebss

._user_heap_stack
                0x24002268      0x600 load address 0x08007940
                0x24002268                . = ALIGN (0x8)
                [!provide]                PROVIDE (end = .)
                0x24002268                PROVIDE (_end = .)
                0x24002468                . = (. + _Min_Heap_Size)
 *fill*         0x24002268      0x200 
                0x24002868                . = (. + _Min_Stack_Size)
 *fill*         0x24002468      0x400 
                0x24002868                . = ALIGN (0x8)

/DISCARD/
 libc.a(*)
 libm.a(*)
 libgcc.a(*)

.ARM.attributes
                0x00000000       0x30
 *(.ARM.attributes)
 .ARM.attributes
                0x00000000       0x1e d:/gcc-ar~1.10/102021~1.10/bin/../lib/gcc/arm-none-eabi/10.3.1/thumb/v7e-m+fp/hard/crti.o
 .ARM.attributes
                0x0000001e       0x34 d:/gcc-ar~1.10/102021~1.10/bin/../lib/gcc/arm-none-eabi/10.3.1/thumb/v7e-m+fp/hard/crtbegin.o
 .ARM.attributes
                0x00000052       0x34 CMakeFiles/Master_H7.elf.dir/Core/Src/fdcan.c.obj
 .ARM.attributes
                0x00000086       0x34 CMakeFiles/Master_H7.elf.dir/Core/Src/gpio.c.obj
 .ARM.attributes
                0x000000ba       0x34 CMakeFiles/Master_H7.elf.dir/Core/Src/main.c.obj
 .ARM.attributes
                0x000000ee       0x34 CMakeFiles/Master_H7.elf.dir/Core/Src/stm32h7xx_hal_msp.c.obj
 .ARM.attributes
                0x00000122       0x34 CMakeFiles/Master_H7.elf.dir/Core/Src/stm32h7xx_it.c.obj
 .ARM.attributes
                0x00000156       0x34 CMakeFiles/Master_H7.elf.dir/Core/Src/system_stm32h7xx.c.obj
 .ARM.attributes
                0x0000018a       0x34 CMakeFiles/Master_H7.elf.dir/Core/Src/usart.c.obj
 .ARM.attributes
                0x000001be       0x21 CMakeFiles/Master_H7.elf.dir/Core/Startup/startup_stm32h723vgtx.s.obj
 .ARM.attributes
                0x000001df       0x34 CMakeFiles/Master_H7.elf.dir/Drivers/BSP/bsp_can.c.obj
 .ARM.attributes
                0x00000213       0x34 CMakeFiles/Master_H7.elf.dir/Drivers/STM32H7xx_HAL_Driver/Src/stm32h7xx_hal.c.obj
 .ARM.attributes
                0x00000247       0x34 CMakeFiles/Master_H7.elf.dir/Drivers/STM32H7xx_HAL_Driver/Src/stm32h7xx_hal_cortex.c.obj
 .ARM.attributes
                0x0000027b       0x34 CMakeFiles/Master_H7.elf.dir/Drivers/STM32H7xx_HAL_Driver/Src/stm32h7xx_hal_fdcan.c.obj
 .ARM.attributes
                0x000002af       0x34 CMakeFiles/Master_H7.elf.dir/Drivers/STM32H7xx_HAL_Driver/Src/stm32h7xx_hal_gpio.c.obj
 .ARM.attributes
                0x000002e3       0x34 CMakeFiles/Master_H7.elf.dir/Drivers/STM32H7xx_HAL_Driver/Src/stm32h7xx_hal_pcd.c.obj
 .ARM.attributes
                0x00000317       0x34 CMakeFiles/Master_H7.elf.dir/Drivers/STM32H7xx_HAL_Driver/Src/stm32h7xx_hal_pcd_ex.c.obj
 .ARM.attributes
                0x0000034b       0x34 CMakeFiles/Master_H7.elf.dir/Drivers/STM32H7xx_HAL_Driver/Src/stm32h7xx_hal_pwr_ex.c.obj
 .ARM.attributes
                0x0000037f       0x34 CMakeFiles/Master_H7.elf.dir/Drivers/STM32H7xx_HAL_Driver/Src/stm32h7xx_hal_rcc.c.obj
 .ARM.attributes
                0x000003b3       0x34 CMakeFiles/Master_H7.elf.dir/Drivers/STM32H7xx_HAL_Driver/Src/stm32h7xx_hal_rcc_ex.c.obj
 .ARM.attributes
                0x000003e7       0x34 CMakeFiles/Master_H7.elf.dir/Drivers/STM32H7xx_HAL_Driver/Src/stm32h7xx_hal_uart.c.obj
 .ARM.attributes
                0x0000041b       0x34 CMakeFiles/Master_H7.elf.dir/Drivers/STM32H7xx_HAL_Driver/Src/stm32h7xx_hal_uart_ex.c.obj
 .ARM.attributes
                0x0000044f       0x34 CMakeFiles/Master_H7.elf.dir/Drivers/STM32H7xx_HAL_Driver/Src/stm32h7xx_ll_usb.c.obj
 .ARM.attributes
                0x00000483       0x34 CMakeFiles/Master_H7.elf.dir/Middlewares/ST/STM32_USB_Device_Library/Class/CDC/Src/usbd_cdc.c.obj
 .ARM.attributes
                0x000004b7       0x34 CMakeFiles/Master_H7.elf.dir/Middlewares/ST/STM32_USB_Device_Library/Core/Src/usbd_core.c.obj
 .ARM.attributes
                0x000004eb       0x34 CMakeFiles/Master_H7.elf.dir/Middlewares/ST/STM32_USB_Device_Library/Core/Src/usbd_ctlreq.c.obj
 .ARM.attributes
                0x0000051f       0x34 CMakeFiles/Master_H7.elf.dir/Middlewares/ST/STM32_USB_Device_Library/Core/Src/usbd_ioreq.c.obj
 .ARM.attributes
                0x00000553       0x34 CMakeFiles/Master_H7.elf.dir/USB_DEVICE/App/usb_device.c.obj
 .ARM.attributes
                0x00000587       0x34 CMakeFiles/Master_H7.elf.dir/USB_DEVICE/App/usbd_cdc_if.c.obj
 .ARM.attributes
                0x000005bb       0x34 CMakeFiles/Master_H7.elf.dir/USB_DEVICE/App/usbd_desc.c.obj
 .ARM.attributes
                0x000005ef       0x34 CMakeFiles/Master_H7.elf.dir/USB_DEVICE/Target/usbd_conf.c.obj
 .ARM.attributes
                0x00000623       0x34 CMakeFiles/Master_H7.elf.dir/UserApp/slowStart.c.obj
 .ARM.attributes
                0x00000657       0x1e d:/gcc-ar~1.10/102021~1.10/bin/../lib/gcc/arm-none-eabi/10.3.1/thumb/v7e-m+fp/hard\libgcc.a(_aeabi_uldivmod.o)
 .ARM.attributes
                0x00000675       0x34 d:/gcc-ar~1.10/102021~1.10/bin/../lib/gcc/arm-none-eabi/10.3.1/thumb/v7e-m+fp/hard\libgcc.a(_udivmoddi4.o)
 .ARM.attributes
                0x000006a9       0x1e d:/gcc-ar~1.10/102021~1.10/bin/../lib/gcc/arm-none-eabi/10.3.1/thumb/v7e-m+fp/hard\libgcc.a(_dvmd_tls.o)
 .ARM.attributes
                0x000006c7       0x34 d:/gcc-ar~1.10/102021~1.10/bin/../lib/gcc/arm-none-eabi/10.3.1/../../../../arm-none-eabi/lib/thumb/v7e-m+fp/hard\libg.a(lib_a-impure.o)
 .ARM.attributes
                0x000006fb       0x34 d:/gcc-ar~1.10/102021~1.10/bin/../lib/gcc/arm-none-eabi/10.3.1/../../../../arm-none-eabi/lib/thumb/v7e-m+fp/hard\libg.a(lib_a-init.o)
 .ARM.attributes
                0x0000072f       0x1c d:/gcc-ar~1.10/102021~1.10/bin/../lib/gcc/arm-none-eabi/10.3.1/../../../../arm-none-eabi/lib/thumb/v7e-m+fp/hard\libg.a(lib_a-memcpy.o)
 .ARM.attributes
                0x0000074b       0x34 d:/gcc-ar~1.10/102021~1.10/bin/../lib/gcc/arm-none-eabi/10.3.1/../../../../arm-none-eabi/lib/thumb/v7e-m+fp/hard\libg.a(lib_a-memset.o)
 .ARM.attributes
                0x0000077f       0x34 d:/gcc-ar~1.10/102021~1.10/bin/../lib/gcc/arm-none-eabi/10.3.1/../../../../arm-none-eabi/lib/thumb/v7e-m+fp/hard\libg.a(lib_a-__call_atexit.o)
 .ARM.attributes
                0x000007b3       0x34 d:/gcc-ar~1.10/102021~1.10/bin/../lib/gcc/arm-none-eabi/10.3.1/../../../../arm-none-eabi/lib/thumb/v7e-m+fp/hard\libg.a(lib_a-atexit.o)
 .ARM.attributes
                0x000007e7       0x34 d:/gcc-ar~1.10/102021~1.10/bin/../lib/gcc/arm-none-eabi/10.3.1/../../../../arm-none-eabi/lib/thumb/v7e-m+fp/hard\libg.a(lib_a-fini.o)
 .ARM.attributes
                0x0000081b       0x34 d:/gcc-ar~1.10/102021~1.10/bin/../lib/gcc/arm-none-eabi/10.3.1/../../../../arm-none-eabi/lib/thumb/v7e-m+fp/hard\libg.a(lib_a-lock.o)
 .ARM.attributes
                0x0000084f       0x34 d:/gcc-ar~1.10/102021~1.10/bin/../lib/gcc/arm-none-eabi/10.3.1/../../../../arm-none-eabi/lib/thumb/v7e-m+fp/hard\libg.a(lib_a-__atexit.o)
 .ARM.attributes
                0x00000883       0x1e d:/gcc-ar~1.10/102021~1.10/bin/../lib/gcc/arm-none-eabi/10.3.1/thumb/v7e-m+fp/hard/crtn.o
OUTPUT(Master_H7.elf elf32-littlearm)
LOAD linker stubs
LOAD d:/gcc-ar~1.10/102021~1.10/bin/../lib/gcc/arm-none-eabi/10.3.1/../../../../arm-none-eabi/lib/thumb/v7e-m+fp/hard\libc.a
LOAD d:/gcc-ar~1.10/102021~1.10/bin/../lib/gcc/arm-none-eabi/10.3.1/../../../../arm-none-eabi/lib/thumb/v7e-m+fp/hard\libm.a
LOAD d:/gcc-ar~1.10/102021~1.10/bin/../lib/gcc/arm-none-eabi/10.3.1/thumb/v7e-m+fp/hard\libgcc.a

.debug_info     0x00000000    0x2651e
 .debug_info    0x00000000     0x15d0 CMakeFiles/Master_H7.elf.dir/Core/Src/fdcan.c.obj
 .debug_info    0x000015d0      0x4da CMakeFiles/Master_H7.elf.dir/Core/Src/gpio.c.obj
 .debug_info    0x00001aaa     0x10bd CMakeFiles/Master_H7.elf.dir/Core/Src/main.c.obj
 .debug_info    0x00002b67      0x4a0 CMakeFiles/Master_H7.elf.dir/Core/Src/stm32h7xx_hal_msp.c.obj
 .debug_info    0x00003007      0xec6 CMakeFiles/Master_H7.elf.dir/Core/Src/stm32h7xx_it.c.obj
 .debug_info    0x00003ecd      0xb6e CMakeFiles/Master_H7.elf.dir/Core/Src/system_stm32h7xx.c.obj
 .debug_info    0x00004a3b     0x119c CMakeFiles/Master_H7.elf.dir/Core/Src/usart.c.obj
 .debug_info    0x00005bd7       0x22 CMakeFiles/Master_H7.elf.dir/Core/Startup/startup_stm32h723vgtx.s.obj
 .debug_info    0x00005bf9     0x1020 CMakeFiles/Master_H7.elf.dir/Drivers/BSP/bsp_can.c.obj
 .debug_info    0x00006c19     0x180d CMakeFiles/Master_H7.elf.dir/Drivers/STM32H7xx_HAL_Driver/Src/stm32h7xx_hal.c.obj
 .debug_info    0x00008426     0x142c CMakeFiles/Master_H7.elf.dir/Drivers/STM32H7xx_HAL_Driver/Src/stm32h7xx_hal_cortex.c.obj
 .debug_info    0x00009852     0x34b6 CMakeFiles/Master_H7.elf.dir/Drivers/STM32H7xx_HAL_Driver/Src/stm32h7xx_hal_fdcan.c.obj
 .debug_info    0x0000cd08      0xd75 CMakeFiles/Master_H7.elf.dir/Drivers/STM32H7xx_HAL_Driver/Src/stm32h7xx_hal_gpio.c.obj
 .debug_info    0x0000da7d     0x1b84 CMakeFiles/Master_H7.elf.dir/Drivers/STM32H7xx_HAL_Driver/Src/stm32h7xx_hal_pcd.c.obj
 .debug_info    0x0000f601      0xa79 CMakeFiles/Master_H7.elf.dir/Drivers/STM32H7xx_HAL_Driver/Src/stm32h7xx_hal_pcd_ex.c.obj
 .debug_info    0x0001007a      0xfcc CMakeFiles/Master_H7.elf.dir/Drivers/STM32H7xx_HAL_Driver/Src/stm32h7xx_hal_pwr_ex.c.obj
 .debug_info    0x00011046     0x10f4 CMakeFiles/Master_H7.elf.dir/Drivers/STM32H7xx_HAL_Driver/Src/stm32h7xx_hal_rcc.c.obj
 .debug_info    0x0001213a     0x1a41 CMakeFiles/Master_H7.elf.dir/Drivers/STM32H7xx_HAL_Driver/Src/stm32h7xx_hal_rcc_ex.c.obj
 .debug_info    0x00013b7b     0x674e CMakeFiles/Master_H7.elf.dir/Drivers/STM32H7xx_HAL_Driver/Src/stm32h7xx_hal_uart.c.obj
 .debug_info    0x0001a2c9     0x1256 CMakeFiles/Master_H7.elf.dir/Drivers/STM32H7xx_HAL_Driver/Src/stm32h7xx_hal_uart_ex.c.obj
 .debug_info    0x0001b51f     0x20d3 CMakeFiles/Master_H7.elf.dir/Drivers/STM32H7xx_HAL_Driver/Src/stm32h7xx_ll_usb.c.obj
 .debug_info    0x0001d5f2     0x177e CMakeFiles/Master_H7.elf.dir/Middlewares/ST/STM32_USB_Device_Library/Class/CDC/Src/usbd_cdc.c.obj
 .debug_info    0x0001ed70     0x1231 CMakeFiles/Master_H7.elf.dir/Middlewares/ST/STM32_USB_Device_Library/Core/Src/usbd_core.c.obj
 .debug_info    0x0001ffa1     0x13e5 CMakeFiles/Master_H7.elf.dir/Middlewares/ST/STM32_USB_Device_Library/Core/Src/usbd_ctlreq.c.obj
 .debug_info    0x00021386      0x8d8 CMakeFiles/Master_H7.elf.dir/Middlewares/ST/STM32_USB_Device_Library/Core/Src/usbd_ioreq.c.obj
 .debug_info    0x00021c5e      0x7c3 CMakeFiles/Master_H7.elf.dir/USB_DEVICE/App/usb_device.c.obj
 .debug_info    0x00022421      0x9f4 CMakeFiles/Master_H7.elf.dir/USB_DEVICE/App/usbd_cdc_if.c.obj
 .debug_info    0x00022e15      0x604 CMakeFiles/Master_H7.elf.dir/USB_DEVICE/App/usbd_desc.c.obj
 .debug_info    0x00023419     0x26e8 CMakeFiles/Master_H7.elf.dir/USB_DEVICE/Target/usbd_conf.c.obj
 .debug_info    0x00025b01      0xa1d CMakeFiles/Master_H7.elf.dir/UserApp/slowStart.c.obj

.debug_abbrev   0x00000000     0x422a
 .debug_abbrev  0x00000000      0x1e5 CMakeFiles/Master_H7.elf.dir/Core/Src/fdcan.c.obj
 .debug_abbrev  0x000001e5       0xe2 CMakeFiles/Master_H7.elf.dir/Core/Src/gpio.c.obj
 .debug_abbrev  0x000002c7      0x1fe CMakeFiles/Master_H7.elf.dir/Core/Src/main.c.obj
 .debug_abbrev  0x000004c5       0xd7 CMakeFiles/Master_H7.elf.dir/Core/Src/stm32h7xx_hal_msp.c.obj
 .debug_abbrev  0x0000059c      0x196 CMakeFiles/Master_H7.elf.dir/Core/Src/stm32h7xx_it.c.obj
 .debug_abbrev  0x00000732      0x139 CMakeFiles/Master_H7.elf.dir/Core/Src/system_stm32h7xx.c.obj
 .debug_abbrev  0x0000086b      0x20b CMakeFiles/Master_H7.elf.dir/Core/Src/usart.c.obj
 .debug_abbrev  0x00000a76       0x12 CMakeFiles/Master_H7.elf.dir/Core/Startup/startup_stm32h723vgtx.s.obj
 .debug_abbrev  0x00000a88      0x224 CMakeFiles/Master_H7.elf.dir/Drivers/BSP/bsp_can.c.obj
 .debug_abbrev  0x00000cac      0x26d CMakeFiles/Master_H7.elf.dir/Drivers/STM32H7xx_HAL_Driver/Src/stm32h7xx_hal.c.obj
 .debug_abbrev  0x00000f19      0x37d CMakeFiles/Master_H7.elf.dir/Drivers/STM32H7xx_HAL_Driver/Src/stm32h7xx_hal_cortex.c.obj
 .debug_abbrev  0x00001296      0x2b2 CMakeFiles/Master_H7.elf.dir/Drivers/STM32H7xx_HAL_Driver/Src/stm32h7xx_hal_fdcan.c.obj
 .debug_abbrev  0x00001548      0x239 CMakeFiles/Master_H7.elf.dir/Drivers/STM32H7xx_HAL_Driver/Src/stm32h7xx_hal_gpio.c.obj
 .debug_abbrev  0x00001781      0x2a8 CMakeFiles/Master_H7.elf.dir/Drivers/STM32H7xx_HAL_Driver/Src/stm32h7xx_hal_pcd.c.obj
 .debug_abbrev  0x00001a29      0x26d CMakeFiles/Master_H7.elf.dir/Drivers/STM32H7xx_HAL_Driver/Src/stm32h7xx_hal_pcd_ex.c.obj
 .debug_abbrev  0x00001c96      0x28a CMakeFiles/Master_H7.elf.dir/Drivers/STM32H7xx_HAL_Driver/Src/stm32h7xx_hal_pwr_ex.c.obj
 .debug_abbrev  0x00001f20      0x26e CMakeFiles/Master_H7.elf.dir/Drivers/STM32H7xx_HAL_Driver/Src/stm32h7xx_hal_rcc.c.obj
 .debug_abbrev  0x0000218e      0x278 CMakeFiles/Master_H7.elf.dir/Drivers/STM32H7xx_HAL_Driver/Src/stm32h7xx_hal_rcc_ex.c.obj
 .debug_abbrev  0x00002406      0x337 CMakeFiles/Master_H7.elf.dir/Drivers/STM32H7xx_HAL_Driver/Src/stm32h7xx_hal_uart.c.obj
 .debug_abbrev  0x0000273d      0x2f0 CMakeFiles/Master_H7.elf.dir/Drivers/STM32H7xx_HAL_Driver/Src/stm32h7xx_hal_uart_ex.c.obj
 .debug_abbrev  0x00002a2d      0x2d2 CMakeFiles/Master_H7.elf.dir/Drivers/STM32H7xx_HAL_Driver/Src/stm32h7xx_ll_usb.c.obj
 .debug_abbrev  0x00002cff      0x317 CMakeFiles/Master_H7.elf.dir/Middlewares/ST/STM32_USB_Device_Library/Class/CDC/Src/usbd_cdc.c.obj
 .debug_abbrev  0x00003016      0x2a8 CMakeFiles/Master_H7.elf.dir/Middlewares/ST/STM32_USB_Device_Library/Core/Src/usbd_core.c.obj
 .debug_abbrev  0x000032be      0x32e CMakeFiles/Master_H7.elf.dir/Middlewares/ST/STM32_USB_Device_Library/Core/Src/usbd_ctlreq.c.obj
 .debug_abbrev  0x000035ec      0x184 CMakeFiles/Master_H7.elf.dir/Middlewares/ST/STM32_USB_Device_Library/Core/Src/usbd_ioreq.c.obj
 .debug_abbrev  0x00003770      0x1a9 CMakeFiles/Master_H7.elf.dir/USB_DEVICE/App/usb_device.c.obj
 .debug_abbrev  0x00003919      0x2a2 CMakeFiles/Master_H7.elf.dir/USB_DEVICE/App/usbd_cdc_if.c.obj
 .debug_abbrev  0x00003bbb      0x20d CMakeFiles/Master_H7.elf.dir/USB_DEVICE/App/usbd_desc.c.obj
 .debug_abbrev  0x00003dc8      0x2e3 CMakeFiles/Master_H7.elf.dir/USB_DEVICE/Target/usbd_conf.c.obj
 .debug_abbrev  0x000040ab      0x17f CMakeFiles/Master_H7.elf.dir/UserApp/slowStart.c.obj

.debug_loc      0x00000000    0x15a5d
 .debug_loc     0x00000000       0x9e CMakeFiles/Master_H7.elf.dir/Core/Src/fdcan.c.obj
 .debug_loc     0x0000009e      0x1a0 CMakeFiles/Master_H7.elf.dir/Core/Src/system_stm32h7xx.c.obj
 .debug_loc     0x0000023e       0x64 CMakeFiles/Master_H7.elf.dir/Core/Src/usart.c.obj
 .debug_loc     0x000002a2      0x292 CMakeFiles/Master_H7.elf.dir/Drivers/BSP/bsp_can.c.obj
 .debug_loc     0x00000534      0x3fa CMakeFiles/Master_H7.elf.dir/Drivers/STM32H7xx_HAL_Driver/Src/stm32h7xx_hal.c.obj
 .debug_loc     0x0000092e      0x726 CMakeFiles/Master_H7.elf.dir/Drivers/STM32H7xx_HAL_Driver/Src/stm32h7xx_hal_cortex.c.obj
 .debug_loc     0x00001054     0x3675 CMakeFiles/Master_H7.elf.dir/Drivers/STM32H7xx_HAL_Driver/Src/stm32h7xx_hal_fdcan.c.obj
 .debug_loc     0x000046c9      0x3c6 CMakeFiles/Master_H7.elf.dir/Drivers/STM32H7xx_HAL_Driver/Src/stm32h7xx_hal_gpio.c.obj
 .debug_loc     0x00004a8f     0x1299 CMakeFiles/Master_H7.elf.dir/Drivers/STM32H7xx_HAL_Driver/Src/stm32h7xx_hal_pcd.c.obj
 .debug_loc     0x00005d28      0x236 CMakeFiles/Master_H7.elf.dir/Drivers/STM32H7xx_HAL_Driver/Src/stm32h7xx_hal_pcd_ex.c.obj
 .debug_loc     0x00005f5e      0x423 CMakeFiles/Master_H7.elf.dir/Drivers/STM32H7xx_HAL_Driver/Src/stm32h7xx_hal_pwr_ex.c.obj
 .debug_loc     0x00006381      0x8ce CMakeFiles/Master_H7.elf.dir/Drivers/STM32H7xx_HAL_Driver/Src/stm32h7xx_hal_rcc.c.obj
 .debug_loc     0x00006c4f     0x1b29 CMakeFiles/Master_H7.elf.dir/Drivers/STM32H7xx_HAL_Driver/Src/stm32h7xx_hal_rcc_ex.c.obj
 .debug_loc     0x00008778     0x5de0 CMakeFiles/Master_H7.elf.dir/Drivers/STM32H7xx_HAL_Driver/Src/stm32h7xx_hal_uart.c.obj
 .debug_loc     0x0000e558      0xbc5 CMakeFiles/Master_H7.elf.dir/Drivers/STM32H7xx_HAL_Driver/Src/stm32h7xx_hal_uart_ex.c.obj
 .debug_loc     0x0000f11d     0x242e CMakeFiles/Master_H7.elf.dir/Drivers/STM32H7xx_HAL_Driver/Src/stm32h7xx_ll_usb.c.obj
 .debug_loc     0x0001154b      0xa5b CMakeFiles/Master_H7.elf.dir/Middlewares/ST/STM32_USB_Device_Library/Class/CDC/Src/usbd_cdc.c.obj
 .debug_loc     0x00011fa6      0xdd6 CMakeFiles/Master_H7.elf.dir/Middlewares/ST/STM32_USB_Device_Library/Core/Src/usbd_core.c.obj
 .debug_loc     0x00012d7c     0x1877 CMakeFiles/Master_H7.elf.dir/Middlewares/ST/STM32_USB_Device_Library/Core/Src/usbd_ctlreq.c.obj
 .debug_loc     0x000145f3      0x2b8 CMakeFiles/Master_H7.elf.dir/Middlewares/ST/STM32_USB_Device_Library/Core/Src/usbd_ioreq.c.obj
 .debug_loc     0x000148ab      0x15c CMakeFiles/Master_H7.elf.dir/USB_DEVICE/App/usbd_cdc_if.c.obj
 .debug_loc     0x00014a07      0x38f CMakeFiles/Master_H7.elf.dir/USB_DEVICE/App/usbd_desc.c.obj
 .debug_loc     0x00014d96      0xb83 CMakeFiles/Master_H7.elf.dir/USB_DEVICE/Target/usbd_conf.c.obj
 .debug_loc     0x00015919      0x144 CMakeFiles/Master_H7.elf.dir/UserApp/slowStart.c.obj

.debug_aranges  0x00000000     0x1560
 .debug_aranges
                0x00000000       0x30 CMakeFiles/Master_H7.elf.dir/Core/Src/fdcan.c.obj
 .debug_aranges
                0x00000030       0x20 CMakeFiles/Master_H7.elf.dir/Core/Src/gpio.c.obj
 .debug_aranges
                0x00000050       0x30 CMakeFiles/Master_H7.elf.dir/Core/Src/main.c.obj
 .debug_aranges
                0x00000080       0x20 CMakeFiles/Master_H7.elf.dir/Core/Src/stm32h7xx_hal_msp.c.obj
 .debug_aranges
                0x000000a0       0x70 CMakeFiles/Master_H7.elf.dir/Core/Src/stm32h7xx_it.c.obj
 .debug_aranges
                0x00000110       0x28 CMakeFiles/Master_H7.elf.dir/Core/Src/system_stm32h7xx.c.obj
 .debug_aranges
                0x00000138       0x30 CMakeFiles/Master_H7.elf.dir/Core/Src/usart.c.obj
 .debug_aranges
                0x00000168       0x28 CMakeFiles/Master_H7.elf.dir/Core/Startup/startup_stm32h723vgtx.s.obj
 .debug_aranges
                0x00000190       0x78 CMakeFiles/Master_H7.elf.dir/Drivers/BSP/bsp_can.c.obj
 .debug_aranges
                0x00000208      0x1c8 CMakeFiles/Master_H7.elf.dir/Drivers/STM32H7xx_HAL_Driver/Src/stm32h7xx_hal.c.obj
 .debug_aranges
                0x000003d0       0xc0 CMakeFiles/Master_H7.elf.dir/Drivers/STM32H7xx_HAL_Driver/Src/stm32h7xx_hal_cortex.c.obj
 .debug_aranges
                0x00000490      0x338 CMakeFiles/Master_H7.elf.dir/Drivers/STM32H7xx_HAL_Driver/Src/stm32h7xx_hal_fdcan.c.obj
 .debug_aranges
                0x000007c8       0x58 CMakeFiles/Master_H7.elf.dir/Drivers/STM32H7xx_HAL_Driver/Src/stm32h7xx_hal_gpio.c.obj
 .debug_aranges
                0x00000820      0x140 CMakeFiles/Master_H7.elf.dir/Drivers/STM32H7xx_HAL_Driver/Src/stm32h7xx_hal_pcd.c.obj
 .debug_aranges
                0x00000960       0x60 CMakeFiles/Master_H7.elf.dir/Drivers/STM32H7xx_HAL_Driver/Src/stm32h7xx_hal_pcd_ex.c.obj
 .debug_aranges
                0x000009c0      0x148 CMakeFiles/Master_H7.elf.dir/Drivers/STM32H7xx_HAL_Driver/Src/stm32h7xx_hal_pwr_ex.c.obj
 .debug_aranges
                0x00000b08       0x88 CMakeFiles/Master_H7.elf.dir/Drivers/STM32H7xx_HAL_Driver/Src/stm32h7xx_hal_rcc.c.obj
 .debug_aranges
                0x00000b90       0xf8 CMakeFiles/Master_H7.elf.dir/Drivers/STM32H7xx_HAL_Driver/Src/stm32h7xx_hal_rcc_ex.c.obj
 .debug_aranges