Archive member included to satisfy reference by file (symbol)

d:/gcc-ar~1.10/102021~1.10/bin/../lib/gcc/arm-none-eabi/10.3.1/../../../../arm-none-eabi/lib/thumb/v7-m/nofp\libg.a(lib_a-errno.o)
                              CMakeFiles/.SlowStart_final.elf.dir/Core/Src/syscalls.c.obj (__errno)
d:/gcc-ar~1.10/102021~1.10/bin/../lib/gcc/arm-none-eabi/10.3.1/../../../../arm-none-eabi/lib/thumb/v7-m/nofp\libg.a(lib_a-exit.o)
                              d:/gcc-ar~1.10/102021~1.10/bin/../lib/gcc/arm-none-eabi/10.3.1/../../../../arm-none-eabi/lib/thumb/v7-m/nofp/crt0.o (exit)
d:/gcc-ar~1.10/102021~1.10/bin/../lib/gcc/arm-none-eabi/10.3.1/../../../../arm-none-eabi/lib/thumb/v7-m/nofp\libg.a(lib_a-impure.o)
                              d:/gcc-ar~1.10/102021~1.10/bin/../lib/gcc/arm-none-eabi/10.3.1/../../../../arm-none-eabi/lib/thumb/v7-m/nofp\libg.a(lib_a-exit.o) (_global_impure_ptr)
d:/gcc-ar~1.10/102021~1.10/bin/../lib/gcc/arm-none-eabi/10.3.1/../../../../arm-none-eabi/lib/thumb/v7-m/nofp\libg.a(lib_a-init.o)
                              d:/gcc-ar~1.10/102021~1.10/bin/../lib/gcc/arm-none-eabi/10.3.1/../../../../arm-none-eabi/lib/thumb/v7-m/nofp/crt0.o (__libc_init_array)
d:/gcc-ar~1.10/102021~1.10/bin/../lib/gcc/arm-none-eabi/10.3.1/../../../../arm-none-eabi/lib/thumb/v7-m/nofp\libg.a(lib_a-memset.o)
                              d:/gcc-ar~1.10/102021~1.10/bin/../lib/gcc/arm-none-eabi/10.3.1/../../../../arm-none-eabi/lib/thumb/v7-m/nofp/crt0.o (memset)
d:/gcc-ar~1.10/102021~1.10/bin/../lib/gcc/arm-none-eabi/10.3.1/../../../../arm-none-eabi/lib/thumb/v7-m/nofp\libg.a(lib_a-__call_atexit.o)
                              d:/gcc-ar~1.10/102021~1.10/bin/../lib/gcc/arm-none-eabi/10.3.1/../../../../arm-none-eabi/lib/thumb/v7-m/nofp\libg.a(lib_a-exit.o) (__call_exitprocs)
d:/gcc-ar~1.10/102021~1.10/bin/../lib/gcc/arm-none-eabi/10.3.1/../../../../arm-none-eabi/lib/thumb/v7-m/nofp\libg.a(lib_a-atexit.o)
                              d:/gcc-ar~1.10/102021~1.10/bin/../lib/gcc/arm-none-eabi/10.3.1/../../../../arm-none-eabi/lib/thumb/v7-m/nofp\libg.a(lib_a-__call_atexit.o) (atexit)
d:/gcc-ar~1.10/102021~1.10/bin/../lib/gcc/arm-none-eabi/10.3.1/../../../../arm-none-eabi/lib/thumb/v7-m/nofp\libg.a(lib_a-fini.o)
                              d:/gcc-ar~1.10/102021~1.10/bin/../lib/gcc/arm-none-eabi/10.3.1/../../../../arm-none-eabi/lib/thumb/v7-m/nofp\libg.a(lib_a-__call_atexit.o) (__libc_fini_array)
d:/gcc-ar~1.10/102021~1.10/bin/../lib/gcc/arm-none-eabi/10.3.1/../../../../arm-none-eabi/lib/thumb/v7-m/nofp\libg.a(lib_a-lock.o)
                              d:/gcc-ar~1.10/102021~1.10/bin/../lib/gcc/arm-none-eabi/10.3.1/../../../../arm-none-eabi/lib/thumb/v7-m/nofp\libg.a(lib_a-__call_atexit.o) (__retarget_lock_acquire_recursive)
d:/gcc-ar~1.10/102021~1.10/bin/../lib/gcc/arm-none-eabi/10.3.1/../../../../arm-none-eabi/lib/thumb/v7-m/nofp\libg.a(lib_a-__atexit.o)
                              d:/gcc-ar~1.10/102021~1.10/bin/../lib/gcc/arm-none-eabi/10.3.1/../../../../arm-none-eabi/lib/thumb/v7-m/nofp\libg.a(lib_a-atexit.o) (__register_exitproc)

Discarded input sections

 .text          0x00000000        0x0 d:/gcc-ar~1.10/102021~1.10/bin/../lib/gcc/arm-none-eabi/10.3.1/thumb/v7-m/nofp/crti.o
 .data          0x00000000        0x0 d:/gcc-ar~1.10/102021~1.10/bin/../lib/gcc/arm-none-eabi/10.3.1/thumb/v7-m/nofp/crti.o
 .bss           0x00000000        0x0 d:/gcc-ar~1.10/102021~1.10/bin/../lib/gcc/arm-none-eabi/10.3.1/thumb/v7-m/nofp/crti.o
 .data          0x00000000        0x4 d:/gcc-ar~1.10/102021~1.10/bin/../lib/gcc/arm-none-eabi/10.3.1/thumb/v7-m/nofp/crtbegin.o
 .rodata        0x00000000       0x24 d:/gcc-ar~1.10/102021~1.10/bin/../lib/gcc/arm-none-eabi/10.3.1/thumb/v7-m/nofp/crtbegin.o
 .text          0x00000000       0x7c d:/gcc-ar~1.10/102021~1.10/bin/../lib/gcc/arm-none-eabi/10.3.1/../../../../arm-none-eabi/lib/thumb/v7-m/nofp/crt0.o
 .data          0x00000000        0x0 d:/gcc-ar~1.10/102021~1.10/bin/../lib/gcc/arm-none-eabi/10.3.1/../../../../arm-none-eabi/lib/thumb/v7-m/nofp/crt0.o
 .bss           0x00000000        0x0 d:/gcc-ar~1.10/102021~1.10/bin/../lib/gcc/arm-none-eabi/10.3.1/../../../../arm-none-eabi/lib/thumb/v7-m/nofp/crt0.o
 .ARM.extab     0x00000000        0x0 d:/gcc-ar~1.10/102021~1.10/bin/../lib/gcc/arm-none-eabi/10.3.1/../../../../arm-none-eabi/lib/thumb/v7-m/nofp/crt0.o
 .ARM.exidx     0x00000000       0x10 d:/gcc-ar~1.10/102021~1.10/bin/../lib/gcc/arm-none-eabi/10.3.1/../../../../arm-none-eabi/lib/thumb/v7-m/nofp/crt0.o
 .ARM.attributes
                0x00000000       0x1b d:/gcc-ar~1.10/102021~1.10/bin/../lib/gcc/arm-none-eabi/10.3.1/../../../../arm-none-eabi/lib/thumb/v7-m/nofp/crt0.o
 .text          0x00000000        0x0 CMakeFiles/.SlowStart_final.elf.dir/Core/Src/can.c.obj
 .data          0x00000000        0x0 CMakeFiles/.SlowStart_final.elf.dir/Core/Src/can.c.obj
 .bss           0x00000000        0x0 CMakeFiles/.SlowStart_final.elf.dir/Core/Src/can.c.obj
 .text.HAL_CAN_MspDeInit
[...]
Memory Configuration

Name             Origin             Length             Attributes
RAM              0x20000000         0x00002800         xrw
FLASH            0x08000000         0x00008000         xr
*default*        0x00000000         0xffffffff

Linker script and memory map

LOAD d:/gcc-ar~1.10/102021~1.10/bin/../lib/gcc/arm-none-eabi/10.3.1/thumb/v7-m/nofp/crti.o
LOAD d:/gcc-ar~1.10/102021~1.10/bin/../lib/gcc/arm-none-eabi/10.3.1/thumb/v7-m/nofp/crtbegin.o
LOAD d:/gcc-ar~1.10/102021~1.10/bin/../lib/gcc/arm-none-eabi/10.3.1/../../../../arm-none-eabi/lib/thumb/v7-m/nofp/crt0.o
LOAD CMakeFiles/.SlowStart_final.elf.dir/Core/Src/can.c.obj
LOAD CMakeFiles/.SlowStart_final.elf.dir/Core/Src/gpio.c.obj
LOAD CMakeFiles/.SlowStart_final.elf.dir/Core/Src/main.c.obj
LOAD CMakeFiles/.SlowStart_final.elf.dir/Core/Src/stm32f1xx_hal_msp.c.obj
LOAD CMakeFiles/.SlowStart_final.elf.dir/Core/Src/stm32f1xx_it.c.obj
LOAD CMakeFiles/.SlowStart_final.elf.dir/Core/Src/syscalls.c.obj
LOAD CMakeFiles/.SlowStart_final.elf.dir/Core/Src/sysmem.c.obj
LOAD CMakeFiles/.SlowStart_final.elf.dir/Core/Src/system_stm32f1xx.c.obj
LOAD CMakeFiles/.SlowStart_final.elf.dir/Core/Src/tim.c.obj
LOAD CMakeFiles/.SlowStart_final.elf.dir/Core/Startup/startup_stm32f103c6tx.s.obj
LOAD CMakeFiles/.SlowStart_final.elf.dir/Drivers/BSP/bsp_retarget.c.obj
LOAD CMakeFiles/.SlowStart_final.elf.dir/Drivers/BSP/slowStart.c.obj
LOAD CMakeFiles/.SlowStart_final.elf.dir/Drivers/STM32F1xx_HAL_Driver/Src/stm32f1xx_hal.c.obj
LOAD CMakeFiles/.SlowStart_final.elf.dir/Drivers/STM32F1xx_HAL_Driver/Src/stm32f1xx_hal_can.c.obj
LOAD CMakeFiles/.SlowStart_final.elf.dir/Drivers/STM32F1xx_HAL_Driver/Src/stm32f1xx_hal_cortex.c.obj
LOAD CMakeFiles/.SlowStart_final.elf.dir/Drivers/STM32F1xx_HAL_Driver/Src/stm32f1xx_hal_dma.c.obj
LOAD CMakeFiles/.SlowStart_final.elf.dir/Drivers/STM32F1xx_HAL_Driver/Src/stm32f1xx_hal_exti.c.obj
LOAD CMakeFiles/.SlowStart_final.elf.dir/Drivers/STM32F1xx_HAL_Driver/Src/stm32f1xx_hal_flash.c.obj
LOAD CMakeFiles/.SlowStart_final.elf.dir/Drivers/STM32F1xx_HAL_Driver/Src/stm32f1xx_hal_flash_ex.c.obj
LOAD CMakeFiles/.SlowStart_final.elf.dir/Drivers/STM32F1xx_HAL_Driver/Src/stm32f1xx_hal_gpio.c.obj
LOAD CMakeFiles/.SlowStart_final.elf.dir/Drivers/STM32F1xx_HAL_Driver/Src/stm32f1xx_hal_gpio_ex.c.obj
LOAD CMakeFiles/.SlowStart_final.elf.dir/Drivers/STM32F1xx_HAL_Driver/Src/stm32f1xx_hal_pwr.c.obj
LOAD CMakeFiles/.SlowStart_final.elf.dir/Drivers/STM32F1xx_HAL_Driver/Src/stm32f1xx_hal_rcc.c.obj
LOAD CMakeFiles/.SlowStart_final.elf.dir/Drivers/STM32F1xx_HAL_Driver/Src/stm32f1xx_hal_rcc_ex.c.obj
LOAD CMakeFiles/.SlowStart_final.elf.dir/Drivers/STM32F1xx_HAL_Driver/Src/stm32f1xx_hal_tim.c.obj
LOAD CMakeFiles/.SlowStart_final.elf.dir/Drivers/STM32F1xx_HAL_Driver/Src/stm32f1xx_hal_tim_ex.c.obj
START GROUP
LOAD d:/gcc-ar~1.10/102021~1.10/bin/../lib/gcc/arm-none-eabi/10.3.1/thumb/v7-m/nofp\libgcc.a
LOAD d:/gcc-ar~1.10/102021~1.10/bin/../lib/gcc/arm-none-eabi/10.3.1/../../../../arm-none-eabi/lib/thumb/v7-m/nofp\libg.a
LOAD d:/gcc-ar~1.10/102021~1.10/bin/../lib/gcc/arm-none-eabi/10.3.1/../../../../arm-none-eabi/lib/thumb/v7-m/nofp\libc.a
END GROUP
LOAD d:/gcc-ar~1.10/102021~1.10/bin/../lib/gcc/arm-none-eabi/10.3.1/thumb/v7-m/nofp/crtend.o
LOAD d:/gcc-ar~1.10/102021~1.10/bin/../lib/gcc/arm-none-eabi/10.3.1/thumb/v7-m/nofp/crtn.o
                0x20002800                _estack = (ORIGIN (RAM) + LENGTH (RAM))
                0x00000200                _Min_Heap_Size = 0x200
                0x00000400                _Min_Stack_Size = 0x400

.isr_vector     0x08000000      0x10c
                0x08000000                . = ALIGN (0x4)
 *(.isr_vector)
 .isr_vector    0x08000000      0x10c CMakeFiles/.SlowStart_final.elf.dir/Core/Startup/startup_stm32f103c6tx.s.obj
                0x08000000                g_pfnVectors
                0x0800010c                . = ALIGN (0x4)

.text           0x0800010c     0x25c0
                0x0800010c                . = ALIGN (0x4)
 *(.text)
 .text          0x0800010c       0x40 d:/gcc-ar~1.10/102021~1.10/bin/../lib/gcc/arm-none-eabi/10.3.1/thumb/v7-m/nofp/crtbegin.o
 *(.text*)
 .text.MX_CAN_Init
                0x0800014c       0x38 CMakeFiles/.SlowStart_final.elf.dir/Core/Src/can.c.obj
                0x0800014c                MX_CAN_Init
 .text.HAL_CAN_MspInit
                0x08000184       0x94 CMakeFiles/.SlowStart_final.elf.dir/Core/Src/can.c.obj
                0x08000184                HAL_CAN_MspInit
 .text.CAN1_Filter_Init
                0x08000218       0x3c CMakeFiles/.SlowStart_final.elf.dir/Core/Src/can.c.obj
                0x08000218                CAN1_Filter_Init
 .text.CAN_Send_Msg
                0x08000254       0x54 CMakeFiles/.SlowStart_final.elf.dir/Core/Src/can.c.obj
                0x08000254                CAN_Send_Msg
 .text.HAL_CAN_RxFifo0MsgPendingCallback
                0x080002a8       0x64 CMakeFiles/.SlowStart_final.elf.dir/Core/Src/can.c.obj
                0x080002a8                HAL_CAN_RxFifo0MsgPendingCallback
 .text.MX_GPIO_Init
                0x0800030c       0xb4 CMakeFiles/.SlowStart_final.elf.dir/Core/Src/gpio.c.obj
                0x0800030c                MX_GPIO_Init
 .text.SystemClock_Config
                0x080003c0       0x60 CMakeFiles/.SlowStart_final.elf.dir/Core/Src/main.c.obj
                0x080003c0                SystemClock_Config
 .text.startup.main
                0x08000420       0xe8 CMakeFiles/.SlowStart_final.elf.dir/Core/Src/main.c.obj
                0x08000420                main
 .text.Error_Handler
                0x08000508        0x4 CMakeFiles/.SlowStart_final.elf.dir/Core/Src/main.c.obj
                0x08000508                Error_Handler
 .text.HAL_MspInit
                0x0800050c       0x44 CMakeFiles/.SlowStart_final.elf.dir/Core/Src/stm32f1xx_hal_msp.c.obj
                0x0800050c                HAL_MspInit
 .text.NMI_Handler
                0x08000550        0x4 CMakeFiles/.SlowStart_final.elf.dir/Core/Src/stm32f1xx_it.c.obj
                0x08000550                NMI_Handler
 .text.HardFault_Handler
                0x08000554        0x4 CMakeFiles/.SlowStart_final.elf.dir/Core/Src/stm32f1xx_it.c.obj
                0x08000554                HardFault_Handler
 .text.MemManage_Handler
                0x08000558        0x4 CMakeFiles/.SlowStart_final.elf.dir/Core/Src/stm32f1xx_it.c.obj
                0x08000558                MemManage_Handler
 .text.BusFault_Handler
                0x0800055c        0x4 CMakeFiles/.SlowStart_final.elf.dir/Core/Src/stm32f1xx_it.c.obj
                0x0800055c                BusFault_Handler
 .text.UsageFault_Handler
                0x08000560        0x4 CMakeFiles/.SlowStart_final.elf.dir/Core/Src/stm32f1xx_it.c.obj
                0x08000560                UsageFault_Handler
 .text.SVC_Handler
                0x08000564        0x4 CMakeFiles/.SlowStart_final.elf.dir/Core/Src/stm32f1xx_it.c.obj
                0x08000564                SVC_Handler
 .text.DebugMon_Handler
                0x08000568        0x4 CMakeFiles/.SlowStart_final.elf.dir/Core/Src/stm32f1xx_it.c.obj
                0x08000568                DebugMon_Handler
 .text.PendSV_Handler
                0x0800056c        0x4 CMakeFiles/.SlowStart_final.elf.dir/Core/Src/stm32f1xx_it.c.obj
                0x0800056c                PendSV_Handler
 .text.SysTick_Handler
                0x08000570        0x4 CMakeFiles/.SlowStart_final.elf.dir/Core/Src/stm32f1xx_it.c.obj
                0x08000570                SysTick_Handler
 .text.USB_LP_CAN1_RX0_IRQHandler
                0x08000574        0xc CMakeFiles/.SlowStart_final.elf.dir/Core/Src/stm32f1xx_it.c.obj
                0x08000574                USB_LP_CAN1_RX0_IRQHandler
 .text.CAN1_RX1_IRQHandler
                0x08000580        0xc CMakeFiles/.SlowStart_final.elf.dir/Core/Src/stm32f1xx_it.c.obj
                0x08000580                CAN1_RX1_IRQHandler
 .text.TIM1_UP_IRQHandler
                0x0800058c        0xc CMakeFiles/.SlowStart_final.elf.dir/Core/Src/stm32f1xx_it.c.obj
                0x0800058c                TIM1_UP_IRQHandler
 .text.TIM2_IRQHandler
                0x08000598        0xc CMakeFiles/.SlowStart_final.elf.dir/Core/Src/stm32f1xx_it.c.obj
                0x08000598                TIM2_IRQHandler
 .text.TIM3_IRQHandler
                0x080005a4        0xc CMakeFiles/.SlowStart_final.elf.dir/Core/Src/stm32f1xx_it.c.obj
                0x080005a4                TIM3_IRQHandler
 .text.SystemInit
                0x080005b0        0x4 CMakeFiles/.SlowStart_final.elf.dir/Core/Src/system_stm32f1xx.c.obj
                0x080005b0                SystemInit
 .text.MX_TIM2_Init
                0x080005b4       0x70 CMakeFiles/.SlowStart_final.elf.dir/Core/Src/tim.c.obj
                0x080005b4                MX_TIM2_Init
 .text.MX_TIM3_Init
                0x08000624       0x70 CMakeFiles/.SlowStart_final.elf.dir/Core/Src/tim.c.obj
                0x08000624                MX_TIM3_Init
 .text.HAL_TIM_Base_MspInit
                0x08000694       0xac CMakeFiles/.SlowStart_final.elf.dir/Core/Src/tim.c.obj
                0x08000694                HAL_TIM_Base_MspInit
 .text.HAL_TIM_MspPostInit
                0x08000740       0x54 CMakeFiles/.SlowStart_final.elf.dir/Core/Src/tim.c.obj
                0x08000740                HAL_TIM_MspPostInit
 .text.MX_TIM1_Init
                0x08000794       0xf4 CMakeFiles/.SlowStart_final.elf.dir/Core/Src/tim.c.obj
                0x08000794                MX_TIM1_Init
 .text.Reset_Handler
                0x08000888       0x48 CMakeFiles/.SlowStart_final.elf.dir/Core/Startup/startup_stm32f103c6tx.s.obj
                0x08000888                Reset_Handler
 .text.Default_Handler
                0x080008d0        0x2 CMakeFiles/.SlowStart_final.elf.dir/Core/Startup/startup_stm32f103c6tx.s.obj
                0x080008d0                RTC_Alarm_IRQHandler
                0x080008d0                EXTI2_IRQHandler
                0x080008d0                TIM1_CC_IRQHandler
                0x080008d0                PVD_IRQHandler
                0x080008d0                EXTI3_IRQHandler
                0x080008d0                EXTI0_IRQHandler
                0x080008d0                ADC1_2_IRQHandler
                0x080008d0                SPI1_IRQHandler
                0x080008d0                TAMPER_IRQHandler
                0x080008d0                DMA1_Channel4_IRQHandler
                0x080008d0                RTC_IRQHandler
                0x080008d0                DMA1_Channel7_IRQHandler
                0x080008d0                I2C1_EV_IRQHandler
                0x080008d0                DMA1_Channel6_IRQHandler
                0x080008d0                RCC_IRQHandler
                0x080008d0                TIM1_TRG_COM_IRQHandler
                0x080008d0                DMA1_Channel1_IRQHandler
                0x080008d0                Default_Handler
                0x080008d0                EXTI15_10_IRQHandler
                0x080008d0                EXTI9_5_IRQHandler
                0x080008d0                DMA1_Channel5_IRQHandler
                0x080008d0                EXTI4_IRQHandler
                0x080008d0                USB_HP_CAN1_TX_IRQHandler
                0x080008d0                DMA1_Channel3_IRQHandler
                0x080008d0                WWDG_IRQHandler
                0x080008d0                TIM1_BRK_IRQHandler
                0x080008d0                EXTI1_IRQHandler
                0x080008d0                USART2_IRQHandler
                0x080008d0                DMA1_Channel2_IRQHandler
                0x080008d0                CAN1_SCE_IRQHandler
                0x080008d0                FLASH_IRQHandler
                0x080008d0                USART1_IRQHandler
                0x080008d0                I2C1_ER_IRQHandler
                0x080008d0                USBWakeUp_IRQHandler
 *fill*         0x080008d2        0x2 
 .text.function_ss_open_close_action
                0x080008d4       0x80 CMakeFiles/.SlowStart_final.elf.dir/Drivers/BSP/slowStart.c.obj
 .text.ss_can_cb
                0x08000954      0x11c CMakeFiles/.SlowStart_final.elf.dir/Drivers/BSP/slowStart.c.obj
                0x08000954                ss_can_cb
 .text.HAL_TIM_PeriodElapsedCallback
                0x08000a70      0x250 CMakeFiles/.SlowStart_final.elf.dir/Drivers/BSP/slowStart.c.obj
                0x08000a70                HAL_TIM_PeriodElapsedCallback
 .text.HAL_InitTick
                0x08000cc0       0x48 CMakeFiles/.SlowStart_final.elf.dir/Drivers/STM32F1xx_HAL_Driver/Src/stm32f1xx_hal.c.obj
                0x08000cc0                HAL_InitTick
 .text.HAL_Init
                0x08000d08       0x24 CMakeFiles/.SlowStart_final.elf.dir/Drivers/STM32F1xx_HAL_Driver/Src/stm32f1xx_hal.c.obj
                0x08000d08                HAL_Init
 .text.HAL_IncTick
                0x08000d2c       0x18 CMakeFiles/.SlowStart_final.elf.dir/Drivers/STM32F1xx_HAL_Driver/Src/stm32f1xx_hal.c.obj
                0x08000d2c                HAL_IncTick
 .text.HAL_GetTick
                0x08000d44        0xc CMakeFiles/.SlowStart_final.elf.dir/Drivers/STM32F1xx_HAL_Driver/Src/stm32f1xx_hal.c.obj
                0x08000d44                HAL_GetTick
 .text.HAL_Delay
                0x08000d50       0x24 CMakeFiles/.SlowStart_final.elf.dir/Drivers/STM32F1xx_HAL_Driver/Src/stm32f1xx_hal.c.obj
                0x08000d50                HAL_Delay
 .text.HAL_CAN_Init
                0x08000d74      0x104 CMakeFiles/.SlowStart_final.elf.dir/Drivers/STM32F1xx_HAL_Driver/Src/stm32f1xx_hal_can.c.obj
                0x08000d74                HAL_CAN_Init
 .text.HAL_CAN_ConfigFilter
                0x08000e78       0xfc CMakeFiles/.SlowStart_final.elf.dir/Drivers/STM32F1xx_HAL_Driver/Src/stm32f1xx_hal_can.c.obj
                0x08000e78                HAL_CAN_ConfigFilter
 .text.HAL_CAN_Start
                0x08000f74       0x64 CMakeFiles/.SlowStart_final.elf.dir/Drivers/STM32F1xx_HAL_Driver/Src/stm32f1xx_hal_can.c.obj
                0x08000f74                HAL_CAN_Start
 .text.HAL_CAN_AddTxMessage
                0x08000fd8       0xb0 CMakeFiles/.SlowStart_final.elf.dir/Drivers/STM32F1xx_HAL_Driver/Src/stm32f1xx_hal_can.c.obj
                0x08000fd8                HAL_CAN_AddTxMessage
 .text.HAL_CAN_GetRxMessage
                0x08001088      0x120 CMakeFiles/.SlowStart_final.elf.dir/Drivers/STM32F1xx_HAL_Driver/Src/stm32f1xx_hal_can.c.obj
                0x08001088                HAL_CAN_GetRxMessage
 .text.HAL_CAN_ActivateNotification
                0x080011a8       0x24 CMakeFiles/.SlowStart_final.elf.dir/Drivers/STM32F1xx_HAL_Driver/Src/stm32f1xx_hal_can.c.obj
                0x080011a8                HAL_CAN_ActivateNotification
 .text.HAL_CAN_DeactivateNotification
                0x080011cc       0x28 CMakeFiles/.SlowStart_final.elf.dir/Drivers/STM32F1xx_HAL_Driver/Src/stm32f1xx_hal_can.c.obj
                0x080011cc                HAL_CAN_DeactivateNotification
 .text.HAL_CAN_TxMailbox0CompleteCallback
                0x080011f4        0x4 CMakeFiles/.SlowStart_final.elf.dir/Drivers/STM32F1xx_HAL_Driver/Src/stm32f1xx_hal_can.c.obj
                0x080011f4                HAL_CAN_TxMailbox0CompleteCallback
 .text.HAL_CAN_TxMailbox1CompleteCallback
                0x080011f8        0x4 CMakeFiles/.SlowStart_final.elf.dir/Drivers/STM32F1xx_HAL_Driver/Src/stm32f1xx_hal_can.c.obj
                0x080011f8                HAL_CAN_TxMailbox1CompleteCallback
 .text.HAL_CAN_TxMailbox2CompleteCallback
                0x080011fc        0x4 CMakeFiles/.SlowStart_final.elf.dir/Drivers/STM32F1xx_HAL_Driver/Src/stm32f1xx_hal_can.c.obj
                0x080011fc                HAL_CAN_TxMailbox2CompleteCallback
 .text.HAL_CAN_TxMailbox0AbortCallback
                0x08001200        0x4 CMakeFiles/.SlowStart_final.elf.dir/Drivers/STM32F1xx_HAL_Driver/Src/stm32f1xx_hal_can.c.obj
                0x08001200                HAL_CAN_TxMailbox0AbortCallback
 .text.HAL_CAN_TxMailbox1AbortCallback
                0x08001204        0x4 CMakeFiles/.SlowStart_final.elf.dir/Drivers/STM32F1xx_HAL_Driver/Src/stm32f1xx_hal_can.c.obj
                0x08001204                HAL_CAN_TxMailbox1AbortCallback
 .text.HAL_CAN_TxMailbox2AbortCallback
                0x08001208        0x4 CMakeFiles/.SlowStart_final.elf.dir/Drivers/STM32F1xx_HAL_Driver/Src/stm32f1xx_hal_can.c.obj
                0x08001208                HAL_CAN_TxMailbox2AbortCallback
 .text.HAL_CAN_RxFifo0FullCallback
                0x0800120c        0x4 CMakeFiles/.SlowStart_final.elf.dir/Drivers/STM32F1xx_HAL_Driver/Src/stm32f1xx_hal_can.c.obj
                0x0800120c                HAL_CAN_RxFifo0FullCallback
 .text.HAL_CAN_RxFifo1MsgPendingCallback
                0x08001210        0x4 CMakeFiles/.SlowStart_final.elf.dir/Drivers/STM32F1xx_HAL_Driver/Src/stm32f1xx_hal_can.c.obj
                0x08001210                HAL_CAN_RxFifo1MsgPendingCallback
 .text.HAL_CAN_RxFifo1FullCallback
                0x08001214        0x4 CMakeFiles/.SlowStart_final.elf.dir/Drivers/STM32F1xx_HAL_Driver/Src/stm32f1xx_hal_can.c.obj
                0x08001214                HAL_CAN_RxFifo1FullCallback
 .text.HAL_CAN_SleepCallback
                0x08001218        0x4 CMakeFiles/.SlowStart_final.elf.dir/Drivers/STM32F1xx_HAL_Driver/Src/stm32f1xx_hal_can.c.obj
                0x08001218                HAL_CAN_SleepCallback
 .text.HAL_CAN_WakeUpFromRxMsgCallback
                0x0800121c        0x4 CMakeFiles/.SlowStart_final.elf.dir/Drivers/STM32F1xx_HAL_Driver/Src/stm32f1xx_hal_can.c.obj
                0x0800121c                HAL_CAN_WakeUpFromRxMsgCallback
 .text.HAL_CAN_ErrorCallback
                0x08001220        0x4 CMakeFiles/.SlowStart_final.elf.dir/Drivers/STM32F1xx_HAL_Driver/Src/stm32f1xx_hal_can.c.obj
                0x08001220                HAL_CAN_ErrorCallback
 .text.HAL_CAN_IRQHandler
                0x08001224      0x22c CMakeFiles/.SlowStart_final.elf.dir/Drivers/STM32F1xx_HAL_Driver/Src/stm32f1xx_hal_can.c.obj
                0x08001224                HAL_CAN_IRQHandler
 .text.HAL_NVIC_SetPriorityGrouping
                0x08001450       0x24 CMakeFiles/.SlowStart_final.elf.dir/Drivers/STM32F1xx_HAL_Driver/Src/stm32f1xx_hal_cortex.c.obj
                0x08001450                HAL_NVIC_SetPriorityGrouping
 .text.HAL_NVIC_SetPriority
                0x08001474       0x7c CMakeFiles/.SlowStart_final.elf.dir/Drivers/STM32F1xx_HAL_Driver/Src/stm32f1xx_hal_cortex.c.obj
                0x08001474                HAL_NVIC_SetPriority
 .text.HAL_NVIC_EnableIRQ
                0x080014f0       0x1c CMakeFiles/.SlowStart_final.elf.dir/Drivers/STM32F1xx_HAL_Driver/Src/stm32f1xx_hal_cortex.c.obj
                0x080014f0                HAL_NVIC_EnableIRQ
 .text.HAL_NVIC_DisableIRQ
                0x0800150c       0x28 CMakeFiles/.SlowStart_final.elf.dir/Drivers/STM32F1xx_HAL_Driver/Src/stm32f1xx_hal_cortex.c.obj
                0x0800150c                HAL_NVIC_DisableIRQ
 .text.HAL_SYSTICK_Config
                0x08001534       0x30 CMakeFiles/.SlowStart_final.elf.dir/Drivers/STM32F1xx_HAL_Driver/Src/stm32f1xx_hal_cortex.c.obj
                0x08001534                HAL_SYSTICK_Config
 .text.HAL_GPIO_Init
                0x08001564      0x200 CMakeFiles/.SlowStart_final.elf.dir/Drivers/STM32F1xx_HAL_Driver/Src/stm32f1xx_hal_gpio.c.obj
                0x08001564                HAL_GPIO_Init
 .text.HAL_GPIO_ReadPin
                0x08001764        0xc CMakeFiles/.SlowStart_final.elf.dir/Drivers/STM32F1xx_HAL_Driver/Src/stm32f1xx_hal_gpio.c.obj
                0x08001764                HAL_GPIO_ReadPin
 .text.HAL_GPIO_WritePin
                0x08001770        0x8 CMakeFiles/.SlowStart_final.elf.dir/Drivers/STM32F1xx_HAL_Driver/Src/stm32f1xx_hal_gpio.c.obj
                0x08001770                HAL_GPIO_WritePin
 .text.HAL_GPIO_TogglePin
                0x08001778       0x14 CMakeFiles/.SlowStart_final.elf.dir/Drivers/STM32F1xx_HAL_Driver/Src/stm32f1xx_hal_gpio.c.obj
                0x08001778                HAL_GPIO_TogglePin
 .text.HAL_RCC_OscConfig
                0x0800178c      0x3e0 CMakeFiles/.SlowStart_final.elf.dir/Drivers/STM32F1xx_HAL_Driver/Src/stm32f1xx_hal_rcc.c.obj
                0x0800178c                HAL_RCC_OscConfig
 .text.HAL_RCC_GetSysClockFreq
                0x08001b6c       0x50 CMakeFiles/.SlowStart_final.elf.dir/Drivers/STM32F1xx_HAL_Driver/Src/stm32f1xx_hal_rcc.c.obj
                0x08001b6c                HAL_RCC_GetSysClockFreq
 .text.HAL_RCC_ClockConfig
                0x08001bbc      0x140 CMakeFiles/.SlowStart_final.elf.dir/Drivers/STM32F1xx_HAL_Driver/Src/stm32f1xx_hal_rcc.c.obj
                0x08001bbc                HAL_RCC_ClockConfig
 .text.TIM_OC1_SetConfig
                0x08001cfc       0x54 CMakeFiles/.SlowStart_final.elf.dir/Drivers/STM32F1xx_HAL_Driver/Src/stm32f1xx_hal_tim.c.obj
 .text.TIM_OC3_SetConfig
                0x08001d50       0x58 CMakeFiles/.SlowStart_final.elf.dir/Drivers/STM32F1xx_HAL_Driver/Src/stm32f1xx_hal_tim.c.obj
 .text.TIM_OC4_SetConfig
                0x08001da8       0x4c CMakeFiles/.SlowStart_final.elf.dir/Drivers/STM32F1xx_HAL_Driver/Src/stm32f1xx_hal_tim.c.obj
 .text.HAL_TIM_Base_Start_IT
                0x08001df4       0x50 CMakeFiles/.SlowStart_final.elf.dir/Drivers/STM32F1xx_HAL_Driver/Src/stm32f1xx_hal_tim.c.obj
                0x08001df4                HAL_TIM_Base_Start_IT
 .text.HAL_TIM_OC_Start
                0x08001e44       0xb0 CMakeFiles/.SlowStart_final.elf.dir/Drivers/STM32F1xx_HAL_Driver/Src/stm32f1xx_hal_tim.c.obj
                0x08001e44                HAL_TIM_OC_Start
 .text.HAL_TIM_PWM_MspInit
                0x08001ef4        0x4 CMakeFiles/.SlowStart_final.elf.dir/Drivers/STM32F1xx_HAL_Driver/Src/stm32f1xx_hal_tim.c.obj
                0x08001ef4                HAL_TIM_PWM_MspInit
 .text.HAL_TIM_PWM_Start
                0x08001ef8        0x4 CMakeFiles/.SlowStart_final.elf.dir/Drivers/STM32F1xx_HAL_Driver/Src/stm32f1xx_hal_tim.c.obj
                0x08001ef8                HAL_TIM_PWM_Start
 .text.HAL_TIM_ConfigClockSource
                0x08001efc      0x160 CMakeFiles/.SlowStart_final.elf.dir/Drivers/STM32F1xx_HAL_Driver/Src/stm32f1xx_hal_tim.c.obj
                0x08001efc                HAL_TIM_ConfigClockSource
 .text.HAL_TIM_OC_DelayElapsedCallback
                0x0800205c        0x4 CMakeFiles/.SlowStart_final.elf.dir/Drivers/STM32F1xx_HAL_Driver/Src/stm32f1xx_hal_tim.c.obj
                0x0800205c                HAL_TIM_OC_DelayElapsedCallback
 .text.HAL_TIM_IC_CaptureCallback
                0x08002060        0x4 CMakeFiles/.SlowStart_final.elf.dir/Drivers/STM32F1xx_HAL_Driver/Src/stm32f1xx_hal_tim.c.obj
                0x08002060                HAL_TIM_IC_CaptureCallback
 .text.HAL_TIM_PWM_PulseFinishedCallback
                0x08002064        0x4 CMakeFiles/.SlowStart_final.elf.dir/Drivers/STM32F1xx_HAL_Driver/Src/stm32f1xx_hal_tim.c.obj
                0x08002064                HAL_TIM_PWM_PulseFinishedCallback
 .text.HAL_TIM_TriggerCallback
                0x08002068        0x4 CMakeFiles/.SlowStart_final.elf.dir/Drivers/STM32F1xx_HAL_Driver/Src/stm32f1xx_hal_tim.c.obj
                0x08002068                HAL_TIM_TriggerCallback
 .text.HAL_TIM_IRQHandler
                0x0800206c      0x154 CMakeFiles/.SlowStart_final.elf.dir/Drivers/STM32F1xx_HAL_Driver/Src/stm32f1xx_hal_tim.c.obj
                0x0800206c                HAL_TIM_IRQHandler
 .text.TIM_Base_SetConfig
                0x080021c0       0x90 CMakeFiles/.SlowStart_final.elf.dir/Drivers/STM32F1xx_HAL_Driver/Src/stm32f1xx_hal_tim.c.obj
                0x080021c0                TIM_Base_SetConfig
 .text.HAL_TIM_Base_Init
                0x08002250       0x5c CMakeFiles/.SlowStart_final.elf.dir/Drivers/STM32F1xx_HAL_Driver/Src/stm32f1xx_hal_tim.c.obj
                0x08002250                HAL_TIM_Base_Init
 .text.HAL_TIM_PWM_Init
                0x080022ac       0x5c CMakeFiles/.SlowStart_final.elf.dir/Drivers/STM32F1xx_HAL_Driver/Src/stm32f1xx_hal_tim.c.obj
                0x080022ac                HAL_TIM_PWM_Init
 .text.TIM_OC2_SetConfig
                0x08002308       0x5c CMakeFiles/.SlowStart_final.elf.dir/Drivers/STM32F1xx_HAL_Driver/Src/stm32f1xx_hal_tim.c.obj
                0x08002308                TIM_OC2_SetConfig
 .text.HAL_TIM_PWM_ConfigChannel
                0x08002364       0xcc CMakeFiles/.SlowStart_final.elf.dir/Drivers/STM32F1xx_HAL_Driver/Src/stm32f1xx_hal_tim.c.obj
                0x08002364                HAL_TIM_PWM_ConfigChannel
 .text.HAL_TIMEx_MasterConfigSynchronization
                0x08002430       0x5c CMakeFiles/.SlowStart_final.elf.dir/Drivers/STM32F1xx_HAL_Driver/Src/stm32f1xx_hal_tim_ex.c.obj
                0x08002430                HAL_TIMEx_MasterConfigSynchronization
 .text.HAL_TIMEx_ConfigBreakDeadTime
                0x0800248c       0x54 CMakeFiles/.SlowStart_final.elf.dir/Drivers/STM32F1xx_HAL_Driver/Src/stm32f1xx_hal_tim_ex.c.obj
                0x0800248c                HAL_TIMEx_ConfigBreakDeadTime
 .text.HAL_TIMEx_CommutCallback
                0x080024e0        0x4 CMakeFiles/.SlowStart_final.elf.dir/Drivers/STM32F1xx_HAL_Driver/Src/stm32f1xx_hal_tim_ex.c.obj
                0x080024e0                HAL_TIMEx_CommutCallback
 .text.HAL_TIMEx_BreakCallback
                0x080024e4        0x4 CMakeFiles/.SlowStart_final.elf.dir/Drivers/STM32F1xx_HAL_Driver/Src/stm32f1xx_hal_tim_ex.c.obj
                0x080024e4                HAL_TIMEx_BreakCallback
 .text.__libc_init_array
                0x080024e8       0x48 d:/gcc-ar~1.10/102021~1.10/bin/../lib/gcc/arm-none-eabi/10.3.1/../../../../arm-none-eabi/lib/thumb/v7-m/nofp\libg.a(lib_a-init.o)
                0x080024e8                __libc_init_array
 .text.memset   0x08002530       0xa4 d:/gcc-ar~1.10/102021~1.10/bin/../lib/gcc/arm-none-eabi/10.3.1/../../../../arm-none-eabi/lib/thumb/v7-m/nofp\libg.a(lib_a-memset.o)
                0x08002530                memset
 .text.startup.register_fini
                0x080025d4       0x14 d:/gcc-ar~1.10/102021~1.10/bin/../lib/gcc/arm-none-eabi/10.3.1/../../../../arm-none-eabi/lib/thumb/v7-m/nofp\libg.a(lib_a-__call_atexit.o)
 .text.atexit   0x080025e8        0xc d:/gcc-ar~1.10/102021~1.10/bin/../lib/gcc/arm-none-eabi/10.3.1/../../../../arm-none-eabi/lib/thumb/v7-m/nofp\libg.a(lib_a-atexit.o)
                0x080025e8                atexit
 .text.__libc_fini_array
                0x080025f4       0x2c d:/gcc-ar~1.10/102021~1.10/bin/../lib/gcc/arm-none-eabi/10.3.1/../../../../arm-none-eabi/lib/thumb/v7-m/nofp\libg.a(lib_a-fini.o)
                0x080025f4                __libc_fini_array
 .text.__retarget_lock_acquire_recursive
                0x08002620        0x4 d:/gcc-ar~1.10/102021~1.10/bin/../lib/gcc/arm-none-eabi/10.3.1/../../../../arm-none-eabi/lib/thumb/v7-m/nofp\libg.a(lib_a-lock.o)
                0x08002620                __retarget_lock_acquire_recursive
 .text.__retarget_lock_release_recursive
                0x08002624        0x4 d:/gcc-ar~1.10/102021~1.10/bin/../lib/gcc/arm-none-eabi/10.3.1/../../../../arm-none-eabi/lib/thumb/v7-m/nofp\libg.a(lib_a-lock.o)
                0x08002624                __retarget_lock_release_recursive
 .text.__register_exitproc
                0x08002628       0x8c d:/gcc-ar~1.10/102021~1.10/bin/../lib/gcc/arm-none-eabi/10.3.1/../../../../arm-none-eabi/lib/thumb/v7-m/nofp\libg.a(lib_a-__atexit.o)
                0x08002628                __register_exitproc
 *(.glue_7)
 .glue_7        0x080026b4        0x0 linker stubs
 *(.glue_7t)
 .glue_7t       0x080026b4        0x0 linker stubs
 *(.eh_frame)
 .eh_frame      0x080026b4        0x0 d:/gcc-ar~1.10/102021~1.10/bin/../lib/gcc/arm-none-eabi/10.3.1/thumb/v7-m/nofp/crtbegin.o
 *(.init)
 .init          0x080026b4        0x4 d:/gcc-ar~1.10/102021~1.10/bin/../lib/gcc/arm-none-eabi/10.3.1/thumb/v7-m/nofp/crti.o
                0x080026b4                _init
 .init          0x080026b8        0x8 d:/gcc-ar~1.10/102021~1.10/bin/../lib/gcc/arm-none-eabi/10.3.1/thumb/v7-m/nofp/crtn.o
 *(.fini)
 .fini          0x080026c0        0x4 d:/gcc-ar~1.10/102021~1.10/bin/../lib/gcc/arm-none-eabi/10.3.1/thumb/v7-m/nofp/crti.o
                0x080026c0                _fini
 .fini          0x080026c4        0x8 d:/gcc-ar~1.10/102021~1.10/bin/../lib/gcc/arm-none-eabi/10.3.1/thumb/v7-m/nofp/crtn.o
                0x080026cc                . = ALIGN (0x4)
                0x080026cc                _etext = .

.vfp11_veneer   0x080026cc        0x0
 .vfp11_veneer  0x080026cc        0x0 linker stubs

.v4_bx          0x080026cc        0x0
 .v4_bx         0x080026cc        0x0 linker stubs

.iplt           0x080026cc        0x0
 .iplt          0x080026cc        0x0 d:/gcc-ar~1.10/102021~1.10/bin/../lib/gcc/arm-none-eabi/10.3.1/thumb/v7-m/nofp/crtbegin.o

.rodata         0x080026cc       0x28
                0x080026cc                . = ALIGN (0x4)
 *(.rodata)
 *(.rodata*)
 .rodata.AHBPrescTable
                0x080026cc       0x10 CMakeFiles/.SlowStart_final.elf.dir/Core/Src/system_stm32f1xx.c.obj
                0x080026cc                AHBPrescTable
 .rodata.aPLLMULFactorTable.1
                0x080026dc       0x10 CMakeFiles/.SlowStart_final.elf.dir/Drivers/STM32F1xx_HAL_Driver/Src/stm32f1xx_hal_rcc.c.obj
 .rodata.aPredivFactorTable.0
                0x080026ec        0x2 CMakeFiles/.SlowStart_final.elf.dir/Drivers/STM32F1xx_HAL_Driver/Src/stm32f1xx_hal_rcc.c.obj
 *fill*         0x080026ee        0x2 
 .rodata._global_impure_ptr
                0x080026f0        0x4 d:/gcc-ar~1.10/102021~1.10/bin/../lib/gcc/arm-none-eabi/10.3.1/../../../../arm-none-eabi/lib/thumb/v7-m/nofp\libg.a(lib_a-impure.o)
                0x080026f0                _global_impure_ptr
                0x080026f4                . = ALIGN (0x4)

.rel.dyn        0x080026f4        0x0
 .rel.iplt      0x080026f4        0x0 d:/gcc-ar~1.10/102021~1.10/bin/../lib/gcc/arm-none-eabi/10.3.1/thumb/v7-m/nofp/crtbegin.o

.ARM.extab      0x080026f4        0x0
                0x080026f4                . = ALIGN (0x4)
 *(.ARM.extab* .gnu.linkonce.armextab.*)
                0x080026f4                . = ALIGN (0x4)

.ARM            0x080026f4        0x0
                0x080026f4                . = ALIGN (0x4)
                0x080026f4                __exidx_start = .
 *(.ARM.exidx*)
                0x080026f4                __exidx_end = .
                0x080026f4                . = ALIGN (0x4)

.preinit_array  0x080026f4        0x0
                0x080026f4                . = ALIGN (0x4)
                0x080026f4                PROVIDE (__preinit_array_start = .)
 *(.preinit_array*)
                0x080026f4                PROVIDE (__preinit_array_end = .)
                0x080026f4                . = ALIGN (0x4)

.init_array     0x080026f4        0x8
                0x080026f4                . = ALIGN (0x4)
                0x080026f4                PROVIDE (__init_array_start = .)
 *(SORT_BY_NAME(.init_array.*))
 .init_array.00000
                0x080026f4        0x4 d:/gcc-ar~1.10/102021~1.10/bin/../lib/gcc/arm-none-eabi/10.3.1/../../../../arm-none-eabi/lib/thumb/v7-m/nofp\libg.a(lib_a-__call_atexit.o)
 *(.init_array*)
 .init_array    0x080026f8        0x4 d:/gcc-ar~1.10/102021~1.10/bin/../lib/gcc/arm-none-eabi/10.3.1/thumb/v7-m/nofp/crtbegin.o
                0x080026fc                PROVIDE (__init_array_end = .)
                0x080026fc                . = ALIGN (0x4)

.fini_array     0x080026fc        0x4
                0x080026fc                . = ALIGN (0x4)
                0x080026fc                PROVIDE (__fini_array_start = .)
 *(SORT_BY_NAME(.fini_array.*))
 *(.fini_array*)
 .fini_array    0x080026fc        0x4 d:/gcc-ar~1.10/102021~1.10/bin/../lib/gcc/arm-none-eabi/10.3.1/thumb/v7-m/nofp/crtbegin.o
                0x08002700                PROVIDE (__fini_array_end = .)
                0x08002700                . = ALIGN (0x4)
                0x08002700                _sidata = LOADADDR (.data)

.data           0x20000000      0x444 load address 0x08002700
                0x20000000                . = ALIGN (0x4)
                0x20000000                _sdata = .
 *(.data)
 *(.data*)
 .data.SystemCoreClock
                0x20000000        0x4 CMakeFiles/.SlowStart_final.elf.dir/Core/Src/system_stm32f1xx.c.obj
                0x20000000                SystemCoreClock
 .data.err_send.0
                0x20000004        0x8 CMakeFiles/.SlowStart_final.elf.dir/Drivers/BSP/slowStart.c.obj
 .data.times    0x2000000c        0x2 CMakeFiles/.SlowStart_final.elf.dir/Drivers/BSP/slowStart.c.obj
                0x2000000c                times
 .data.uwTickFreq
                0x2000000e        0x1 CMakeFiles/.SlowStart_final.elf.dir/Drivers/STM32F1xx_HAL_Driver/Src/stm32f1xx_hal.c.obj
                0x2000000e                uwTickFreq
 *fill*         0x2000000f        0x1 
 .data.uwTickPrio
                0x20000010        0x4 CMakeFiles/.SlowStart_final.elf.dir/Drivers/STM32F1xx_HAL_Driver/Src/stm32f1xx_hal.c.obj
                0x20000010                uwTickPrio
 *fill*         0x20000014        0x4 
 .data.impure_data
                0x20000018      0x428 d:/gcc-ar~1.10/102021~1.10/bin/../lib/gcc/arm-none-eabi/10.3.1/../../../../arm-none-eabi/lib/thumb/v7-m/nofp\libg.a(lib_a-impure.o)
 .data.__atexit_recursive_mutex
                0x20000440        0x4 d:/gcc-ar~1.10/102021~1.10/bin/../lib/gcc/arm-none-eabi/10.3.1/../../../../arm-none-eabi/lib/thumb/v7-m/nofp\libg.a(lib_a-__call_atexit.o)
                0x20000440                __atexit_recursive_mutex
 *(.RamFunc)
 *(.RamFunc*)
                0x20000444                . = ALIGN (0x4)
                0x20000444                _edata = .

.igot.plt       0x20000444        0x0 load address 0x08002b44
 .igot.plt      0x20000444        0x0 d:/gcc-ar~1.10/102021~1.10/bin/../lib/gcc/arm-none-eabi/10.3.1/thumb/v7-m/nofp/crtbegin.o
                0x20000444                . = ALIGN (0x4)

.bss            0x20000444      0x17c load address 0x08002b44
                0x20000444                _sbss = .
                0x20000444                __bss_start__ = _sbss
 *(.bss)
 .bss           0x20000444       0x1c d:/gcc-ar~1.10/102021~1.10/bin/../lib/gcc/arm-none-eabi/10.3.1/thumb/v7-m/nofp/crtbegin.o
 *(.bss*)
 .bss.RxMsg     0x20000460       0x24 CMakeFiles/.SlowStart_final.elf.dir/Core/Src/can.c.obj
                0x20000460                RxMsg
 .bss.TxMsg     0x20000484       0x24 CMakeFiles/.SlowStart_final.elf.dir/Core/Src/can.c.obj
                0x20000484                TxMsg
 .bss.hcan      0x200004a8       0x28 CMakeFiles/.SlowStart_final.elf.dir/Core/Src/can.c.obj
                0x200004a8                hcan
 .bss.htim1     0x200004d0       0x48 CMakeFiles/.SlowStart_final.elf.dir/Core/Src/tim.c.obj
                0x200004d0                htim1
 .bss.htim2     0x20000518       0x48 CMakeFiles/.SlowStart_final.elf.dir/Core/Src/tim.c.obj
                0x20000518                htim2
 .bss.htim3     0x20000560       0x48 CMakeFiles/.SlowStart_final.elf.dir/Core/Src/tim.c.obj
                0x20000560                htim3
 .bss.id        0x200005a8        0x1 CMakeFiles/.SlowStart_final.elf.dir/Drivers/BSP/slowStart.c.obj
 .bss.is_error  0x200005a9        0x1 CMakeFiles/.SlowStart_final.elf.dir/Drivers/BSP/slowStart.c.obj
                0x200005a9                is_error
 *fill*         0x200005aa        0x2 
 .bss.led_pwm   0x200005ac        0x4 CMakeFiles/.SlowStart_final.elf.dir/Drivers/BSP/slowStart.c.obj
                0x200005ac                led_pwm
 .bss.pSend.1   0x200005b0        0x4 CMakeFiles/.SlowStart_final.elf.dir/Drivers/BSP/slowStart.c.obj
 .bss.times_14.2
                0x200005b4        0x2 CMakeFiles/.SlowStart_final.elf.dir/Drivers/BSP/slowStart.c.obj
 .bss.wait_time
                0x200005b6        0x2 CMakeFiles/.SlowStart_final.elf.dir/Drivers/BSP/slowStart.c.obj
 .bss.uwTick    0x200005b8        0x4 CMakeFiles/.SlowStart_final.elf.dir/Drivers/STM32F1xx_HAL_Driver/Src/stm32f1xx_hal.c.obj
                0x200005b8                uwTick
 .bss.__lock___atexit_recursive_mutex
                0x200005bc        0x1 d:/gcc-ar~1.10/102021~1.10/bin/../lib/gcc/arm-none-eabi/10.3.1/../../../../arm-none-eabi/lib/thumb/v7-m/nofp\libg.a(lib_a-lock.o)
                0x200005bc                __lock___atexit_recursive_mutex
 *(COMMON)
                0x200005c0                . = ALIGN (0x4)
 *fill*         0x200005bd        0x3 
                0x200005c0                _ebss = .
                0x200005c0                __bss_end__ = _ebss

._user_heap_stack
                0x200005c0      0x600 load address 0x08002b44
                0x200005c0                . = ALIGN (0x8)
                [!provide]                PROVIDE (end = .)
                0x200005c0                PROVIDE (_end = .)
                0x200007c0                . = (. + _Min_Heap_Size)
 *fill*         0x200005c0      0x200 
                0x20000bc0                . = (. + _Min_Stack_Size)
 *fill*         0x200007c0      0x400 
                0x20000bc0                . = ALIGN (0x8)

/DISCARD/
 libc.a(*)
 libm.a(*)
 libgcc.a(*)

.ARM.attributes
                0x00000000       0x29
 *(.ARM.attributes)
 .ARM.attributes
                0x00000000       0x1d d:/gcc-ar~1.10/102021~1.10/bin/../lib/gcc/arm-none-eabi/10.3.1/thumb/v7-m/nofp/crti.o
 .ARM.attributes
                0x0000001d       0x2d d:/gcc-ar~1.10/102021~1.10/bin/../lib/gcc/arm-none-eabi/10.3.1/thumb/v7-m/nofp/crtbegin.o
 .ARM.attributes
                0x0000004a       0x2d CMakeFiles/.SlowStart_final.elf.dir/Core/Src/can.c.obj
 .ARM.attributes
                0x00000077       0x2d CMakeFiles/.SlowStart_final.elf.dir/Core/Src/gpio.c.obj
 .ARM.attributes
                0x000000a4       0x2d CMakeFiles/.SlowStart_final.elf.dir/Core/Src/main.c.obj
 .ARM.attributes
                0x000000d1       0x2d CMakeFiles/.SlowStart_final.elf.dir/Core/Src/stm32f1xx_hal_msp.c.obj
 .ARM.attributes
                0x000000fe       0x2d CMakeFiles/.SlowStart_final.elf.dir/Core/Src/stm32f1xx_it.c.obj
 .ARM.attributes
                0x0000012b       0x2d CMakeFiles/.SlowStart_final.elf.dir/Core/Src/system_stm32f1xx.c.obj
 .ARM.attributes
                0x00000158       0x2d CMakeFiles/.SlowStart_final.elf.dir/Core/Src/tim.c.obj
 .ARM.attributes
                0x00000185       0x21 CMakeFiles/.SlowStart_final.elf.dir/Core/Startup/startup_stm32f103c6tx.s.obj
 .ARM.attributes
                0x000001a6       0x2d CMakeFiles/.SlowStart_final.elf.dir/Drivers/BSP/slowStart.c.obj
 .ARM.attributes
                0x000001d3       0x2d CMakeFiles/.SlowStart_final.elf.dir/Drivers/STM32F1xx_HAL_Driver/Src/stm32f1xx_hal.c.obj
 .ARM.attributes
                0x00000200       0x2d CMakeFiles/.SlowStart_final.elf.dir/Drivers/STM32F1xx_HAL_Driver/Src/stm32f1xx_hal_can.c.obj
 .ARM.attributes
                0x0000022d       0x2d CMakeFiles/.SlowStart_final.elf.dir/Drivers/STM32F1xx_HAL_Driver/Src/stm32f1xx_hal_cortex.c.obj
 .ARM.attributes
                0x0000025a       0x2d CMakeFiles/.SlowStart_final.elf.dir/Drivers/STM32F1xx_HAL_Driver/Src/stm32f1xx_hal_gpio.c.obj
 .ARM.attributes
                0x00000287       0x2d CMakeFiles/.SlowStart_final.elf.dir/Drivers/STM32F1xx_HAL_Driver/Src/stm32f1xx_hal_rcc.c.obj
 .ARM.attributes
                0x000002b4       0x2d CMakeFiles/.SlowStart_final.elf.dir/Drivers/STM32F1xx_HAL_Driver/Src/stm32f1xx_hal_tim.c.obj
 .ARM.attributes
                0x000002e1       0x2d CMakeFiles/.SlowStart_final.elf.dir/Drivers/STM32F1xx_HAL_Driver/Src/stm32f1xx_hal_tim_ex.c.obj
 .ARM.attributes
                0x0000030e       0x2d d:/gcc-ar~1.10/102021~1.10/bin/../lib/gcc/arm-none-eabi/10.3.1/../../../../arm-none-eabi/lib/thumb/v7-m/nofp\libg.a(lib_a-impure.o)
 .ARM.attributes
                0x0000033b       0x2d d:/gcc-ar~1.10/102021~1.10/bin/../lib/gcc/arm-none-eabi/10.3.1/../../../../arm-none-eabi/lib/thumb/v7-m/nofp\libg.a(lib_a-init.o)
 .ARM.attributes
                0x00000368       0x2d d:/gcc-ar~1.10/102021~1.10/bin/../lib/gcc/arm-none-eabi/10.3.1/../../../../arm-none-eabi/lib/thumb/v7-m/nofp\libg.a(lib_a-memset.o)
 .ARM.attributes
                0x00000395       0x2d d:/gcc-ar~1.10/102021~1.10/bin/../lib/gcc/arm-none-eabi/10.3.1/../../../../arm-none-eabi/lib/thumb/v7-m/nofp\libg.a(lib_a-__call_atexit.o)
 .ARM.attributes
                0x000003c2       0x2d d:/gcc-ar~1.10/102021~1.10/bin/../lib/gcc/arm-none-eabi/10.3.1/../../../../arm-none-eabi/lib/thumb/v7-m/nofp\libg.a(lib_a-atexit.o)
 .ARM.attributes
                0x000003ef       0x2d d:/gcc-ar~1.10/102021~1.10/bin/../lib/gcc/arm-none-eabi/10.3.1/../../../../arm-none-eabi/lib/thumb/v7-m/nofp\libg.a(lib_a-fini.o)
 .ARM.attributes
                0x0000041c       0x2d d:/gcc-ar~1.10/102021~1.10/bin/../lib/gcc/arm-none-eabi/10.3.1/../../../../arm-none-eabi/lib/thumb/v7-m/nofp\libg.a(lib_a-lock.o)
 .ARM.attributes
                0x00000449       0x2d d:/gcc-ar~1.10/102021~1.10/bin/../lib/gcc/arm-none-eabi/10.3.1/../../../../arm-none-eabi/lib/thumb/v7-m/nofp\libg.a(lib_a-__atexit.o)
 .ARM.attributes
                0x00000476       0x1d d:/gcc-ar~1.10/102021~1.10/bin/../lib/gcc/arm-none-eabi/10.3.1/thumb/v7-m/nofp/crtn.o
OUTPUT(.SlowStart_final.elf elf32-littlearm)
LOAD linker stubs
LOAD d:/gcc-ar~1.10/102021~1.10/bin/../lib/gcc/arm-none-eabi/10.3.1/../../../../arm-none-eabi/lib/thumb/v7-m/nofp\libc.a
LOAD d:/gcc-ar~1.10/102021~1.10/bin/../lib/gcc/arm-none-eabi/10.3.1/../../../../arm-none-eabi/lib/thumb/v7-m/nofp\libm.a
LOAD d:/gcc-ar~1.10/102021~1.10/bin/../lib/gcc/arm-none-eabi/10.3.1/thumb/v7-m/nofp\libgcc.a

.debug_info     0x00000000     0xfdef
 .debug_info    0x00000000      0xd70 CMakeFiles/.SlowStart_final.elf.dir/Core/Src/can.c.obj
 .debug_info    0x00000d70      0x346 CMakeFiles/.SlowStart_final.elf.dir/Core/Src/gpio.c.obj
 .debug_info    0x000010b6     0x12e3 CMakeFiles/.SlowStart_final.elf.dir/Core/Src/main.c.obj
 .debug_info    0x00002399      0x209 CMakeFiles/.SlowStart_final.elf.dir/Core/Src/stm32f1xx_hal_msp.c.obj
 .debug_info    0x000025a2      0xb5b CMakeFiles/.SlowStart_final.elf.dir/Core/Src/stm32f1xx_it.c.obj
 .debug_info    0x000030fd      0x248 CMakeFiles/.SlowStart_final.elf.dir/Core/Src/system_stm32f1xx.c.obj
 .debug_info    0x00003345      0xfcb CMakeFiles/.SlowStart_final.elf.dir/Core/Src/tim.c.obj
 .debug_info    0x00004310       0x22 CMakeFiles/.SlowStart_final.elf.dir/Core/Startup/startup_stm32f103c6tx.s.obj
 .debug_info    0x00004332     0x1eed CMakeFiles/.SlowStart_final.elf.dir/Drivers/BSP/slowStart.c.obj
 .debug_info    0x0000621f      0x7be CMakeFiles/.SlowStart_final.elf.dir/Drivers/STM32F1xx_HAL_Driver/Src/stm32f1xx_hal.c.obj
 .debug_info    0x000069dd     0x1218 CMakeFiles/.SlowStart_final.elf.dir/Drivers/STM32F1xx_HAL_Driver/Src/stm32f1xx_hal_can.c.obj
 .debug_info    0x00007bf5      0xd58 CMakeFiles/.SlowStart_final.elf.dir/Drivers/STM32F1xx_HAL_Driver/Src/stm32f1xx_hal_cortex.c.obj
 .debug_info    0x0000894d      0x66b CMakeFiles/.SlowStart_final.elf.dir/Drivers/STM32F1xx_HAL_Driver/Src/stm32f1xx_hal_gpio.c.obj
 .debug_info    0x00008fb8      0xa5d CMakeFiles/.SlowStart_final.elf.dir/Drivers/STM32F1xx_HAL_Driver/Src/stm32f1xx_hal_rcc.c.obj
 .debug_info    0x00009a15     0x4860 CMakeFiles/.SlowStart_final.elf.dir/Drivers/STM32F1xx_HAL_Driver/Src/stm32f1xx_hal_tim.c.obj
 .debug_info    0x0000e275     0x1b7a CMakeFiles/.SlowStart_final.elf.dir/Drivers/STM32F1xx_HAL_Driver/Src/stm32f1xx_hal_tim_ex.c.obj

.debug_abbrev   0x00000000     0x2431
 .debug_abbrev  0x00000000      0x276 CMakeFiles/.SlowStart_final.elf.dir/Core/Src/can.c.obj
 .debug_abbrev  0x00000276      0x13a CMakeFiles/.SlowStart_final.elf.dir/Core/Src/gpio.c.obj
 .debug_abbrev  0x000003b0      0x2d6 CMakeFiles/.SlowStart_final.elf.dir/Core/Src/main.c.obj
 .debug_abbrev  0x00000686       0xec CMakeFiles/.SlowStart_final.elf.dir/Core/Src/stm32f1xx_hal_msp.c.obj
 .debug_abbrev  0x00000772      0x220 CMakeFiles/.SlowStart_final.elf.dir/Core/Src/stm32f1xx_it.c.obj
 .debug_abbrev  0x00000992      0x13e CMakeFiles/.SlowStart_final.elf.dir/Core/Src/system_stm32f1xx.c.obj
 .debug_abbrev  0x00000ad0      0x24c CMakeFiles/.SlowStart_final.elf.dir/Core/Src/tim.c.obj
 .debug_abbrev  0x00000d1c       0x12 CMakeFiles/.SlowStart_final.elf.dir/Core/Startup/startup_stm32f103c6tx.s.obj
 .debug_abbrev  0x00000d2e      0x368 CMakeFiles/.SlowStart_final.elf.dir/Drivers/BSP/slowStart.c.obj
 .debug_abbrev  0x00001096      0x256 CMakeFiles/.SlowStart_final.elf.dir/Drivers/STM32F1xx_HAL_Driver/Src/stm32f1xx_hal.c.obj
 .debug_abbrev  0x000012ec      0x2ca CMakeFiles/.SlowStart_final.elf.dir/Drivers/STM32F1xx_HAL_Driver/Src/stm32f1xx_hal_can.c.obj
 .debug_abbrev  0x000015b6      0x346 CMakeFiles/.SlowStart_final.elf.dir/Drivers/STM32F1xx_HAL_Driver/Src/stm32f1xx_hal_cortex.c.obj
 .debug_abbrev  0x000018fc      0x1e4 CMakeFiles/.SlowStart_final.elf.dir/Drivers/STM32F1xx_HAL_Driver/Src/stm32f1xx_hal_gpio.c.obj
 .debug_abbrev  0x00001ae0      0x2c3 CMakeFiles/.SlowStart_final.elf.dir/Drivers/STM32F1xx_HAL_Driver/Src/stm32f1xx_hal_rcc.c.obj
 .debug_abbrev  0x00001da3      0x379 CMakeFiles/.SlowStart_final.elf.dir/Drivers/STM32F1xx_HAL_Driver/Src/stm32f1xx_hal_tim.c.obj
 .debug_abbrev  0x0000211c      0x315 CMakeFiles/.SlowStart_final.elf.dir/Drivers/STM32F1xx_HAL_Driver/Src/stm32f1xx_hal_tim_ex.c.obj

.debug_loc      0x00000000     0x9fbd
 .debug_loc     0x00000000      0x122 CMakeFiles/.SlowStart_final.elf.dir/Core/Src/can.c.obj
 .debug_loc     0x00000122       0xf2 CMakeFiles/.SlowStart_final.elf.dir/Core/Src/main.c.obj
 .debug_loc     0x00000214       0x15 CMakeFiles/.SlowStart_final.elf.dir/Core/Src/stm32f1xx_hal_msp.c.obj
 .debug_loc     0x00000229       0xe7 CMakeFiles/.SlowStart_final.elf.dir/Core/Src/system_stm32f1xx.c.obj
 .debug_loc     0x00000310       0xe3 CMakeFiles/.SlowStart_final.elf.dir/Core/Src/tim.c.obj
 .debug_loc     0x000003f3      0x6dd CMakeFiles/.SlowStart_final.elf.dir/Drivers/BSP/slowStart.c.obj
 .debug_loc     0x00000ad0      0x168 CMakeFiles/.SlowStart_final.elf.dir/Drivers/STM32F1xx_HAL_Driver/Src/stm32f1xx_hal.c.obj
 .debug_loc     0x00000c38      0xd26 CMakeFiles/.SlowStart_final.elf.dir/Drivers/STM32F1xx_HAL_Driver/Src/stm32f1xx_hal_can.c.obj
 .debug_loc     0x0000195e      0x717 CMakeFiles/.SlowStart_final.elf.dir/Drivers/STM32F1xx_HAL_Driver/Src/stm32f1xx_hal_cortex.c.obj
 .debug_loc     0x00002075      0x42d CMakeFiles/.SlowStart_final.elf.dir/Drivers/STM32F1xx_HAL_Driver/Src/stm32f1xx_hal_gpio.c.obj
 .debug_loc     0x000024a2      0x5a3 CMakeFiles/.SlowStart_final.elf.dir/Drivers/STM32F1xx_HAL_Driver/Src/stm32f1xx_hal_rcc.c.obj
 .debug_loc     0x00002a45     0x5c0a CMakeFiles/.SlowStart_final.elf.dir/Drivers/STM32F1xx_HAL_Driver/Src/stm32f1xx_hal_tim.c.obj
 .debug_loc     0x0000864f     0x196e CMakeFiles/.SlowStart_final.elf.dir/Drivers/STM32F1xx_HAL_Driver/Src/stm32f1xx_hal_tim_ex.c.obj

.debug_aranges  0x00000000      0x8b0
 .debug_aranges
                0x00000000       0x48 CMakeFiles/.SlowStart_final.elf.dir/Core/Src/can.c.obj
 .debug_aranges
                0x00000048       0x20 CMakeFiles/.SlowStart_final.elf.dir/Core/Src/gpio.c.obj
 .debug_aranges
                0x00000068       0x30 CMakeFiles/.SlowStart_final.elf.dir/Core/Src/main.c.obj
 .debug_aranges
                0x00000098       0x20 CMakeFiles/.SlowStart_final.elf.dir/Core/Src/stm32f1xx_hal_msp.c.obj
 .debug_aranges
                0x000000b8       0x70 CMakeFiles/.SlowStart_final.elf.dir/Core/Src/stm32f1xx_it.c.obj
 .debug_aranges
                0x00000128       0x28 CMakeFiles/.SlowStart_final.elf.dir/Core/Src/system_stm32f1xx.c.obj
 .debug_aranges
                0x00000150       0x48 CMakeFiles/.SlowStart_final.elf.dir/Core/Src/tim.c.obj
 .debug_aranges
                0x00000198       0x28 CMakeFiles/.SlowStart_final.elf.dir/Core/Startup/startup_stm32f103c6tx.s.obj
 .debug_aranges
                0x000001c0       0x38 CMakeFiles/.SlowStart_final.elf.dir/Drivers/BSP/slowStart.c.obj
 .debug_aranges
                0x000001f8       0xd8 CMakeFiles/.SlowStart_final.elf.dir/Drivers/STM32F1xx_HAL_Driver/Src/stm32f1xx_hal.c.obj
 .debug_aranges
                0x000002d0       0xc8 CMakeFiles/.SlowStart_final.elf.dir/Drivers/STM32F1xx_HAL_Driver/Src/stm32f1xx_hal_can.c.obj
 .debug_aranges
                0x00000398       0x90 CMakeFiles/.SlowStart_final.elf.dir/Drivers/STM32F1xx_HAL_Driver/Src/stm32f1xx_hal_cortex.c.obj
 .debug_aranges
                0x00000428       0x58 CMakeFiles/.SlowStart_final.elf.dir/Drivers/STM32F1xx_HAL_Driver/Src/stm32f1xx_hal_gpio.c.obj
 .debug_aranges
                0x00000480       0x88 CMakeFiles/.SlowStart_final.elf.dir/Drivers/STM32F1xx_HAL_Driver/Src/stm32f1xx_hal_rcc.c.obj
 .debug_aranges
                0x00000508      0x298 CMakeFiles/.SlowStart_final.elf.dir/Drivers/STM32F1xx_HAL_Driver/Src/stm32f1xx_hal_tim.c.obj
 .debug_aranges
                0x000007a0      0x110 CMakeFiles/.SlowStart_final.elf.dir/Drivers/STM32F1xx_HAL_Driver/Src/stm32f1xx_hal_tim_ex.c.obj

.debug_ranges   0x00000000     0x14b8
 .debug_ranges  0x00000000       0x80 CMakeFiles/.SlowStart_final.elf.dir/Core/Src/can.c.obj
 .debug_ranges  0x00000080       0x58 CMakeFiles/.SlowStart_final.elf.dir/Core/Src/gpio.c.obj
 .debug_ranges  0x000000d8       0x80 CMakeFiles/.SlowStart_final.elf.dir/Core/Src/main.c.obj
 .debug_ranges  0x00000158       0x48 CMakeFiles/.SlowStart_final.elf.dir/Core/Src/stm32f1xx_hal_msp.c.obj
 .debug_ranges  0x000001a0       0x60 CMakeFiles/.SlowStart_final.elf.dir/Core/Src/stm32f1xx_it.c.obj
 .debug_ranges  0x00000200       0x18 CMakeFiles/.SlowStart_final.elf.dir/Core/Src/system_stm32f1xx.c.obj
 .debug_ranges  0x00000218       0xe0 CMakeFiles/.SlowStart_final.elf.dir/Core/Src/tim.c.obj
 .debug_ranges  0x000002f8       0x20 CMakeFiles/.SlowStart_final.elf.dir/Core/Startup/startup_stm32f103c6tx.s.obj
 .debug_ranges  0x00000318      0x420 CMakeFiles/.SlowStart_final.elf.dir/Drivers/BSP/slowStart.c.obj
 .debug_ranges  0x00000738       0xc8 CMakeFiles/.SlowStart_final.elf.dir/Drivers/STM32F1xx_HAL_Driver/Src/stm32f1xx_hal.c.obj
 .debug_ranges  0x00000800       0xd0 CMakeFiles/.SlowStart_final.elf.dir/Drivers/STM32F1xx_HAL_Driver/Src/stm32f1xx_hal_can.c.obj
 .debug_ranges  0x000008d0      0x180 CMakeFiles/.SlowStart_final.elf.dir/Drivers/STM32F1xx_HAL_Driver/Src/stm32f1xx_hal_cortex.c.obj
 .debug_ranges  0x00000a50       0x70 CMakeFiles/.SlowStart_final.elf.dir/Drivers/STM32F1xx_HAL_Driver/Src/stm32f1xx_hal_gpio.c.obj
 .debug_ranges  0x00000ac0      0x128 CMakeFiles/.SlowStart_final.elf.dir/Drivers/STM32F1xx_HAL_Driver/Src/stm32f1xx_hal_rcc.c.obj
 .debug_ranges  0x00000be8      0x688 CMakeFiles/.SlowStart_final.elf.dir/Drivers/STM32F1xx_HAL_Driver/Src/stm32f1xx_hal_tim.c.obj
 .debug_ranges  0x00001270      0x248 CMakeFiles/.SlowStart_final.elf.dir/Drivers/STM32F1xx_HAL_Driver/Src/stm32f1xx_hal_tim_ex.c.obj

.debug_line     0x00000000     0xc46a
 .debug_line    0x00000000      0x56c CMakeFiles/.SlowStart_final.elf.dir/Core/Src/can.c.obj
 .debug_line    0x0000056c      0x295 CMakeFiles/.SlowStart_final.elf.dir/Core/Src/gpio.c.obj
 .debug_line    0x00000801      0x645 CMakeFiles/.SlowStart_final.elf.dir/Core/Src/main.c.obj
 .debug_line    0x00000e46      0x1b6 CMakeFiles/.SlowStart_final.elf.dir/Core/Src/stm32f1xx_hal_msp.c.obj
 .debug_line    0x00000ffc      0x38d CMakeFiles/.SlowStart_final.elf.dir/Core/Src/stm32f1xx_it.c.obj
 .debug_line    0x00001389      0x24c CMakeFiles/.SlowStart_final.elf.dir/Core/Src/system_stm32f1xx.c.obj
 .debug_line    0x000015d5      0x6c8 CMakeFiles/.SlowStart_final.elf.dir/Core/Src/tim.c.obj
 .debug_line    0x00001c9d       0xc0 CMakeFiles/.SlowStart_final.elf.dir/Core/Startup/startup_stm32f103c6tx.s.obj
 .debug_line    0x00001d5d      0x8df CMakeFiles/.SlowStart_final.elf.dir/Drivers/BSP/slowStart.c.obj
 .debug_line    0x0000263c      0x60e CMakeFiles/.SlowStart_final.elf.dir/Drivers/STM32F1xx_HAL_Driver/Src/stm32f1xx_hal.c.obj
 .debug_line    0x00002c4a     0x116d CMakeFiles/.SlowStart_final.elf.dir/Drivers/STM32F1xx_HAL_Driver/Src/stm32f1xx_hal_can.c.obj
 .debug_line    0x00003db7      0x74a CMakeFiles/.SlowStart_final.elf.dir/Drivers/STM32F1xx_HAL_Driver/Src/stm32f1xx_hal_cortex.c.obj
 .debug_line    0x00004501      0x66d CMakeFiles/.SlowStart_final.elf.dir/Drivers/STM32F1xx_HAL_Driver/Src/stm32f1xx_hal_gpio.c.obj
 .debug_line    0x00004b6e      0xdc0 CMakeFiles/.SlowStart_final.elf.dir/Drivers/STM32F1xx_HAL_Driver/Src/stm32f1xx_hal_rcc.c.obj
 .debug_line    0x0000592e     0x506d CMakeFiles/.SlowStart_final.elf.dir/Drivers/STM32F1xx_HAL_Driver/Src/stm32f1xx_hal_tim.c.obj
 .debug_line    0x0000a99b     0x1acf CMakeFiles/.SlowStart_final.elf.dir/Drivers/STM32F1xx_HAL_Driver/Src/stm32f1xx_hal_tim_ex.c.obj

.debug_str      0x00000000     0x3a61
 .debug_str     0x00000000      0xa6f CMakeFiles/.SlowStart_final.elf.dir/Core/Src/can.c.obj
                                0xb1f (size before relaxing)
 .debug_str     0x00000a6f       0x88 CMakeFiles/.SlowStart_final.elf.dir/Core/Src/gpio.c.obj
                                0x2f3 (size before relaxing)
 .debug_str     0x00000af7      0x6d4 CMakeFiles/.SlowStart_final.elf.dir/Core/Src/main.c.obj
                                0xc5e (size before relaxing)
 .debug_str     0x000011cb       0x8a CMakeFiles/.SlowStart_final.elf.dir/Core/Src/stm32f1xx_hal_msp.c.obj
                                0x295 (size before relaxing)
 .debug_str     0x00001255      0x179 CMakeFiles/.SlowStart_final.elf.dir/Core/Src/stm32f1xx_it.c.obj
                                0xa6c (size before relaxing)
 .debug_str     0x000013ce       0xb8 CMakeFiles/.SlowStart_final.elf.dir/Core/Src/system_stm32f1xx.c.obj
                                0x2ca (size before relaxing)
 .debug_str     0x00001486      0x2d6 CMakeFiles/.SlowStart_final.elf.dir/Core/Src/tim.c.obj
                                0xd61 (size before relaxing)
 .debug_str     0x0000175c       0x70 CMakeFiles/.SlowStart_final.elf.dir/Core/Startup/startup_stm32f103c6tx.s.obj
                                 0xbf (size before relaxing)
 .debug_str     0x000017cc      0x1fe CMakeFiles/.SlowStart_final.elf.dir/Drivers/BSP/slowStart.c.obj
                                0xf1e (size before relaxing)
 .debug_str     0x000019ca      0x33e CMakeFiles/.SlowStart_final.elf.dir/Drivers/STM32F1xx_HAL_Driver/Src/stm32f1xx_hal.c.obj
                                0x860 (size before relaxing)
 .debug_str     0x00001d08      0x3df CMakeFiles/.SlowStart_final.elf.dir/Drivers/STM32F1xx_HAL_Driver/Src/stm32f1xx_hal_can.c.obj
                                0xab4 (size before relaxing)
 .debug_str     0x000020e7      0x3b0 CMakeFiles/.SlowStart_final.elf.dir/Drivers/STM32F1xx_HAL_Driver/Src/stm32f1xx_hal_cortex.c.obj
                                0x90f (size before relaxing)
 .debug_str     0x00002497      0x122 CMakeFiles/.SlowStart_final.elf.dir/Drivers/STM32F1xx_HAL_Driver/Src/stm32f1xx_hal_gpio.c.obj
                                0x476 (size before relaxing)
 .debug_str     0x000025b9      0x21f CMakeFiles/.SlowStart_final.elf.dir/Drivers/STM32F1xx_HAL_Driver/Src/stm32f1xx_hal_rcc.c.obj
                                0x6a1 (size before relaxing)
 .debug_str     0x000027d8      0xddd CMakeFiles/.SlowStart_final.elf.dir/Drivers/STM32F1xx_HAL_Driver/Src/stm32f1xx_hal_tim.c.obj
                               0x16b5 (size before relaxing)
 .debug_str     0x000035b5      0x4ac CMakeFiles/.SlowStart_final.elf.dir/Drivers/STM32F1xx_HAL_Driver/Src/stm32f1xx_hal_tim_ex.c.obj
                                0xeb6 (size before relaxing)

.comment        0x00000000       0x49
 .comment       0x00000000       0x49 CMakeFiles/.SlowStart_final.elf.dir/Core/Src/can.c.obj
                                 0x4a (size before relaxing)
 .comment       0x00000049       0x4a CMakeFiles/.SlowStart_final.elf.dir/Core/Src/gpio.c.obj
 .comment       0x00000049       0x4a CMakeFiles/.SlowStart_final.elf.dir/Core/Src/main.c.obj
 .comment       0x00000049       0x4a CMakeFiles/.SlowStart_final.elf.dir/Core/Src/stm32f1xx_hal_msp.c.obj
 .comment       0x00000049       0x4a CMakeFiles/.SlowStart_final.elf.dir/Core/Src/stm32f1xx_it.c.obj
 .comment       0x00000049       0x4a CMakeFiles/.SlowStart_final.elf.dir/Core/Src/system_stm32f1xx.c.obj
 .comment       0x00000049       0x4a CMakeFiles/.SlowStart_final.elf.dir/Core/Src/tim.c.obj
 .comment       0x00000049       0x4a CMakeFiles/.SlowStart_final.elf.dir/Drivers/BSP/slowStart.c.obj
 .comment       0x00000049       0x4a CMakeFiles/.SlowStart_final.elf.dir/Drivers/STM32F1xx_HAL_Driver/Src/stm32f1xx_hal.c.obj
 .comment       0x00000049       0x4a CMakeFiles/.SlowStart_final.elf.dir/Drivers/STM32F1xx_HAL_Driver/Src/stm32f1xx_hal_can.c.obj
 .comment       0x00000049       0x4a CMakeFiles/.SlowStart_final.elf.dir/Drivers/STM32F1xx_HAL_Driver/Src/stm32f1xx_hal_cortex.c.obj
 .comment       0x00000049       0x4a CMakeFiles/.SlowStart_final.elf.dir/Drivers/STM32F1xx_HAL_Driver/Src/stm32f1xx_hal_gpio.c.obj
 .comment       0x00000049       0x4a CMakeFiles/.SlowStart_final.elf.dir/Drivers/STM32F1xx_HAL_Driver/Src/stm32f1xx_hal_rcc.c.obj
 .comment       0x00000049       0x4a CMakeFiles/.SlowStart_final.elf.dir/Drivers/STM32F1xx_HAL_Driver/Src/stm32f1xx_hal_tim.c.obj
 .comment       0x00000049       0x4a CMakeFiles/.SlowStart_final.elf.dir/Drivers/STM32F1xx_HAL_Driver/Src/stm32f1xx_hal_tim_ex.c.obj

.debug_frame    0x00000000     0x1db8
 .debug_frame   0x00000000       0xdc CMakeFiles/.SlowStart_final.elf.dir/Core/Src/can.c.obj
 .debug_frame   0x000000dc       0x38 CMakeFiles/.SlowStart_final.elf.dir/Core/Src/gpio.c.obj
 .debug_frame   0x00000114       0x58 CMakeFiles/.SlowStart_final.elf.dir/Core/Src/main.c.obj
 .debug_frame   0x0000016c       0x28 CMakeFiles/.SlowStart_final.elf.dir/Core/Src/stm32f1xx_hal_msp.c.obj
 .debug_frame   0x00000194       0xf0 CMakeFiles/.SlowStart_final.elf.dir/Core/Src/stm32f1xx_it.c.obj
 .debug_frame   0x00000284       0x30 CMakeFiles/.SlowStart_final.elf.dir/Core/Src/system_stm32f1xx.c.obj
 .debug_frame   0x000002b4       0xfc CMakeFiles/.SlowStart_final.elf.dir/Core/Src/tim.c.obj
 .debug_frame   0x000003b0       0x88 CMakeFiles/.SlowStart_final.elf.dir/Drivers/BSP/slowStart.c.obj
 .debug_frame   0x00000438      0x1d4 CMakeFiles/.SlowStart_final.elf.dir/Drivers/STM32F1xx_HAL_Driver/Src/stm32f1xx_hal.c.obj
 .debug_frame   0x0000060c      0x308 CMakeFiles/.SlowStart_final.elf.dir/Drivers/STM32F1xx_HAL_Driver/Src/stm32f1xx_hal_can.c.obj
 .debug_frame   0x00000914      0x128 CMakeFiles/.SlowStart_final.elf.dir/Drivers/STM32F1xx_HAL_Driver/Src/stm32f1xx_hal_cortex.c.obj
 .debug_frame   0x00000a3c       0xec CMakeFiles/.SlowStart_final.elf.dir/Drivers/STM32F1xx_HAL_Driver/Src/stm32f1xx_hal_gpio.c.obj
 .debug_frame   0x00000b28      0x190 CMakeFiles/.SlowStart_final.elf.dir/Drivers/STM32F1xx_HAL_Driver/Src/stm32f1xx_hal_rcc.c.obj
 .debug_frame   0x00000cb8      0xb1c CMakeFiles/.SlowStart_final.elf.dir/Drivers/STM32F1xx_HAL_Driver/Src/stm32f1xx_hal_tim.c.obj
 .debug_frame   0x000017d4      0x3f8 CMakeFiles/.SlowStart_final.elf.dir/Drivers/STM32F1xx_HAL_Driver/Src/stm32f1xx_hal_tim_ex.c.obj
 .debug_frame   0x00001bcc       0x2c d:/gcc-ar~1.10/102021~1.10/bin/../lib/gcc/arm-none-eabi/10.3.1/../../../../arm-none-eabi/lib/thumb/v7-m/nofp\libg.a(lib_a-init.o)
 .debug_frame   0x00001bf8       0x2c d:/gcc-ar~1.10/102021~1.10/bin/../lib/gcc/arm-none-eabi/10.3.1/../../../../arm-none-eabi/lib/thumb/v7-m/nofp\libg.a(lib_a-memset.o)
 .debug_frame   0x00001c24       0x5c d:/gcc-ar~1.10/102021~1.10/bin/../lib/gcc/arm-none-eabi/10.3.1/../../../../arm-none-eabi/lib/thumb/v7-m/nofp\libg.a(lib_a-__call_atexit.o)
 .debug_frame   0x00001c80       0x20 d:/gcc-ar~1.10/102021~1.10/bin/../lib/gcc/arm-none-eabi/10.3.1/../../../../arm-none-eabi/lib/thumb/v7-m/nofp\libg.a(lib_a-atexit.o)
 .debug_frame   0x00001ca0       0x34 d:/gcc-ar~1.10/102021~1.10/bin/../lib/gcc/arm-none-eabi/10.3.1/../../../../arm-none-eabi/lib/thumb/v7-m/nofp\libg.a(lib_a-fini.o)
 .debug_frame   0x00001cd4       0xb0 d:/gcc-ar~1.10/102021~1.10/bin/../lib/gcc/arm-none-eabi/10.3.1/../../../../arm-none-eabi/lib/thumb/v7-m/nofp\libg.a(lib_a-lock.o)
 .debug_frame   0x00001d84       0x34 d:/gcc-ar~1.10/102021~1.10/bin/../lib/gcc/arm-none-eabi/10.3.1/../../../../arm-none-eabi/lib/thumb/v7-m/nofp\libg.a(lib_a-__atexit.o)
